BL51 BANKED LINKER/LOCATER V6.22.4.0                                                    07/10/2025  13:52:22  PAGE 1


BL51 BANKED LINKER/LOCATER V6.22.4.0, INVOKED BY:
C:\KEIL_V5\C51\BIN\BL51.EXE .\Release\Objects\STARTUP.obj, .\Release\Objects\system.obj, .\Release\Objects\tk_debug.obj,
>>  .\Release\Objects\tk_set.obj, .\Release\Objects\main.obj, .\Release\Objects\tk_user.obj, .\Release\Objects\my_gpio.o
>> bj, .\Release\Objects\send_key.obj, .\Release\Objects\flash.obj, .\Release\Objects\rf_learn.obj, .\Release\Objects\rf
>> _recv.obj, .\Release\Objects\tmr3.obj, .\Release\Objects\rf_scan.obj, .\Release\Objects\tmr2.obj, .\Release\Objects\k
>> ey_conversion.obj, .\Release\Objects\tmr4.obj, .\Release\Objects\timer0.obj, ..\..\User\lib\tk_simplify_algorithm_V1.
>> 0.0.LIB TO .\Release\Objects\Demo PRINT (.\Release\Listings\Demo.m51) RAMSIZE (256) CODE (0X0000-0X3EEF) XDATA (0X600
>> 0-0X66FF)


MEMORY MODEL: LARGE


INPUT MODULES INCLUDED:
  .\Release\Objects\STARTUP.obj (?C_STARTUP)
  .\Release\Objects\system.obj (SYSTEM)
  .\Release\Objects\tk_debug.obj (TK_DEBUG)
  .\Release\Objects\tk_set.obj (TK_SET)
  .\Release\Objects\main.obj (MAIN)
  .\Release\Objects\tk_user.obj (TK_USER)
  .\Release\Objects\my_gpio.obj (MY_GPIO)
  .\Release\Objects\send_key.obj (SEND_KEY)
  .\Release\Objects\flash.obj (FLASH)
  .\Release\Objects\rf_learn.obj (RF_LEARN)
  .\Release\Objects\rf_recv.obj (RF_RECV)
  .\Release\Objects\tmr3.obj (TMR3)
  .\Release\Objects\rf_scan.obj (RF_SCAN)
  .\Release\Objects\tmr2.obj (TMR2)
  .\Release\Objects\key_conversion.obj (KEY_CONVERSION)
  .\Release\Objects\tmr4.obj (TMR4)
  .\Release\Objects\timer0.obj (TIMER0)
  ..\..\User\lib\tk_simplify_algorithm_V1.0.0.LIB (TK_LIB)
  C:\KEIL_V5\C51\LIB\C51L.LIB (?C_INIT)
  C:\KEIL_V5\C51\LIB\C51L.LIB (?C?CLDPTR)
  C:\KEIL_V5\C51\LIB\C51L.LIB (?C?CSTPTR)
  C:\KEIL_V5\C51\LIB\C51L.LIB (?C?IILDX)
  C:\KEIL_V5\C51\LIB\C51L.LIB (?C?LADD)
  C:\KEIL_V5\C51\LIB\C51L.LIB (?C?LNOT)
  C:\KEIL_V5\C51\LIB\C51L.LIB (?C?LNEG)
  C:\KEIL_V5\C51\LIB\C51L.LIB (?C?SLCMP)
  C:\KEIL_V5\C51\LIB\C51L.LIB (?C?ULCMP)
  C:\KEIL_V5\C51\LIB\C51L.LIB (?C?ULSHR)
  C:\KEIL_V5\C51\LIB\C51L.LIB (?C?LSHL)
  C:\KEIL_V5\C51\LIB\C51L.LIB (?C?LLDOPTR)
  C:\KEIL_V5\C51\LIB\C51L.LIB (?C?LSTPTR)
  C:\KEIL_V5\C51\LIB\C51L.LIB (?C?LLDXDATA)
  C:\KEIL_V5\C51\LIB\C51L.LIB (?C?LLDCODE)
  C:\KEIL_V5\C51\LIB\C51L.LIB (?C?LLDXDATA0)
  C:\KEIL_V5\C51\LIB\C51L.LIB (?C?LSTXDATA)
  C:\KEIL_V5\C51\LIB\C51L.LIB (?C?LSTKXDATA)
  C:\KEIL_V5\C51\LIB\C51L.LIB (?C?OFFXADD)
  C:\KEIL_V5\C51\LIB\C51L.LIB (?C?PLDXDATA)
  C:\KEIL_V5\C51\LIB\C51L.LIB (?C?PLDIXDATA)
  C:\KEIL_V5\C51\LIB\C51L.LIB (?C?PSTXDATA)
  C:\KEIL_V5\C51\LIB\C51L.LIB (?C?CCASE)
  C:\KEIL_V5\C51\LIB\C51L.LIB (?C?LCASE)
  C:\KEIL_V5\C51\LIB\C51L.LIB (?C?ICALL)
  C:\KEIL_V5\C51\LIB\C51L.LIB (?C?LLDIDATA)
BL51 BANKED LINKER/LOCATER V6.22.4.0                                                  07/10/2025  13:52:22  PAGE 2


  C:\KEIL_V5\C51\LIB\C51L.LIB (?C?LLDPDATA)
  C:\KEIL_V5\C51\LIB\C51L.LIB (?C?LSTIDATA)
  C:\KEIL_V5\C51\LIB\C51L.LIB (?C?LSTPDATA)


LINK MAP OF MODULE:  .\Release\Objects\Demo (?C_STARTUP)


            TYPE    BASE      LENGTH    RELOCATION   SEGMENT NAME
            -----------------------------------------------------

            * * * * * * *   D A T A   M E M O R Y   * * * * * * *
            REG     0000H     0008H     ABSOLUTE     "REG BANK 0"
            DATA    0008H     0004H     ABSOLUTE     
            DATA    000CH     0004H     ABSOLUTE     
            DATA    0010H     0004H     ABSOLUTE     
            DATA    0014H     0004H     ABSOLUTE     
            DATA    0018H     0004H     ABSOLUTE     
            DATA    001CH     0004H     ABSOLUTE     
            BIT     0020H.0   0000H.2   UNIT         ?BI?TK_LIB
            BIT     0020H.2   0000H.1   UNIT         ?BI?TIMER0
            BIT     0020H.3   0000H.1   UNIT         _BIT_GROUP_
                    0020H.4   0000H.4                *** GAP ***
            DATA    0021H     0008H     UNIT         _DATA_GROUP_
                    0029H     0007H                  *** GAP ***
            DATA    0030H     0004H     ABSOLUTE     
            DATA    0034H     0004H     ABSOLUTE     
            DATA    0038H     0004H     ABSOLUTE     
            DATA    003CH     0004H     ABSOLUTE     
                    0040H     0010H                  *** GAP ***
            DATA    0050H     0002H     ABSOLUTE     
            DATA    0052H     0002H     ABSOLUTE     
            DATA    0054H     0002H     ABSOLUTE     
                    0056H     000AH                  *** GAP ***
            DATA    0060H     0001H     ABSOLUTE     
            DATA    0061H     0001H     ABSOLUTE     
            DATA    0062H     0001H     ABSOLUTE     
            DATA    0063H     0001H     ABSOLUTE     
            DATA    0064H     0001H     ABSOLUTE     
            DATA    0065H     0001H     ABSOLUTE     
            DATA    0066H     0001H     ABSOLUTE     
            IDATA   0067H     0001H     UNIT         ?STACK

            * * * * * * *  X D A T A   M E M O R Y  * * * * * * *
                    0000H     6000H                  *** GAP ***
            XDATA   6000H     000CH     ABSOLUTE     
            XDATA   600CH     000CH     ABSOLUTE     
            XDATA   6018H     000CH     ABSOLUTE     
            XDATA   6024H     000CH     UNIT         ?XD?RF_LEARN
            XDATA   6030H     000CH     ABSOLUTE     
            XDATA   603CH     000CH     ABSOLUTE     
            XDATA   6048H     0394H     UNIT         ?XD?TK_LIB
            XDATA   63DCH     0066H     UNIT         ?XD?RF_RECV
            XDATA   6442H     0048H     UNIT         ?XD?TK_SET
            XDATA   648AH     003DH     UNIT         _XDATA_GROUP_
            XDATA   64C7H     000EH     UNIT         ?XD?TIMER0
            XDATA   64D5H     000DH     UNIT         ?XD?TK_USER
BL51 BANKED LINKER/LOCATER V6.22.4.0                                                  07/10/2025  13:52:22  PAGE 3


            XDATA   64E2H     0007H     UNIT         ?XD?RF_SCAN
            XDATA   64E9H     0006H     UNIT         ?XD?SEND_KEY
            XDATA   64EFH     0005H     UNIT         ?XD?TMR2
            XDATA   64F4H     0004H     UNIT         ?XD?FLASH_TEST?FLASH
            XDATA   64F8H     0004H     UNIT         ?XD?SHOW_ADDR_INFO_SAVE_BY_NUMS?RF_LEARN
            XDATA   64FCH     0004H     UNIT         ?XD?TMR3
            XDATA   6500H     0004H     UNIT         ?XD?TMR4
            XDATA   6504H     0003H     UNIT         ?XD?RF_RECV?RF_RECV

            * * * * * * *   C O D E   M E M O R Y   * * * * * * *
            CODE    0000H     0003H     ABSOLUTE     
            CODE    0003H     000CH     ABSOLUTE     
            CODE    000FH     000DH     UNIT         ?PR?RFIN_INIT?RF_RECV
                    001CH     0002H                  *** GAP ***
            CODE    001EH     0003H     ABSOLUTE     
            CODE    0021H     0003H     ABSOLUTE     
            CODE    0024H     0003H     ABSOLUTE     
            CODE    0027H     0003H     ABSOLUTE     
            CODE    002AH     0003H     ABSOLUTE     
            CODE    002DH     0012H     UNIT         ?PR?OUTPUT_PIN_INIT?MY_GPIO
            CODE    003FH     0003H     ABSOLUTE     
            CODE    0042H     001BH     UNIT         ?PR?_DELAY_MS?SYSTEM
            CODE    005DH     0003H     ABSOLUTE     
            CODE    0060H     05E4H     UNIT         ?PR?USER_HANDLE?TK_USER
            CODE    0644H     033FH     UNIT         ?PR?__TK_DATA_PROCESS?TK_LIB
            CODE    0983H     028BH     UNIT         ?PR?RF_LEARN?RF_LEARN
            CODE    0C0EH     0252H     UNIT         ?PR?RF_SCAN?RF_SCAN
            CODE    0E60H     0252H     UNIT         ?PR?___TK_MODE_CARRY_FUNC?TK_LIB
            CODE    10B2H     0230H     UNIT         ?C?LIB_CODE
            CODE    12E2H     01BEH     UNIT         ?PR?TIMR0_IRQHANDLER?TIMER0
            CODE    14A0H     01B9H     UNIT         ?PR?__TK_BUTTON_DECIDE?TK_LIB
            CODE    1659H     01B5H     UNIT         ?PR?___TK_LIB_I_ADJUST?TK_LIB
            CODE    180EH     0190H     UNIT         ?PR?_KEY_TO_FUNVAL?KEY_CONVERSION
            CODE    199EH     015FH     UNIT         ?PR?_APPEAR_THEMOST?RF_RECV
            CODE    1AFDH     013CH     UNIT         ?PR?TK_GPIO_CONFIG?TK_SET
            CODE    1C39H     0115H     UNIT         ?C_INITSEG
            CODE    1D4EH     0107H     UNIT         ?PR?RF_LEARN
            CODE    1E55H     00F0H     UNIT         ?PR?TIMR1_IRQHANDLER?SEND_KEY
            CODE    1F45H     00DCH     UNIT         ?PR?SYSTEM_INIT?SYSTEM
            CODE    2021H     009BH     UNIT         ?PR?__TK_LIB_INIT?TK_LIB
            CODE    20BCH     009AH     UNIT         ?C_C51STARTUP
            CODE    2156H     0093H     UNIT         ?PR?__TK_BASELINE_INIT?TK_LIB
            CODE    21E9H     0092H     UNIT         ?PR?TK_PARAM_INIT?TK_SET
            CODE    227BH     0084H     UNIT         ?PR?___TK_SET_NEXT_CH?TK_LIB
            CODE    22FFH     007FH     UNIT         ?PR?TIMR2_IRQHANDLER?TMR2
            CODE    237EH     007EH     UNIT         ?PR?__TK_BASELINE_UPDATE?TK_LIB
            CODE    23FCH     007EH     UNIT         ?PR?__TK_LONG_KEY_CLEAR?TK_LIB
            CODE    247AH     0075H     UNIT         ?PR?__TK_HANDLER?TK_LIB
            CODE    24EFH     0063H     UNIT         ?PR?RF_SCAN
            CODE    2552H     0062H     UNIT         ?PR?__TK_I_SOURCE_ADJUST?TK_LIB
            CODE    25B4H     0054H     UNIT         ?PR?_SEND_KEYVAL?SEND_KEY
            CODE    2608H     0050H     UNIT         ?PR?TIMR3_IRQHANDLER?TMR3
            CODE    2658H     004FH     UNIT         ?PR?TK_INIT?TK_SET
            CODE    26A7H     004DH     UNIT         ?PR?TIMR4_IRQHANDLER?TMR4
            CODE    26F4H     0046H     UNIT         ?PR?WUT_IRQHANDLER?TK_SET
            CODE    273AH     0045H     UNIT         ?PR?TK_IRQHANDLER?TK_SET
            CODE    277FH     0044H     UNIT         ?PR?TK_USER
BL51 BANKED LINKER/LOCATER V6.22.4.0                                                  07/10/2025  13:52:22  PAGE 4


            CODE    27C3H     0040H     UNIT         ?PR?FLASH_TEST?FLASH
            CODE    2803H     003EH     UNIT         ?PR?RF_RECV_DATABUF?RF_RECV
            CODE    2841H     003DH     UNIT         ?PR?TMR3_CONFIG?TMR3
            CODE    287EH     003DH     UNIT         ?PR?TMR2_CONFIG?TMR2
            CODE    28BBH     003DH     UNIT         ?PR?__TK_MODE_CONFIG?TK_LIB
            CODE    28F8H     003CH     UNIT         ?PR?_FLASH_WRITE?FLASH
            CODE    2934H     003BH     UNIT         ?PR?RF_RECV
            CODE    296FH     003AH     UNIT         ?PR?SEND_KEYVAL_TIMER_INIT?SEND_KEY
            CODE    29A9H     003AH     UNIT         ?PR?SHOW_ADDR_INFO_SAVE_BY_NUMS?RF_LEARN
            CODE    29E3H     0039H     UNIT         ?PR?TIMER0
            CODE    2A1CH     0037H     UNIT         ?PR?_FLASH_READ?FLASH
            CODE    2A53H     0037H     UNIT         ?PR?RF_ADDR_ISMATCH?RF_LEARN
            CODE    2A8AH     0031H     UNIT         ?PR?TK_HANDLE?TK_SET
            CODE    2ABBH     002EH     UNIT         ?CO?TK_SET
            CODE    2AE9H     0020H     UNIT         ?PR?__TK_SCAN?TK_LIB
            CODE    2B09H     001DH     UNIT         ?PR?P12_OUTPUT_CONFIG?MY_GPIO
            CODE    2B26H     001DH     UNIT         ?PR?P01_OUTPUT_CONFIG?MY_GPIO
            CODE    2B43H     001DH     UNIT         ?PR?P26_OUTPUT_CONFIG?MY_GPIO
            CODE    2B60H     001BH     UNIT         ?PR?TIMER0_CONFIG?TIMER0
            CODE    2B7BH     001AH     UNIT         ?PR?RF_RECV?RF_RECV
            CODE    2B95H     0018H     UNIT         ?PR?TK_SET
            CODE    2BADH     0018H     UNIT         ?PR?SEND_KEYVAL_PIN_INIT?SEND_KEY
            CODE    2BC5H     0018H     UNIT         ?PR?TMR4_CONFIG?TMR4
            CODE    2BDDH     0017H     UNIT         ?PR?_SEND_STATUS_KEYVAL?SEND_KEY
            CODE    2BF4H     0016H     UNIT         ?PR?_FLASH_ERASE_SECTOR?FLASH
            CODE    2C0AH     0013H     UNIT         ?PR?MAIN?MAIN
            CODE    2C1DH     0011H     UNIT         ?PR?TMR3_DISABLE?TMR3
            CODE    2C2EH     0011H     UNIT         ?PR?TMR2_DISABLE?TMR2
            CODE    2C3FH     0010H     UNIT         ?PR?TMR1_DISABLE?SEND_KEY
            CODE    2C4FH     000DH     UNIT         ?PR?TOUCH_CNT_DOWN_CLEAR?TIMER0
            CODE    2C5CH     000BH     UNIT         ?PR?_DELAY?SYSTEM
            CODE    2C67H     000AH     UNIT         ?PR?TMR1_ENABLE?SEND_KEY
            CODE    2C71H     000AH     UNIT         ?PR?TMR3_ENABLE?TMR3
            CODE    2C7BH     000AH     UNIT         ?PR?TMR2_ENABLE?TMR2
            CODE    2C85H     0009H     UNIT         ?PR?TMR3
            CODE    2C8EH     0009H     UNIT         ?PR?TMR2
            CODE    2C97H     0008H     UNIT         ?PR?SEND_KEY
            CODE    2C9FH     0007H     UNIT         ?PR?TMR4_DISABLE?TMR4
            CODE    2CA6H     0005H     UNIT         ?PR?__TK_MS_HANDLER?TK_LIB
            CODE    2CABH     0004H     UNIT         ?PR?TMR4_ENABLE?TMR4



OVERLAY MAP OF MODULE:   .\Release\Objects\Demo (?C_STARTUP)


SEGMENT                                             BIT_GROUP          DATA_GROUP          XDATA_GROUP
  +--> CALLED SEGMENT                            START    LENGTH     START    LENGTH     START    LENGTH
--------------------------------------------------------------------------------------------------------
?C_C51STARTUP                                    -----    -----      -----    -----      -----    -----
  +--> ?PR?MAIN?MAIN
  +--> ?C_INITSEG

?PR?MAIN?MAIN                                    -----    -----      -----    -----      -----    -----
  +--> ?PR?SYSTEM_INIT?SYSTEM
  +--> ?PR?TK_HANDLE?TK_SET

BL51 BANKED LINKER/LOCATER V6.22.4.0                                                  07/10/2025  13:52:22  PAGE 5


?PR?SYSTEM_INIT?SYSTEM                           -----    -----      -----    -----      -----    -----
  +--> ?PR?_DELAY?SYSTEM
  +--> ?PR?_DELAY_MS?SYSTEM

?PR?_DELAY_MS?SYSTEM                             -----    -----      -----    -----      -----    -----
  +--> ?PR?_DELAY?SYSTEM

?PR?TK_HANDLE?TK_SET                             -----    -----      -----    -----      -----    -----
  +--> ?PR?TIMER0_CONFIG?TIMER0
  +--> ?PR?RFIN_INIT?RF_RECV
  +--> ?PR?SEND_KEYVAL_PIN_INIT?SEND_KEY
  +--> ?PR?SEND_KEYVAL_TIMER_INIT?SEND_KEY
  +--> ?PR?TMR2_CONFIG?TMR2
  +--> ?PR?TMR3_CONFIG?TMR3
  +--> ?PR?TMR4_CONFIG?TMR4
  +--> ?PR?TK_PARAM_INIT?TK_SET
  +--> ?PR?RF_LEARN?RF_LEARN
  +--> ?PR?__TK_SCAN?TK_LIB
  +--> ?PR?USER_HANDLE?TK_USER
  +--> ?PR?RF_SCAN?RF_SCAN

?PR?SEND_KEYVAL_TIMER_INIT?SEND_KEY              -----    -----      -----    -----      -----    -----
  +--> ?PR?SEND_KEY

?PR?TMR2_CONFIG?TMR2                             -----    -----      -----    -----      -----    -----
  +--> ?PR?TMR2

?PR?TMR3_CONFIG?TMR3                             -----    -----      -----    -----      -----    -----
  +--> ?PR?TMR3

?PR?TK_PARAM_INIT?TK_SET                         -----    -----      -----    -----      -----    -----
  +--> ?CO?TK_SET
  +--> ?PR?TK_SET
  +--> ?PR?TK_GPIO_CONFIG?TK_SET
  +--> ?PR?__TK_LIB_INIT?TK_LIB
  +--> ?PR?TK_INIT?TK_SET

?PR?TK_GPIO_CONFIG?TK_SET                        -----    -----      -----    -----      -----    -----
  +--> ?PR?TK_SET

?PR?__TK_LIB_INIT?TK_LIB                         -----    -----      -----    -----      648AH    0002H
  +--> ?PR?__TK_DATA_PROCESS?TK_LIB
  +--> ?CO?TK_SET
  +--> ?PR?___TK_SET_NEXT_CH?TK_LIB

?PR?__TK_DATA_PROCESS?TK_LIB                     -----    -----      -----    -----      -----    -----
  +--> ?CO?TK_SET

?PR?RF_LEARN?RF_LEARN                            0020H.3  0000H.1    -----    -----      648AH    0014H
  +--> ?PR?TMR2_ENABLE?TMR2
  +--> ?PR?RF_RECV_DATABUF?RF_RECV
  +--> ?PR?TOUCH_CNT_DOWN_CLEAR?TIMER0
  +--> ?PR?TMR2_DISABLE?TMR2
  +--> ?PR?RF_LEARN
  +--> ?PR?_FLASH_READ?FLASH
  +--> ?PR?_APPEAR_THEMOST?RF_RECV
  +--> ?PR?_FLASH_ERASE_SECTOR?FLASH
BL51 BANKED LINKER/LOCATER V6.22.4.0                                                  07/10/2025  13:52:22  PAGE 6


  +--> ?PR?_FLASH_WRITE?FLASH

?PR?TMR2_ENABLE?TMR2                             -----    -----      -----    -----      -----    -----
  +--> ?PR?TMR2

?PR?RF_RECV_DATABUF?RF_RECV                      -----    -----      -----    -----      649EH    0004H
  +--> ?PR?RF_RECV

?PR?TMR2_DISABLE?TMR2                            -----    -----      -----    -----      -----    -----
  +--> ?PR?TMR2

?PR?_FLASH_READ?FLASH                            -----    -----      -----    -----      649EH    0005H

?PR?_APPEAR_THEMOST?RF_RECV                      -----    -----      -----    -----      649EH    0023H
  +--> ?PR?RF_RECV

?PR?_FLASH_WRITE?FLASH                           -----    -----      -----    -----      649EH    0005H

?PR?__TK_SCAN?TK_LIB                             -----    -----      -----    -----      -----    -----
  +--> ?PR?__TK_BUTTON_DECIDE?TK_LIB
  +--> ?PR?___TK_SET_NEXT_CH?TK_LIB

?PR?__TK_BUTTON_DECIDE?TK_LIB                    -----    -----      -----    -----      -----    -----
  +--> ?CO?TK_SET
  +--> ?PR?___TK_MODE_CARRY_FUNC?TK_LIB

?PR?___TK_MODE_CARRY_FUNC?TK_LIB                 -----    -----      -----    -----      6494H    0001H
  +--> ?CO?TK_SET
  +--> ?PR?__TK_BASELINE_UPDATE?TK_LIB

?PR?__TK_BASELINE_UPDATE?TK_LIB                  -----    -----      -----    -----      -----    -----
  +--> ?CO?TK_SET

?PR?USER_HANDLE?TK_USER                          -----    -----      -----    -----      648AH    000AH
  +--> ?PR?TOUCH_CNT_DOWN_CLEAR?TIMER0
  +--> ?PR?TK_USER
  +--> ?PR?_DELAY_MS?SYSTEM
  +--> ?PR?__TK_SCAN?TK_LIB
  +--> ?PR?_SEND_STATUS_KEYVAL?SEND_KEY

?PR?_SEND_STATUS_KEYVAL?SEND_KEY                 -----    -----      -----    -----      -----    -----
  +--> ?PR?_SEND_KEYVAL?SEND_KEY

?PR?_SEND_KEYVAL?SEND_KEY                        -----    -----      -----    -----      -----    -----
  +--> ?PR?TMR2_ENABLE?TMR2
  +--> ?PR?TMR2_DISABLE?TMR2
  +--> ?PR?TMR1_ENABLE?SEND_KEY
  +--> ?PR?TMR1_DISABLE?SEND_KEY
  +--> ?PR?_DELAY_MS?SYSTEM

?PR?TMR1_ENABLE?SEND_KEY                         -----    -----      -----    -----      -----    -----
  +--> ?PR?SEND_KEY

?PR?TMR1_DISABLE?SEND_KEY                        -----    -----      -----    -----      -----    -----
  +--> ?PR?SEND_KEY

?PR?RF_SCAN?RF_SCAN                              -----    -----      -----    -----      -----    -----
BL51 BANKED LINKER/LOCATER V6.22.4.0                                                  07/10/2025  13:52:22  PAGE 7


  +--> ?PR?TOUCH_CNT_DOWN_CLEAR?TIMER0
  +--> ?PR?RF_SCAN
  +--> ?PR?RF_ADDR_ISMATCH?RF_LEARN
  +--> ?PR?_KEY_TO_FUNVAL?KEY_CONVERSION
  +--> ?PR?TMR3_ENABLE?TMR3
  +--> ?PR?TMR3_DISABLE?TMR3
  +--> ?PR?TMR4_ENABLE?TMR4
  +--> ?PR?_SEND_STATUS_KEYVAL?SEND_KEY
  +--> ?PR?_DELAY_MS?SYSTEM
  +--> ?PR?TMR4_DISABLE?TMR4

?PR?RF_ADDR_ISMATCH?RF_LEARN                     -----    -----      -----    -----      648AH    0001H
  +--> ?PR?RF_LEARN

?PR?_KEY_TO_FUNVAL?KEY_CONVERSION                -----    -----      -----    -----      648AH    0006H

?PR?TMR3_ENABLE?TMR3                             -----    -----      -----    -----      -----    -----
  +--> ?PR?TMR3

?PR?TMR3_DISABLE?TMR3                            -----    -----      -----    -----      -----    -----
  +--> ?PR?TMR3

*** NEW ROOT ***************************************************

?PR?TK_IRQHANDLER?TK_SET                         -----    -----      -----    -----      -----    -----
  +--> ?PR?__TK_HANDLER?TK_LIB

?PR?__TK_HANDLER?TK_LIB                          -----    -----      -----    -----      -----    -----
  +--> ?CO?TK_SET
  +--> ?PR?__TK_MODE_CONFIG?TK_LIB
  +--> ?PR?__TK_I_SOURCE_ADJUST?TK_LIB
  +--> ?PR?__TK_BASELINE_INIT?TK_LIB
  +--> ?PR?___TK_SET_NEXT_CH?TK_LIB

?PR?__TK_MODE_CONFIG?TK_LIB                      -----    -----      -----    -----      -----    -----
  +--> ?PR?___TK_SET_NEXT_CH?TK_LIB

?PR?__TK_I_SOURCE_ADJUST?TK_LIB                  -----    -----      -----    -----      64C1H    0001H
  +--> ?CO?TK_SET
  +--> ?PR?___TK_LIB_I_ADJUST?TK_LIB
  +--> ?PR?__TK_MODE_CONFIG?TK_LIB
  +--> ?PR?___TK_SET_NEXT_CH?TK_LIB

?PR?___TK_LIB_I_ADJUST?TK_LIB                    -----    -----      0021H    0008H      64C2H    0005H
  +--> ?CO?TK_SET

?PR?__TK_BASELINE_INIT?TK_LIB                    -----    -----      -----    -----      -----    -----
  +--> ?CO?TK_SET
  +--> ?PR?___TK_SET_NEXT_CH?TK_LIB

*** NEW ROOT ***************************************************

?PR?WUT_IRQHANDLER?TK_SET                        -----    -----      -----    -----      -----    -----
  +--> ?PR?__TK_MS_HANDLER?TK_LIB

?PR?__TK_MS_HANDLER?TK_LIB                       -----    -----      -----    -----      -----    -----
  +--> ?PR?__TK_LONG_KEY_CLEAR?TK_LIB
BL51 BANKED LINKER/LOCATER V6.22.4.0                                                  07/10/2025  13:52:22  PAGE 8



?PR?__TK_LONG_KEY_CLEAR?TK_LIB                   -----    -----      -----    -----      -----    -----
  +--> ?CO?TK_SET
  +--> ?PR?__TK_BASELINE_UPDATE?TK_LIB

*** NEW ROOT ***************************************************

?PR?TIMR0_IRQHANDLER?TIMER0                      -----    -----      -----    -----      -----    -----
  +--> ?PR?TIMER0



SYMBOL TABLE OF MODULE:  .\Release\Objects\Demo (?C_STARTUP)

  VALUE           TYPE          NAME
  ----------------------------------

  -------         MODULE        ?C_STARTUP
  C:20BCH         SEGMENT       ?C_C51STARTUP
  I:0067H         SEGMENT       ?STACK
  C:0000H         PUBLIC        ?C_STARTUP
  D:00E0H         SYMBOL        ACC
  D:00F0H         SYMBOL        B
  D:0083H         SYMBOL        DPH
  D:0082H         SYMBOL        DPL
  N:0000H         SYMBOL        IBPSTACK
  N:0100H         SYMBOL        IBPSTACKTOP
  N:0080H         SYMBOL        IDATALEN
  C:20BFH         SYMBOL        IDATALOOP
  N:0000H         SYMBOL        PBPSTACK
  N:0100H         SYMBOL        PBPSTACKTOP
  N:0000H         SYMBOL        PDATALEN
  N:0000H         SYMBOL        PDATASTART
  N:0000H         SYMBOL        PPAGE
  N:0000H         SYMBOL        PPAGEENABLE
  D:00A0H         SYMBOL        PPAGE_SFR
  D:0081H         SYMBOL        SP
  C:20BCH         SYMBOL        STARTUP1
  N:0000H         SYMBOL        XBPSTACK
  N:0000H         SYMBOL        XBPSTACKTOP
  N:0700H         SYMBOL        XDATALEN
  C:20CAH         SYMBOL        XDATALOOP
  N:6000H         SYMBOL        XDATASTART
  C:0000H         LINE#         135
  C:20BCH         LINE#         142
  C:20BEH         LINE#         143
  C:20BFH         LINE#         144
  C:20C0H         LINE#         145
  C:20C2H         LINE#         149
  C:20C5H         LINE#         150
  C:20C7H         LINE#         154
  C:20C9H         LINE#         156
  C:20CAH         LINE#         157
  C:20CBH         LINE#         158
  C:20CCH         LINE#         159
  C:20CEH         LINE#         160
  C:20D0H         LINE#         194
BL51 BANKED LINKER/LOCATER V6.22.4.0                                                  07/10/2025  13:52:22  PAGE 9


  C:20D3H         LINE#         205
  -------         ENDMOD        ?C_STARTUP

  -------         MODULE        SYSTEM
  C:0000H         SYMBOL        _ICE_DUMMY_
  D:00A7H         PUBLIC        FLASH_TIMEREG0
  C:2C5CH         PUBLIC        _delay
  D:00ACH         PUBLIC        FLASH_TIMEREG1
  D:00D9H         PUBLIC        WDT_KEY
  C:1F45H         PUBLIC        system_init
  C:0042H         PUBLIC        _delay_ms
  -------         PROC          _DELAY
  D:0006H         SYMBOL        cnt
  C:2C5CH         LINE#         37
  C:2C5CH         LINE#         38
  C:2C5CH         LINE#         39
  C:2C66H         LINE#         40
  C:2C66H         LINE#         41
  C:2C66H         LINE#         42
  -------         ENDPROC       _DELAY
  -------         PROC          _DELAY_MS
  D:0002H         SYMBOL        ms
  C:0042H         LINE#         49
  C:0046H         LINE#         50
  C:0046H         LINE#         51
  C:0050H         LINE#         52
  C:0050H         LINE#         53
  C:0053H         LINE#         55
  C:005AH         LINE#         56
  C:005CH         LINE#         57
  -------         ENDPROC       _DELAY_MS
  -------         PROC          SYSTEM_INIT
  -------         DO            
  D:0007H         SYMBOL        i
  -------         ENDDO         
  C:1F45H         LINE#         64
  C:1F45H         LINE#         65
  C:1F45H         LINE#         68
  C:1F4CH         LINE#         69
  C:1F59H         LINE#         70
  C:1F5CH         LINE#         73
  C:1F5FH         LINE#         74
  C:1F65H         LINE#         75
  C:1F6BH         LINE#         76
  C:1F71H         LINE#         77
  C:1F77H         LINE#         78
  C:1F7EH         LINE#         82
  C:1F80H         LINE#         83
  C:1F80H         LINE#         84
  C:1F8DH         LINE#         85
  C:1F92H         LINE#         87
  C:2020H         LINE#         88
  -------         ENDPROC       SYSTEM_INIT
  -------         ENDMOD        SYSTEM

  -------         MODULE        TK_DEBUG
  C:0000H         SYMBOL        _ICE_DUMMY_
BL51 BANKED LINKER/LOCATER V6.22.4.0                                                  07/10/2025  13:52:22  PAGE 10


  -------         ENDMOD        TK_DEBUG

  -------         MODULE        TK_SET
  C:0000H         SYMBOL        _ICE_DUMMY_
  C:2AD0H         PUBLIC        __tk_use_num
  C:2ACAH         PUBLIC        __tk_cs_en
  C:2ACEH         PUBLIC        __tk_nm_cm_value
  C:2ACCH         PUBLIC        __tk_nm_num
  C:26F4H         PUBLIC        WUT_IRQHandler
  X:6442H         PUBLIC        __tk_i_set
  C:2ACBH         PUBLIC        __tk_tp_en
  C:2ABBH         PUBLIC        __tk_adjust_line
  X:644EH         PUBLIC        __tk_confirm_cnt
  C:2ABFH         PUBLIC        __tk_adjust_time
  C:2AC8H         PUBLIC        __tk_noise_value
  C:2AC4H         PUBLIC        __tk_valid_time
  C:2AC1H         PUBLIC        __tk_adjust_diff_valu
  C:2ACDH         PUBLIC        __tk_base_update_cnt
  X:6454H         PUBLIC        __tk_update_cnt
  C:273AH         PUBLIC        TK_IRQHandler
  C:2A8AH         PUBLIC        tk_handle
  X:645AH         PUBLIC        __tk_leave_cnt
  D:00D9H         PUBLIC        WDT_KEY
  C:2AD1H         SYMBOL        TK_CH_EN_BUG
  D:00A8H         PUBLIC        IE0
  D:00A9H         PUBLIC        IE1
  D:00AAH         PUBLIC        IE2
  D:00ABH         PUBLIC        IE3
  C:2AC3H         PUBLIC        __tk_adjust_en
  X:6460H         PUBLIC        __tk_ch_index
  D:00B8H         PUBLIC        IP0
  D:00B1H         PUBLIC        IP1
  D:00B2H         PUBLIC        IP2
  C:1AFDH         PUBLIC        tk_gpio_config
  D:00B3H         PUBLIC        IP3
  D:00B4H         PUBLIC        IP4
  D:00B5H         PUBLIC        IP5
  D:00B6H         PUBLIC        IP6
  D:00B7H         PUBLIC        IP7
  X:6000H         PUBLIC        __tk_ch_data_0
  X:600CH         PUBLIC        __tk_ch_data_1
  X:6018H         PUBLIC        __tk_ch_data_2
  X:6030H         PUBLIC        __tk_ch_data_3
  X:603CH         PUBLIC        __tk_ch_data_4
  X:6466H         PUBLIC        __tk_ch_data_5
  X:6472H         PUBLIC        __tk_ch_data_6
  C:21E9H         PUBLIC        tk_param_init
  C:2ACFH         PUBLIC        __tk_cm_valu
  C:2AC6H         PUBLIC        __tk_long_key_time
  X:647EH         PUBLIC        __tk_ch_fth
  B:00A8H.7       PUBLIC        IE_EA
  C:2658H         PUBLIC        tk_init
  C:2B95H         SYMBOL        Com0073
  C:2B95H         SYMBOL        L?0116
  C:2B95H         SYMBOL        L?0117
  C:2B97H         SYMBOL        L?0118
  C:2B9AH         SYMBOL        L?0119
BL51 BANKED LINKER/LOCATER V6.22.4.0                                                  07/10/2025  13:52:22  PAGE 11


  C:2BA3H         SYMBOL        L?0120
  C:2BA5H         SYMBOL        L?0121
  -------         PROC          COM0073
  -------         ENDPROC       COM0073
  -------         PROC          TK_GPIO_CONFIG
  -------         DO            
  D:0007H         SYMBOL        i
  -------         ENDDO         
  C:1AFDH         LINE#         275
  C:1AFDH         LINE#         276
  C:1AFDH         LINE#         277
  C:1AFFH         LINE#         279
  C:1AFFH         LINE#         280
  C:1AFFH         LINE#         282
  C:1B07H         LINE#         283
  C:1B07H         LINE#         284
  C:1B0FH         LINE#         285
  C:1B0FH         LINE#         286
  C:1B24H         LINE#         287
  C:1B34H         LINE#         288
  C:1B37H         LINE#         290
  C:1B37H         LINE#         291
  C:1B4CH         LINE#         292
  C:1B5CH         LINE#         293
  C:1B5CH         LINE#         294
  C:1B5FH         LINE#         295
  C:1B6FH         LINE#         296
  C:1B6FH         LINE#         297
  C:1B77H         LINE#         298
  C:1B77H         LINE#         299
  C:1B8EH         LINE#         300
  C:1BA0H         LINE#         301
  C:1BA3H         LINE#         303
  C:1BA3H         LINE#         304
  C:1BBAH         LINE#         305
  C:1BCCH         LINE#         306
  C:1BCCH         LINE#         307
  C:1BCFH         LINE#         309
  C:1BCFH         LINE#         310
  C:1BD7H         LINE#         311
  C:1BD7H         LINE#         312
  C:1BEEH         LINE#         313
  C:1C00H         LINE#         314
  C:1C02H         LINE#         316
  C:1C02H         LINE#         317
  C:1C19H         LINE#         318
  C:1C2FH         LINE#         319
  C:1C2FH         LINE#         320
  C:1C2FH         LINE#         321
  C:1C38H         LINE#         322
  -------         ENDPROC       TK_GPIO_CONFIG
  -------         PROC          TK_IRQHANDLER
  C:273AH         LINE#         329
  C:2757H         LINE#         331
  C:2757H         LINE#         332
  C:275DH         LINE#         333
  C:275DH         LINE#         334
BL51 BANKED LINKER/LOCATER V6.22.4.0                                                  07/10/2025  13:52:22  PAGE 12


  C:2761H         LINE#         335
  C:2764H         LINE#         336
  C:2764H         LINE#         337
  C:2764H         LINE#         338
  -------         ENDPROC       TK_IRQHANDLER
  -------         PROC          TK_INIT
  C:2658H         LINE#         345
  C:2658H         LINE#         346
  C:2658H         LINE#         347
  C:265AH         LINE#         348
  C:265DH         LINE#         349
  C:2660H         LINE#         350
  C:2667H         LINE#         351
  C:266AH         LINE#         352
  C:266FH         LINE#         353
  C:2673H         LINE#         354
  C:2678H         LINE#         355
  C:267CH         LINE#         356
  C:2681H         LINE#         357
  C:2685H         LINE#         358
  C:268AH         LINE#         359
  C:268EH         LINE#         360
  C:2691H         LINE#         361
  C:2693H         LINE#         362
  C:2695H         LINE#         363
  C:269AH         LINE#         364
  C:269EH         LINE#         365
  C:26A2H         LINE#         366
  C:26A6H         LINE#         367
  -------         ENDPROC       TK_INIT
  -------         PROC          WUT_IRQHANDLER
  C:26F4H         LINE#         374
  C:2711H         LINE#         377
  C:2711H         LINE#         379
  C:2718H         LINE#         380
  C:2718H         LINE#         381
  C:271CH         LINE#         382
  C:271FH         LINE#         383
  C:271FH         LINE#         386
  C:271FH         LINE#         387
  -------         ENDPROC       WUT_IRQHANDLER
  -------         PROC          TK_PARAM_INIT
  -------         DO            
  D:0003H         SYMBOL        i
  -------         ENDDO         
  C:21E9H         LINE#         416
  C:21E9H         LINE#         417
  C:21E9H         LINE#         418
  C:21EBH         LINE#         421
  C:21EBH         LINE#         422
  C:21EBH         LINE#         423
  C:2209H         LINE#         424
  C:222FH         LINE#         425
  C:2241H         LINE#         426
  C:2269H         LINE#         427
  C:2272H         LINE#         430
  C:2275H         LINE#         433
BL51 BANKED LINKER/LOCATER V6.22.4.0                                                  07/10/2025  13:52:22  PAGE 13


  C:2278H         LINE#         436
  -------         ENDPROC       TK_PARAM_INIT
  -------         PROC          TK_HANDLE
  C:2A8AH         LINE#         447
  C:2A8AH         LINE#         448
  C:2A8AH         LINE#         453
  C:2A8DH         LINE#         454
  C:2A90H         LINE#         458
  C:2A93H         LINE#         459
  C:2A96H         LINE#         464
  C:2A99H         LINE#         465
  C:2A9CH         LINE#         466
  C:2A9FH         LINE#         484
  C:2AA2H         LINE#         487
  C:2AA5H         LINE#         499
  C:2AA5H         LINE#         500
  C:2AA5H         LINE#         502
  C:2AA8H         LINE#         505
  C:2AABH         LINE#         507
  C:2AAEH         LINE#         509
  C:2AB1H         LINE#         510
  C:2AB1H         LINE#         511
  C:2AB3H         LINE#         513
  C:2AB6H         LINE#         518
  C:2AB6H         LINE#         528
  C:2AB9H         LINE#         529
  -------         ENDPROC       TK_HANDLE
  -------         ENDMOD        TK_SET

  -------         MODULE        MAIN
  C:0000H         SYMBOL        _ICE_DUMMY_
  C:2C0AH         PUBLIC        main
  D:00D9H         PUBLIC        WDT_KEY
  -------         PROC          MAIN
  C:2C0AH         LINE#         37
  C:2C0AH         LINE#         38
  C:2C0AH         LINE#         40
  C:2C0DH         LINE#         41
  C:2C10H         LINE#         42
  C:2C17H         LINE#         43
  C:2C1AH         LINE#         46
  -------         ENDPROC       MAIN
  -------         ENDMOD        MAIN

  -------         MODULE        TK_USER
  C:0000H         SYMBOL        _ICE_DUMMY_
  C:0060H         PUBLIC        user_handle
  X:64DEH         PUBLIC        led_data
  D:00D9H         PUBLIC        WDT_KEY
  X:64E0H         PUBLIC        display_data
  C:277FH         SYMBOL        Com007F
  C:277FH         SYMBOL        L?0128
  C:277FH         SYMBOL        L?0129
  C:2781H         SYMBOL        L?0130
  C:2782H         SYMBOL        L?0131
  C:2783H         SYMBOL        L?0132
  C:2785H         SYMBOL        L?0133
BL51 BANKED LINKER/LOCATER V6.22.4.0                                                  07/10/2025  13:52:22  PAGE 14


  C:2788H         SYMBOL        L?0134
  C:278FH         SYMBOL        L?0138
  C:278FH         SYMBOL        L?0139
  C:27A8H         SYMBOL        L?0142
  C:27A9H         SYMBOL        L?0143
  C:27ABH         SYMBOL        L?0144
  C:27B2H         SYMBOL        L?0147
  C:27B2H         SYMBOL        L?0148
  C:27BCH         SYMBOL        L?0149
  C:27BCH         SYMBOL        L?0150
  -------         PROC          COM007F
  -------         ENDPROC       COM007F
  C:04FBH         SYMBOL        L?0125
  C:053DH         SYMBOL        L?0126
  C:057FH         SYMBOL        L?0135
  C:0598H         SYMBOL        L?0136
  C:05CAH         SYMBOL        L?0137
  C:05E2H         SYMBOL        L?0140
  C:05FBH         SYMBOL        L?0141
  C:0613H         SYMBOL        L?0145
  C:062CH         SYMBOL        L?0146
  -------         PROC          USER_HANDLE
  -------         DO            
  X:648AH         SYMBOL        KeyOnOutput
  X:64D5H         SYMBOL        KeyOld
  X:64D9H         SYMBOL        long_touch_flag
  X:64DAH         SYMBOL        cnt
  X:648EH         SYMBOL        i
  X:6492H         SYMBOL        send_data
  -------         ENDDO         
  C:0060H         LINE#         543
  C:0060H         LINE#         544
  C:0060H         LINE#         545
  C:006EH         LINE#         555
  C:0078H         LINE#         557
  C:007FH         LINE#         559
  C:0091H         LINE#         560
  C:0091H         LINE#         562
  C:0094H         LINE#         563
  C:0094H         LINE#         565
  C:00BAH         LINE#         566
  C:00BAH         LINE#         568
  C:00D4H         LINE#         569
  C:00D4H         LINE#         572
  C:00DBH         LINE#         573
  C:00DEH         LINE#         575
  C:00EBH         LINE#         576
  C:00EBH         LINE#         578
  C:0104H         LINE#         579
  C:0104H         LINE#         581
  C:0104H         LINE#         584
  C:0104H         LINE#         585
  C:0104H         LINE#         586
  C:0110H         LINE#         587
  C:0110H         LINE#         588
  C:0116H         LINE#         589
  C:0118H         LINE#         590
BL51 BANKED LINKER/LOCATER V6.22.4.0                                                  07/10/2025  13:52:22  PAGE 15


  C:0118H         LINE#         591
  C:011DH         LINE#         593
  C:0129H         LINE#         594
  C:0129H         LINE#         595
  C:012FH         LINE#         596
  C:0132H         LINE#         598
  C:0132H         LINE#         600
  C:013CH         LINE#         603
  C:0144H         LINE#         604
  C:0144H         LINE#         606
  C:0156H         LINE#         607
  C:0156H         LINE#         608
  C:0156H         LINE#         609
  C:0156H         LINE#         610
  C:0159H         LINE#         612
  C:0161H         LINE#         613
  C:0161H         LINE#         616
  C:0168H         LINE#         617
  C:0168H         LINE#         618
  C:0168H         LINE#         619
  C:0168H         LINE#         620
  C:0168H         LINE#         621
  C:016BH         LINE#         622
  C:016DH         LINE#         624
  C:0172H         LINE#         630
  C:0172H         LINE#         631
  C:0178H         LINE#         634
  C:017AH         LINE#         638
  C:017DH         LINE#         639
  C:0182H         LINE#         640
  C:0182H         LINE#         642
  C:0194H         LINE#         643
  C:0194H         LINE#         644
  C:0194H         LINE#         645
  C:0194H         LINE#         646
  C:0197H         LINE#         648
  C:019CH         LINE#         649
  C:019CH         LINE#         652
  C:01A3H         LINE#         653
  C:01A3H         LINE#         654
  C:01A3H         LINE#         655
  C:01A3H         LINE#         656
  C:01A3H         LINE#         657
  C:01A6H         LINE#         658
  C:01A8H         LINE#         660
  C:01ADH         LINE#         665
  C:01ADH         LINE#         666
  C:01B3H         LINE#         669
  C:01B5H         LINE#         673
  C:01B8H         LINE#         674
  C:01BFH         LINE#         675
  C:01BFH         LINE#         677
  C:01D1H         LINE#         678
  C:01D1H         LINE#         679
  C:01D1H         LINE#         680
  C:01D1H         LINE#         681
  C:01D4H         LINE#         683
BL51 BANKED LINKER/LOCATER V6.22.4.0                                                  07/10/2025  13:52:22  PAGE 16


  C:01DCH         LINE#         684
  C:01DCH         LINE#         687
  C:01E3H         LINE#         688
  C:01E3H         LINE#         689
  C:01E3H         LINE#         690
  C:01E3H         LINE#         691
  C:01E3H         LINE#         692
  C:01E6H         LINE#         693
  C:01E8H         LINE#         695
  C:01EDH         LINE#         700
  C:01EDH         LINE#         701
  C:01F3H         LINE#         704
  C:01F5H         LINE#         708
  C:01F8H         LINE#         709
  C:0200H         LINE#         710
  C:0200H         LINE#         712
  C:0212H         LINE#         713
  C:0212H         LINE#         714
  C:0212H         LINE#         715
  C:0212H         LINE#         716
  C:0215H         LINE#         718
  C:021DH         LINE#         719
  C:021DH         LINE#         722
  C:0224H         LINE#         723
  C:0224H         LINE#         724
  C:0224H         LINE#         725
  C:0224H         LINE#         726
  C:0224H         LINE#         727
  C:0227H         LINE#         728
  C:0229H         LINE#         730
  C:022EH         LINE#         735
  C:022EH         LINE#         736
  C:0234H         LINE#         739
  C:0236H         LINE#         743
  C:0239H         LINE#         744
  C:0242H         LINE#         745
  C:0242H         LINE#         747
  C:0254H         LINE#         748
  C:0254H         LINE#         749
  C:0254H         LINE#         750
  C:0254H         LINE#         751
  C:0257H         LINE#         753
  C:0260H         LINE#         754
  C:0260H         LINE#         757
  C:0267H         LINE#         758
  C:0267H         LINE#         759
  C:0267H         LINE#         760
  C:0267H         LINE#         761
  C:0267H         LINE#         762
  C:026AH         LINE#         763
  C:026CH         LINE#         765
  C:0271H         LINE#         770
  C:0271H         LINE#         771
  C:0277H         LINE#         774
  C:0279H         LINE#         778
  C:027CH         LINE#         779
  C:0285H         LINE#         780
BL51 BANKED LINKER/LOCATER V6.22.4.0                                                  07/10/2025  13:52:22  PAGE 17


  C:0285H         LINE#         782
  C:0297H         LINE#         783
  C:0297H         LINE#         784
  C:0297H         LINE#         785
  C:0297H         LINE#         786
  C:029AH         LINE#         788
  C:02A3H         LINE#         789
  C:02A3H         LINE#         792
  C:02AAH         LINE#         793
  C:02AAH         LINE#         794
  C:02AAH         LINE#         795
  C:02AAH         LINE#         796
  C:02AAH         LINE#         797
  C:02ADH         LINE#         798
  C:02AFH         LINE#         800
  C:02B6H         LINE#         805
  C:02B6H         LINE#         806
  C:02BCH         LINE#         809
  C:02C3H         LINE#         813
  C:02C3H         LINE#         814
  C:02C3H         LINE#         815
  C:02C3H         LINE#         817
  C:02D7H         LINE#         818
  C:02D7H         LINE#         819
  C:02E3H         LINE#         823
  C:02EBH         LINE#         824
  C:02EBH         LINE#         826
  C:02FEH         LINE#         827
  C:02FEH         LINE#         828
  C:0302H         LINE#         832
  C:0304H         LINE#         835
  C:030EH         LINE#         836
  C:030EH         LINE#         837
  C:030EH         LINE#         838
  C:030EH         LINE#         839
  C:030EH         LINE#         840
  C:030EH         LINE#         842
  C:0313H         LINE#         843
  C:0313H         LINE#         844
  C:031DH         LINE#         845
  C:0324H         LINE#         849
  C:0324H         LINE#         850
  C:0326H         LINE#         851
  C:0326H         LINE#         852
  C:032BH         LINE#         853
  C:032BH         LINE#         855
  C:033EH         LINE#         856
  C:033EH         LINE#         857
  C:0342H         LINE#         861
  C:0344H         LINE#         864
  C:034EH         LINE#         865
  C:034EH         LINE#         866
  C:034EH         LINE#         867
  C:034EH         LINE#         868
  C:034EH         LINE#         869
  C:034EH         LINE#         871
  C:0353H         LINE#         872
BL51 BANKED LINKER/LOCATER V6.22.4.0                                                  07/10/2025  13:52:22  PAGE 18


  C:0353H         LINE#         873
  C:035DH         LINE#         874
  C:0364H         LINE#         878
  C:0364H         LINE#         879
  C:0366H         LINE#         883
  C:0366H         LINE#         884
  C:036EH         LINE#         885
  C:036EH         LINE#         887
  C:0381H         LINE#         888
  C:0381H         LINE#         891
  C:0385H         LINE#         895
  C:0387H         LINE#         898
  C:0391H         LINE#         899
  C:0391H         LINE#         900
  C:0391H         LINE#         901
  C:0391H         LINE#         902
  C:0391H         LINE#         903
  C:0391H         LINE#         905
  C:0396H         LINE#         906
  C:0396H         LINE#         907
  C:03A0H         LINE#         908
  C:03A7H         LINE#         912
  C:03A7H         LINE#         913
  C:03A9H         LINE#         917
  C:03A9H         LINE#         918
  C:03B1H         LINE#         919
  C:03B1H         LINE#         921
  C:03C4H         LINE#         922
  C:03C4H         LINE#         925
  C:03C8H         LINE#         929
  C:03CAH         LINE#         932
  C:03D4H         LINE#         933
  C:03D4H         LINE#         934
  C:03D4H         LINE#         935
  C:03D4H         LINE#         936
  C:03D4H         LINE#         937
  C:03D4H         LINE#         939
  C:03D9H         LINE#         940
  C:03D9H         LINE#         941
  C:03E3H         LINE#         942
  C:03EAH         LINE#         946
  C:03EAH         LINE#         947
  C:03ECH         LINE#         951
  C:03ECH         LINE#         952
  C:03F5H         LINE#         953
  C:03F5H         LINE#         955
  C:0408H         LINE#         956
  C:0408H         LINE#         959
  C:040CH         LINE#         963
  C:040EH         LINE#         966
  C:0418H         LINE#         967
  C:0418H         LINE#         968
  C:0418H         LINE#         969
  C:0418H         LINE#         970
  C:0418H         LINE#         971
  C:041BH         LINE#         973
  C:0426H         LINE#         974
BL51 BANKED LINKER/LOCATER V6.22.4.0                                                  07/10/2025  13:52:22  PAGE 19


  C:0426H         LINE#         975
  C:0430H         LINE#         976
  C:0437H         LINE#         980
  C:0437H         LINE#         981
  C:0439H         LINE#         985
  C:0439H         LINE#         987
  C:0445H         LINE#         988
  C:0445H         LINE#         990
  C:0458H         LINE#         991
  C:0458H         LINE#         994
  C:045CH         LINE#         998
  C:045EH         LINE#         1001
  C:0468H         LINE#         1002
  C:0468H         LINE#         1003
  C:0468H         LINE#         1004
  C:0468H         LINE#         1005
  C:0468H         LINE#         1006
  C:046BH         LINE#         1008
  C:0476H         LINE#         1009
  C:0476H         LINE#         1010
  C:0480H         LINE#         1011
  C:0487H         LINE#         1015
  C:0487H         LINE#         1016
  C:0489H         LINE#         1020
  C:0489H         LINE#         1021
  C:0489H         LINE#         1022
  C:0497H         LINE#         1023
  C:0497H         LINE#         1025
  C:04C8H         LINE#         1026
  C:04C8H         LINE#         1027
  C:04C8H         LINE#         1028
  C:04CAH         LINE#         1032
  C:04CCH         LINE#         1034
  C:04CCH         LINE#         1035
  C:04CEH         LINE#         1039
  C:04D0H         LINE#         1041
  C:04D0H         LINE#         1042
  C:04D2H         LINE#         1046
  C:04D4H         LINE#         1048
  C:04D4H         LINE#         1049
  C:04D6H         LINE#         1053
  C:04D8H         LINE#         1055
  C:04D8H         LINE#         1056
  C:04DAH         LINE#         1060
  C:04DCH         LINE#         1062
  C:04DCH         LINE#         1063
  C:04E3H         LINE#         1067
  C:04E3H         LINE#         1068
  C:04E3H         LINE#         1070
  C:04E8H         LINE#         1071
  C:04F0H         LINE#         1072
  C:04FAH         LINE#         1073
  C:04FAH         LINE#         1087
  -------         ENDPROC       USER_HANDLE
  -------         ENDMOD        TK_USER

  -------         MODULE        MY_GPIO
BL51 BANKED LINKER/LOCATER V6.22.4.0                                                  07/10/2025  13:52:22  PAGE 20


  C:0000H         SYMBOL        _ICE_DUMMY_
  B:0080H.1       PUBLIC        P01
  B:0090H.1       PUBLIC        P11
  B:0090H.2       PUBLIC        P12
  B:00A0H.6       PUBLIC        P26
  C:2B26H         PUBLIC        p01_output_config
  C:2B09H         PUBLIC        p12_output_config
  C:2B43H         PUBLIC        p26_output_config
  C:002DH         PUBLIC        output_pin_init
  -------         PROC          OUTPUT_PIN_INIT
  C:002DH         LINE#         6
  C:002DH         LINE#         7
  C:002DH         LINE#         8
  C:0033H         LINE#         9
  C:0037H         LINE#         11
  C:003CH         LINE#         14
  C:003EH         LINE#         15
  -------         ENDPROC       OUTPUT_PIN_INIT
  -------         PROC          P12_OUTPUT_CONFIG
  C:2B09H         LINE#         20
  C:2B09H         LINE#         21
  C:2B09H         LINE#         22
  C:2B0FH         LINE#         23
  C:2B13H         LINE#         25
  C:2B18H         LINE#         27
  C:2B1EH         LINE#         28
  C:2B23H         LINE#         32
  C:2B25H         LINE#         33
  -------         ENDPROC       P12_OUTPUT_CONFIG
  -------         PROC          P01_OUTPUT_CONFIG
  C:2B26H         LINE#         40
  C:2B26H         LINE#         41
  C:2B26H         LINE#         42
  C:2B2CH         LINE#         43
  C:2B30H         LINE#         45
  C:2B35H         LINE#         47
  C:2B3BH         LINE#         48
  C:2B40H         LINE#         52
  C:2B42H         LINE#         53
  -------         ENDPROC       P01_OUTPUT_CONFIG
  -------         PROC          P26_OUTPUT_CONFIG
  C:2B43H         LINE#         59
  C:2B43H         LINE#         60
  C:2B43H         LINE#         61
  C:2B49H         LINE#         62
  C:2B4DH         LINE#         64
  C:2B52H         LINE#         66
  C:2B58H         LINE#         67
  C:2B5DH         LINE#         71
  C:2B5FH         LINE#         72
  -------         ENDPROC       P26_OUTPUT_CONFIG
  -------         ENDMOD        MY_GPIO

  -------         MODULE        SEND_KEY
  C:0000H         SYMBOL        _ICE_DUMMY_
  C:1E55H         PUBLIC        TIMR1_IRQHandler
  X:64ECH         PUBLIC        send_keyval_flag
BL51 BANKED LINKER/LOCATER V6.22.4.0                                                  07/10/2025  13:52:22  PAGE 21


  C:25B4H         PUBLIC        _send_keyval
  C:2BDDH         PUBLIC        _send_status_keyval
  B:00B0H.1       PUBLIC        P31
  C:296FH         PUBLIC        send_keyval_timer_init
  D:00D9H         PUBLIC        WDT_KEY
  D:00A8H         PUBLIC        IE0
  C:2C3FH         PUBLIC        tmr1_disable
  D:00A9H         PUBLIC        IE1
  D:00AAH         PUBLIC        IE2
  D:00ABH         PUBLIC        IE3
  D:00B8H         PUBLIC        IP0
  D:00B1H         PUBLIC        IP1
  D:00B2H         PUBLIC        IP2
  D:00B3H         PUBLIC        IP3
  D:00B4H         PUBLIC        IP4
  D:00B5H         PUBLIC        IP5
  D:00B6H         PUBLIC        IP6
  D:00B7H         PUBLIC        IP7
  C:2C67H         PUBLIC        tmr1_enable
  C:2BADH         PUBLIC        send_keyval_pin_init
  X:64EDH         SYMBOL        key_val
  C:2C97H         SYMBOL        Com0068
  C:2C97H         SYMBOL        L?0105
  C:2C97H         SYMBOL        L?0106
  -------         PROC          COM0068
  -------         ENDPROC       COM0068
  -------         PROC          SEND_KEYVAL_PIN_INIT
  C:2BADH         LINE#         11
  C:2BADH         LINE#         12
  C:2BADH         LINE#         29
  C:2BB3H         LINE#         30
  C:2BB7H         LINE#         32
  C:2BBDH         LINE#         34
  C:2BC2H         LINE#         37
  C:2BC4H         LINE#         40
  -------         ENDPROC       SEND_KEYVAL_PIN_INIT
  -------         PROC          SEND_KEYVAL_TIMER_INIT
  C:296FH         LINE#         44
  C:296FH         LINE#         45
  C:296FH         LINE#         47
  C:2975H         LINE#         49
  C:297BH         LINE#         50
  C:297FH         LINE#         51
  C:2983H         LINE#         52
  C:2987H         LINE#         54
  C:298CH         LINE#         55
  C:2990H         LINE#         58
  C:2995H         LINE#         59
  C:2999H         LINE#         62
  C:299DH         LINE#         63
  C:299FH         LINE#         65
  C:299FH         LINE#         67
  C:29A5H         LINE#         70
  C:29A8H         LINE#         73
  -------         ENDPROC       SEND_KEYVAL_TIMER_INIT
  -------         PROC          TMR1_ENABLE
  C:2C67H         LINE#         76
BL51 BANKED LINKER/LOCATER V6.22.4.0                                                  07/10/2025  13:52:22  PAGE 22


  C:2C67H         LINE#         77
  C:2C67H         LINE#         79
  C:2C67H         LINE#         80
  C:2C6DH         LINE#         82
  C:2C70H         LINE#         83
  -------         ENDPROC       TMR1_ENABLE
  -------         PROC          TMR1_DISABLE
  C:2C3FH         LINE#         86
  C:2C3FH         LINE#         87
  C:2C3FH         LINE#         89
  C:2C3FH         LINE#         90
  C:2C45H         LINE#         93
  C:2C49H         LINE#         94
  C:2C4BH         LINE#         96
  C:2C4EH         LINE#         97
  -------         ENDPROC       TMR1_DISABLE
  -------         PROC          TIMR1_IRQHANDLER
  -------         DO            
  X:64E9H         SYMBOL        cur_period
  X:64EAH         SYMBOL        cur_bit
  X:64EBH         SYMBOL        last_period
  -------         ENDDO         
  C:1E55H         LINE#         100
  C:1E66H         LINE#         112
  C:1E66H         LINE#         116
  C:1E6FH         LINE#         117
  C:1E6FH         LINE#         118
  C:1E73H         LINE#         122
  C:1E7EH         LINE#         123
  C:1E7EH         LINE#         127
  C:1EA5H         LINE#         128
  C:1EA5H         LINE#         132
  C:1EB6H         LINE#         133
  C:1EB6H         LINE#         134
  C:1EB6H         LINE#         135
  C:1EB8H         LINE#         136
  C:1EBAH         LINE#         138
  C:1EBAH         LINE#         139
  C:1EBCH         LINE#         140
  C:1EBEH         LINE#         142
  C:1EBEH         LINE#         143
  C:1EC0H         LINE#         144
  C:1EC2H         LINE#         146
  C:1EC2H         LINE#         147
  C:1EC4H         LINE#         148
  C:1EC6H         LINE#         149
  C:1EC6H         LINE#         150
  C:1EC6H         LINE#         152
  C:1EC6H         LINE#         156
  C:1ED7H         LINE#         157
  C:1ED7H         LINE#         158
  C:1ED7H         LINE#         159
  C:1ED9H         LINE#         160
  C:1EDBH         LINE#         162
  C:1EDBH         LINE#         163
  C:1EDDH         LINE#         164
  C:1EDFH         LINE#         166
BL51 BANKED LINKER/LOCATER V6.22.4.0                                                  07/10/2025  13:52:22  PAGE 23


  C:1EDFH         LINE#         167
  C:1EE1H         LINE#         168
  C:1EE3H         LINE#         170
  C:1EE3H         LINE#         171
  C:1EE5H         LINE#         172
  C:1EE5H         LINE#         173
  C:1EE5H         LINE#         174
  C:1EE5H         LINE#         177
  C:1EEBH         LINE#         178
  C:1EF1H         LINE#         179
  C:1EF1H         LINE#         181
  C:1EF5H         LINE#         183
  C:1EFAH         LINE#         184
  C:1EFAH         LINE#         186
  C:1F07H         LINE#         187
  C:1F07H         LINE#         189
  C:1F09H         LINE#         190
  C:1F0FH         LINE#         191
  C:1F15H         LINE#         192
  C:1F17H         LINE#         193
  C:1F25H         LINE#         194
  C:1F25H         LINE#         196
  C:1F2AH         LINE#         197
  C:1F2EH         LINE#         198
  C:1F32H         LINE#         200
  C:1F34H         LINE#         201
  C:1F36H         LINE#         202
  C:1F36H         LINE#         203
  C:1F36H         LINE#         204
  C:1F36H         LINE#         207
  C:1F36H         LINE#         208
  -------         ENDPROC       TIMR1_IRQHANDLER
  -------         PROC          _SEND_KEYVAL
  D:0006H         SYMBOL        send_data
  C:25B4H         LINE#         211
  C:25B4H         LINE#         212
  C:25B4H         LINE#         213
  C:25BCH         LINE#         216
  C:25BEH         LINE#         219
  C:25C1H         LINE#         220
  C:25D3H         LINE#         221
  C:25D3H         LINE#         222
  C:25D6H         LINE#         223
  C:25D8H         LINE#         224
  C:25DBH         LINE#         225
  C:25E0H         LINE#         226
  C:25EAH         LINE#         228
  C:25EDH         LINE#         229
  C:25F3H         LINE#         230
  C:25F9H         LINE#         231
  C:25F9H         LINE#         232
  C:25FCH         LINE#         233
  C:25FEH         LINE#         234
  C:2601H         LINE#         236
  -------         ENDPROC       _SEND_KEYVAL
  -------         PROC          _SEND_STATUS_KEYVAL
  D:0007H         SYMBOL        status
BL51 BANKED LINKER/LOCATER V6.22.4.0                                                  07/10/2025  13:52:22  PAGE 24


  D:0001H         SYMBOL        key
  -------         DO            
  D:0004H         SYMBOL        send_data
  -------         ENDDO         
  C:2BDDH         LINE#         253
  C:2BDFH         LINE#         254
  C:2BDFH         LINE#         255
  C:2BDFH         LINE#         262
  C:2BE5H         LINE#         263
  C:2BEAH         LINE#         264
  C:2BEFH         LINE#         265
  -------         ENDPROC       _SEND_STATUS_KEYVAL
  -------         ENDMOD        SEND_KEY

  -------         MODULE        FLASH
  C:0000H         SYMBOL        _ICE_DUMMY_
  C:2A1CH         PUBLIC        _flash_read
  C:28F8H         PUBLIC        _flash_write
  D:00A4H         PUBLIC        FLASH_CON
  B:0090H.2       PUBLIC        P12
  C:27C3H         PUBLIC        flash_test
  D:00A5H         PUBLIC        FLASH_STA
  D:00D9H         PUBLIC        WDT_KEY
  D:00AEH         PUBLIC        FLASH_PASSWORD
  D:00A6H         PUBLIC        FLASH_DATA
  D:00AFH         PUBLIC        FLASH_ADDR
  C:2BF4H         PUBLIC        _flash_erase_sector
  -------         PROC          _FLASH_ERASE_SECTOR
  D:0007H         SYMBOL        addr
  C:2BF4H         LINE#         11
  C:2BF4H         LINE#         12
  C:2BF4H         LINE#         13
  C:2BF7H         LINE#         14
  C:2BF9H         LINE#         15
  C:2BFCH         LINE#         16
  C:2BFFH         LINE#         18
  C:2C04H         LINE#         19
  C:2C04H         LINE#         20
  C:2C07H         LINE#         21
  C:2C09H         LINE#         22
  -------         ENDPROC       _FLASH_ERASE_SECTOR
  -------         PROC          _FLASH_WRITE
  D:0007H         SYMBOL        addr
  X:649FH         SYMBOL        p_data
  X:64A2H         SYMBOL        len
  C:28F8H         LINE#         31
  C:28FEH         LINE#         32
  C:28FEH         LINE#         33
  C:2901H         LINE#         34
  C:2903H         LINE#         36
  C:290CH         LINE#         37
  C:290CH         LINE#         38
  C:2911H         LINE#         39
  C:2911H         LINE#         40
  C:2914H         LINE#         41
  C:2916H         LINE#         42
  C:2925H         LINE#         43
BL51 BANKED LINKER/LOCATER V6.22.4.0                                                  07/10/2025  13:52:22  PAGE 25


  C:2928H         LINE#         44
  C:292BH         LINE#         46
  C:2931H         LINE#         47
  C:2933H         LINE#         48
  -------         ENDPROC       _FLASH_WRITE
  -------         PROC          _FLASH_READ
  D:0007H         SYMBOL        addr
  X:649FH         SYMBOL        p_data
  X:64A2H         SYMBOL        len
  C:2A1CH         LINE#         57
  C:2A22H         LINE#         58
  C:2A22H         LINE#         59
  C:2A28H         LINE#         60
  C:2A28H         LINE#         61
  C:2A47H         LINE#         62
  C:2A4DH         LINE#         63
  C:2A50H         LINE#         64
  C:2A52H         LINE#         65
  -------         ENDPROC       _FLASH_READ
  -------         PROC          FLASH_TEST
  -------         DO            
  X:64F4H         SYMBOL        device_addr
  X:64F6H         SYMBOL        buf
  -------         ENDDO         
  C:27C3H         LINE#         69
  C:27C3H         LINE#         70
  C:27C3H         LINE#         71
  C:27CDH         LINE#         72
  C:27D2H         LINE#         74
  C:27D6H         LINE#         76
  C:27E5H         LINE#         78
  C:27F4H         LINE#         80
  C:2800H         LINE#         81
  C:2800H         LINE#         82
  C:2802H         LINE#         83
  C:2802H         LINE#         84
  -------         ENDPROC       FLASH_TEST
  -------         ENDMOD        FLASH

  -------         MODULE        RF_LEARN
  C:0000H         SYMBOL        _ICE_DUMMY_
  C:2A53H         PUBLIC        rf_addr_isMatch
  X:6024H         PUBLIC        addr_info
  D:00D9H         PUBLIC        WDT_KEY
  C:29A9H         PUBLIC        show_addr_info_save_by_nums
  C:0983H         PUBLIC        rf_learn
  C:1D4EH         SYMBOL        Com0032
  C:1D4EH         SYMBOL        L?0051
  C:1D87H         SYMBOL        L?0052
  C:1D8FH         SYMBOL        L?0053
  C:1D93H         SYMBOL        L?0054
  C:1D9AH         SYMBOL        L?0055
  C:1D9AH         SYMBOL        L?0056
  C:1D9DH         SYMBOL        L?0057
  C:1DB6H         SYMBOL        L?0058
  C:1DB6H         SYMBOL        L?0059
  C:1DBFH         SYMBOL        L?0060
BL51 BANKED LINKER/LOCATER V6.22.4.0                                                  07/10/2025  13:52:22  PAGE 26


  C:1DCFH         SYMBOL        L?0061
  C:1DCFH         SYMBOL        L?0062
  C:1DD2H         SYMBOL        L?0063
  C:1DD8H         SYMBOL        L?0064
  C:1DDFH         SYMBOL        L?0065
  C:1DDFH         SYMBOL        L?0066
  C:1DE2H         SYMBOL        L?0067
  C:1DF0H         SYMBOL        L?0068
  C:1DF0H         SYMBOL        L?0069
  C:1DF3H         SYMBOL        L?0070
  C:1E01H         SYMBOL        L?0071
  C:1E0AH         SYMBOL        L?0072
  C:1E1AH         SYMBOL        L?0073
  C:1E1AH         SYMBOL        L?0074
  C:1E27H         SYMBOL        L?0075
  C:1E2AH         SYMBOL        L?0076
  C:1E32H         SYMBOL        L?0077
  C:1E32H         SYMBOL        L?0078
  C:1E38H         SYMBOL        L?0079
  C:1E44H         SYMBOL        L?0080
  C:1E44H         SYMBOL        L?0081
  C:1E4BH         SYMBOL        L?0082
  -------         PROC          COM0032
  -------         ENDPROC       COM0032
  -------         PROC          RF_LEARN
  -------         DO            
  X:648AH         SYMBOL        appear_themost_ele
  X:648EH         SYMBOL        i
  X:6492H         SYMBOL        j
  B:0020H.3       SYMBOL        isSpare
  X:6496H         SYMBOL        temp
  X:649AH         SYMBOL        the_oldest_index
  -------         ENDDO         
  C:0983H         LINE#         21
  C:0983H         LINE#         22
  C:0983H         LINE#         23
  C:098DH         LINE#         25
  C:0997H         LINE#         26
  C:09A1H         LINE#         28
  C:09A3H         LINE#         30
  C:09ADH         LINE#         31
  C:09B7H         LINE#         34
  C:09BAH         LINE#         36
  C:09C2H         LINE#         37
  C:09C2H         LINE#         38
  C:09C5H         LINE#         39
  C:09C8H         LINE#         42
  C:09CBH         LINE#         43
  C:09CDH         LINE#         46
  C:09D0H         LINE#         47
  C:09D5H         LINE#         48
  C:09DFH         LINE#         51
  C:09E8H         LINE#         54
  C:09F1H         LINE#         55
  C:09F1H         LINE#         56
  C:09F3H         LINE#         58
  C:0A1AH         LINE#         61
BL51 BANKED LINKER/LOCATER V6.22.4.0                                                  07/10/2025  13:52:22  PAGE 27


  C:0A2CH         LINE#         62
  C:0A2CH         LINE#         64
  C:0A2CH         LINE#         71
  C:0A41H         LINE#         72
  C:0A41H         LINE#         73
  C:0A68H         LINE#         74
  C:0A68H         LINE#         90
  C:0A68H         LINE#         91
  C:0A68H         LINE#         93
  C:0A6DH         LINE#         94
  C:0A6DH         LINE#         96
  C:0A73H         LINE#         97
  C:0A75H         LINE#         98
  C:0A82H         LINE#         99
  C:0A82H         LINE#         101
  C:0A87H         LINE#         102
  C:0A87H         LINE#         105
  C:0A96H         LINE#         106
  C:0A96H         LINE#         107
  C:0AABH         LINE#         108
  C:0AABH         LINE#         109
  C:0AB1H         LINE#         110
  C:0AB1H         LINE#         111
  C:0AB6H         LINE#         114
  C:0AB6H         LINE#         115
  C:0AB9H         LINE#         119
  C:0AB9H         LINE#         120
  C:0AC5H         LINE#         124
  C:0ADAH         LINE#         125
  C:0ADAH         LINE#         126
  C:0AF0H         LINE#         127
  C:0AF0H         LINE#         129
  C:0AF0H         LINE#         130
  C:0AF0H         LINE#         132
  C:0AF5H         LINE#         133
  C:0AF5H         LINE#         135
  C:0AFBH         LINE#         136
  C:0AFDH         LINE#         137
  C:0B05H         LINE#         138
  C:0B05H         LINE#         140
  C:0B0AH         LINE#         141
  C:0B0AH         LINE#         144
  C:0B19H         LINE#         145
  C:0B19H         LINE#         146
  C:0B2EH         LINE#         147
  C:0B2EH         LINE#         148
  C:0B34H         LINE#         149
  C:0B34H         LINE#         150
  C:0B39H         LINE#         152
  C:0B3BH         LINE#         153
  C:0B3DH         LINE#         154
  C:0B3DH         LINE#         155
  C:0B43H         LINE#         158
  C:0B49H         LINE#         159
  C:0B49H         LINE#         161
  C:0B5EH         LINE#         162
  C:0B5EH         LINE#         163
BL51 BANKED LINKER/LOCATER V6.22.4.0                                                  07/10/2025  13:52:22  PAGE 28


  C:0B6CH         LINE#         164
  C:0B6CH         LINE#         165
  C:0B78H         LINE#         166
  C:0B81H         LINE#         167
  C:0B81H         LINE#         168
  C:0B86H         LINE#         170
  C:0BA5H         LINE#         171
  C:0BADH         LINE#         173
  C:0BB2H         LINE#         174
  C:0BB2H         LINE#         176
  C:0BBBH         LINE#         177
  C:0BBDH         LINE#         178
  C:0BC5H         LINE#         179
  C:0BC5H         LINE#         181
  C:0BCDH         LINE#         182
  C:0BCDH         LINE#         185
  C:0BDCH         LINE#         186
  C:0BDCH         LINE#         187
  C:0BF4H         LINE#         188
  C:0BF4H         LINE#         189
  C:0BFAH         LINE#         190
  C:0BFAH         LINE#         191
  C:0BFFH         LINE#         192
  C:0BFFH         LINE#         195
  C:0C04H         LINE#         196
  C:0C0DH         LINE#         197
  C:0C0DH         LINE#         198
  -------         ENDPROC       RF_LEARN
  -------         PROC          RF_ADDR_ISMATCH
  -------         DO            
  X:648AH         SYMBOL        i
  -------         ENDDO         
  C:2A53H         LINE#         203
  C:2A53H         LINE#         204
  C:2A53H         LINE#         205
  C:2A58H         LINE#         206
  C:2A63H         LINE#         207
  C:2A63H         LINE#         208
  C:2A7CH         LINE#         209
  C:2A7CH         LINE#         210
  C:2A7FH         LINE#         211
  C:2A7FH         LINE#         212
  C:2A87H         LINE#         214
  C:2A89H         LINE#         215
  -------         ENDPROC       RF_ADDR_ISMATCH
  -------         PROC          SHOW_ADDR_INFO_SAVE_BY_NUMS
  -------         DO            
  X:64F8H         SYMBOL        i
  -------         ENDDO         
  C:29A9H         LINE#         218
  C:29A9H         LINE#         219
  C:29A9H         LINE#         222
  C:29BEH         LINE#         223
  C:29BEH         LINE#         224
  C:29CBH         LINE#         225
  C:29D4H         LINE#         226
  C:29E2H         LINE#         227
BL51 BANKED LINKER/LOCATER V6.22.4.0                                                  07/10/2025  13:52:22  PAGE 29


  -------         ENDPROC       SHOW_ADDR_INFO_SAVE_BY_NUMS
  -------         ENDMOD        RF_LEARN

  -------         MODULE        RF_RECV
  C:0000H         SYMBOL        _ICE_DUMMY_
  C:2803H         PUBLIC        rf_recv_databuf
  X:63DCH         SYMBOL        tmr0_cnt
  X:63E0H         SYMBOL        high_level_time
  C:000FH         PUBLIC        rfin_init
  X:63E4H         PUBLIC        rf_data_buf_overflow
  X:63E5H         SYMBOL        recv_bit_flag
  X:63E7H         PUBLIC        rf_data
  X:63EBH         SYMBOL        low_level_time
  C:199EH         PUBLIC        _appear_themost
  X:63EFH         PUBLIC        recv_rf_flag
  C:2B7BH         PUBLIC        rf_recv
  X:63F1H         SYMBOL        rf_data_buf_index
  X:63F2H         PUBLIC        rf_data_buf
  C:2934H         SYMBOL        Com001A
  C:2934H         SYMBOL        L?0027
  C:2942H         SYMBOL        L?0028
  C:2949H         SYMBOL        L?0029
  C:295BH         SYMBOL        L?0030
  C:2968H         SYMBOL        L?0031
  C:2968H         SYMBOL        L?0032
  -------         PROC          COM001A
  -------         ENDPROC       COM001A
  -------         PROC          RFIN_INIT
  C:000FH         LINE#         43
  C:000FH         LINE#         44
  C:000FH         LINE#         63
  C:0015H         LINE#         65
  C:001BH         LINE#         108
  -------         ENDPROC       RFIN_INIT
  -------         PROC          _APPEAR_THEMOST
  X:649EH         SYMBOL        arr
  X:64A1H         SYMBOL        arr_len
  X:64A5H         SYMBOL        element
  X:64A8H         SYMBOL        index
  -------         DO            
  X:64ABH         SYMBOL        themost
  X:64AFH         SYMBOL        themost_index
  X:64B1H         SYMBOL        themost_cnt
  X:64B5H         SYMBOL        cur_element
  X:64B9H         SYMBOL        cur_element_cnt
  X:64BDH         SYMBOL        i
  X:64BFH         SYMBOL        j
  -------         ENDDO         
  C:199EH         LINE#         362
  C:19AAH         LINE#         363
  C:19AAH         LINE#         364
  C:19B4H         LINE#         365
  C:19BCH         LINE#         366
  C:19C4H         LINE#         368
  C:19CEH         LINE#         369
  C:19D8H         LINE#         371
  C:19DFH         LINE#         372
BL51 BANKED LINKER/LOCATER V6.22.4.0                                                  07/10/2025  13:52:22  PAGE 30


  C:19E3H         LINE#         375
  C:19EEH         LINE#         376
  C:19EEH         LINE#         378
  C:19EEH         LINE#         380
  C:1A00H         LINE#         381
  C:1A00H         LINE#         382
  C:1A16H         LINE#         383
  C:1A20H         LINE#         384
  C:1A2FH         LINE#         385
  C:1A2FH         LINE#         386
  C:1A4BH         LINE#         387
  C:1A4BH         LINE#         389
  C:1A64H         LINE#         390
  C:1A64H         LINE#         391
  C:1A70H         LINE#         396
  C:1A90H         LINE#         397
  C:1A90H         LINE#         398
  C:1A9CH         LINE#         399
  C:1AA8H         LINE#         400
  C:1ABCH         LINE#         401
  C:1ABCH         LINE#         402
  C:1AC9H         LINE#         405
  C:1AD1H         LINE#         406
  C:1AD1H         LINE#         407
  C:1AE0H         LINE#         408
  C:1AE0H         LINE#         410
  C:1AE8H         LINE#         411
  C:1AE8H         LINE#         412
  C:1AFCH         LINE#         413
  C:1AFCH         LINE#         417
  -------         ENDPROC       _APPEAR_THEMOST
  -------         PROC          RF_RECV_DATABUF
  -------         DO            
  X:649EH         SYMBOL        index
  -------         ENDDO         
  C:2803H         LINE#         420
  C:2803H         LINE#         421
  C:2803H         LINE#         423
  C:280DH         LINE#         426
  C:2817H         LINE#         427
  C:2817H         LINE#         429
  C:2817H         LINE#         436
  C:2832H         LINE#         445
  C:2832H         LINE#         447
  C:2839H         LINE#         448
  C:2839H         LINE#         450
  C:283BH         LINE#         451
  C:2840H         LINE#         479
  C:2840H         LINE#         480
  -------         ENDPROC       RF_RECV_DATABUF
  -------         PROC          RF_RECV
  -------         DO            
  X:6504H         SYMBOL        i
  X:6506H         SYMBOL        isMatch
  -------         ENDDO         
  C:2B7BH         LINE#         484
  C:2B7BH         LINE#         485
BL51 BANKED LINKER/LOCATER V6.22.4.0                                                  07/10/2025  13:52:22  PAGE 31


  C:2B7BH         LINE#         486
  C:2B82H         LINE#         487
  C:2B84H         LINE#         499
  C:2B8EH         LINE#         500
  C:2B8EH         LINE#         502
  C:2B8EH         LINE#         505
  C:2B94H         LINE#         585
  C:2B94H         LINE#         586
  -------         ENDPROC       RF_RECV
  -------         ENDMOD        RF_RECV

  -------         MODULE        TMR3
  C:0000H         SYMBOL        _ICE_DUMMY_
  C:2608H         PUBLIC        TIMR3_IRQHandler
  X:64FCH         PUBLIC        tmr3_cnt
  D:00A8H         PUBLIC        IE0
  D:00A9H         PUBLIC        IE1
  D:00AAH         PUBLIC        IE2
  C:2C1DH         PUBLIC        tmr3_disable
  D:00ABH         PUBLIC        IE3
  D:00B8H         PUBLIC        IP0
  D:00B1H         PUBLIC        IP1
  D:00B2H         PUBLIC        IP2
  D:00B3H         PUBLIC        IP3
  D:00B4H         PUBLIC        IP4
  D:00B5H         PUBLIC        IP5
  D:00B6H         PUBLIC        IP6
  D:00B7H         PUBLIC        IP7
  C:2C71H         PUBLIC        tmr3_enable
  C:2841H         PUBLIC        tmr3_config
  C:2C85H         SYMBOL        Com004E
  C:2C85H         SYMBOL        L?0079
  C:2C85H         SYMBOL        L?0080
  -------         PROC          COM004E
  -------         ENDPROC       COM004E
  -------         PROC          TMR3_CONFIG
  C:2841H         LINE#         13
  C:2841H         LINE#         14
  C:2841H         LINE#         16
  C:2847H         LINE#         18
  C:284EH         LINE#         21
  C:2852H         LINE#         22
  C:2856H         LINE#         23
  C:285AH         LINE#         25
  C:285FH         LINE#         26
  C:2863H         LINE#         28
  C:2866H         LINE#         31
  C:286CH         LINE#         32
  C:2870H         LINE#         35
  C:2875H         LINE#         36
  C:2877H         LINE#         38
  C:2877H         LINE#         40
  C:287DH         LINE#         42
  -------         ENDPROC       TMR3_CONFIG
  -------         PROC          TMR3_ENABLE
  C:2C71H         LINE#         45
  C:2C71H         LINE#         46
BL51 BANKED LINKER/LOCATER V6.22.4.0                                                  07/10/2025  13:52:22  PAGE 32


  C:2C71H         LINE#         48
  C:2C71H         LINE#         49
  C:2C77H         LINE#         51
  C:2C7AH         LINE#         52
  -------         ENDPROC       TMR3_ENABLE
  -------         PROC          TMR3_DISABLE
  C:2C1DH         LINE#         55
  C:2C1DH         LINE#         56
  C:2C1DH         LINE#         58
  C:2C1DH         LINE#         59
  C:2C23H         LINE#         62
  C:2C28H         LINE#         63
  C:2C2AH         LINE#         65
  C:2C2DH         LINE#         66
  -------         ENDPROC       TMR3_DISABLE
  -------         PROC          TIMR3_IRQHANDLER
  C:2608H         LINE#         69
  C:261FH         LINE#         72
  C:261FH         LINE#         76
  C:2626H         LINE#         77
  C:2626H         LINE#         78
  C:262AH         LINE#         80
  C:2643H         LINE#         83
  C:2643H         LINE#         86
  C:2643H         LINE#         87
  -------         ENDPROC       TIMR3_IRQHANDLER
  -------         ENDMOD        TMR3

  -------         MODULE        RF_SCAN
  C:0000H         SYMBOL        _ICE_DUMMY_
  C:0C0EH         PUBLIC        rf_scan
  C:24EFH         SYMBOL        Com0025
  C:24EFH         SYMBOL        L?0038
  C:24EFH         SYMBOL        L?0039
  C:24F4H         SYMBOL        L?0040
  C:24FBH         SYMBOL        L?0041
  C:24FCH         SYMBOL        L?0042
  C:24FEH         SYMBOL        L?0043
  C:2501H         SYMBOL        L?0044
  C:2507H         SYMBOL        L?0045
  C:2507H         SYMBOL        L?0046
  C:2515H         SYMBOL        L?0047
  C:2519H         SYMBOL        L?0048
  C:2524H         SYMBOL        L?0049
  C:2542H         SYMBOL        L?0050
  C:2548H         SYMBOL        L?0051
  -------         PROC          COM0025
  -------         ENDPROC       COM0025
  C:0E46H         SYMBOL        L?0052
  C:0E54H         SYMBOL        L?0053
  -------         PROC          RF_SCAN
  -------         DO            
  X:64E3H         SYMBOL        press_flag
  X:64E4H         SYMBOL        timer_total_cnt
  X:64E8H         SYMBOL        key
  -------         DO            
  X:64E2H         SYMBOL        old_key
BL51 BANKED LINKER/LOCATER V6.22.4.0                                                  07/10/2025  13:52:22  PAGE 33


  -------         ENDDO         
  -------         ENDDO         
  C:0C0EH         LINE#         14
  C:0C0EH         LINE#         15
  C:0C0EH         LINE#         36
  C:0C18H         LINE#         37
  C:0C18H         LINE#         39
  C:0C1BH         LINE#         42
  C:0C1BH         LINE#         44
  C:0C39H         LINE#         45
  C:0C39H         LINE#         47
  C:0C3FH         LINE#         49
  C:0C4AH         LINE#         50
  C:0C4AH         LINE#         51
  C:0C4BH         LINE#         60
  C:0C61H         LINE#         63
  C:0C64H         LINE#         64
  C:0C64H         LINE#         65
  C:0C64H         LINE#         66
  C:0C75H         LINE#         67
  C:0C75H         LINE#         69
  C:0C88H         LINE#         70
  C:0C88H         LINE#         74
  C:0C88H         LINE#         76
  C:0C90H         LINE#         77
  C:0C90H         LINE#         85
  C:0CA1H         LINE#         88
  C:0CA1H         LINE#         89
  C:0CABH         LINE#         90
  C:0CABH         LINE#         91
  C:0CACH         LINE#         92
  C:0CC1H         LINE#         93
  C:0CC1H         LINE#         97
  C:0CC3H         LINE#         98
  C:0CCBH         LINE#         100
  C:0CCEH         LINE#         101
  C:0CD8H         LINE#         103
  C:0CE2H         LINE#         104
  C:0CE5H         LINE#         105
  C:0CEDH         LINE#         107
  C:0CEDH         LINE#         108
  C:0CEDH         LINE#         109
  C:0D0CH         LINE#         110
  C:0D0CH         LINE#         112
  C:0D18H         LINE#         113
  C:0D18H         LINE#         115
  C:0D1DH         LINE#         116
  C:0D24H         LINE#         117
  C:0D2BH         LINE#         118
  C:0D2BH         LINE#         119
  C:0D2DH         LINE#         121
  C:0D2DH         LINE#         123
  C:0D2DH         LINE#         126
  C:0D2DH         LINE#         127
  C:0D30H         LINE#         128
  C:0D32H         LINE#         130
  C:0D32H         LINE#         131
BL51 BANKED LINKER/LOCATER V6.22.4.0                                                  07/10/2025  13:52:22  PAGE 34


  C:0D32H         LINE#         132
  C:0D45H         LINE#         133
  C:0D45H         LINE#         136
  C:0D45H         LINE#         137
  C:0D48H         LINE#         138
  C:0D4AH         LINE#         140
  C:0D4AH         LINE#         141
  C:0D5DH         LINE#         142
  C:0D5DH         LINE#         144
  C:0D60H         LINE#         145
  C:0D6AH         LINE#         146
  C:0D74H         LINE#         147
  C:0D79H         LINE#         148
  C:0D7EH         LINE#         150
  C:0D7EH         LINE#         151
  C:0D7EH         LINE#         152
  C:0D7EH         LINE#         153
  C:0D7EH         LINE#         155
  C:0D7EH         LINE#         157
  C:0D93H         LINE#         158
  C:0D93H         LINE#         161
[...]
  D:0018H         PUBLIC        __tk_key_flag
  C:23FCH         SYMBOL        __tk_long_key_clear
  D:0008H         PUBLIC        MUL_RES_1
  D:000CH         PUBLIC        MUL_RES_2
  D:0065H         PUBLIC        __tk_lib_normal_cnt
  D:0010H         PUBLIC        MUL_RES_3
  C:2552H         SYMBOL        __tk_i_source_adjust
  D:0054H         PUBLIC        __tk_lib_data_temp
  D:008AH         PUBLIC        MDU_ADR0
  C:2021H         PUBLIC        __tk_lib_init
  D:008BH         PUBLIC        MDU_ADR1
  X:63D9H         PUBLIC        __tk_p_data_process
  D:008CH         PUBLIC        MDU_ADR2
  B:0088H.0       PUBLIC        MDU_EN
  B:0020H.1       PUBLIC        __tk_long_key_flag
  D:0088H         PUBLIC        MDU_CTL0
  D:0089H         PUBLIC        MDU_CTL1
  D:0062H         PUBLIC        __tk_ms_flag
  C:2156H         SYMBOL        __tk_baseline_init
  C:14A0H         SYMBOL        __tk_button_decide
  C:247AH         PUBLIC        __tk_handler
  C:1659H         SYMBOL        ___tk_lib_i_adjust
  D:0063H         PUBLIC        __tk_cm_cnt
  -------         PROC          __TK_MODE_CONFIG
  C:28BBH         LINE#         262
  C:28BBH         LINE#         263
  C:28BBH         LINE#         264
  C:28BEH         LINE#         265
  C:28CDH         LINE#         266
  C:28D3H         LINE#         267
  C:28D7H         LINE#         268
  C:28DBH         LINE#         269
  C:28DFH         LINE#         270
  C:28E3H         LINE#         272
  C:28F3H         LINE#         273
  -------         ENDPROC       __TK_MODE_CONFIG
  -------         PROC          ___TK_MODE_CARRY_FUNC
  X:6494H         SYMBOL        ch_index
  C:0E60H         LINE#         283
  C:0E65H         LINE#         284
  C:0E65H         LINE#         285
  C:0E73H         LINE#         286
  C:0E7FH         LINE#         288
  C:0E92H         LINE#         289
  C:0EA2H         LINE#         291
  C:0EADH         LINE#         292
  C:0ED6H         LINE#         293
  C:0F07H         LINE#         294
  C:0F47H         LINE#         295
  C:0F77H         LINE#         296
  C:0F9DH         LINE#         297
  C:0FB9H         LINE#         299
  C:0FD4H         LINE#         300
  C:0FEBH         LINE#         301
  C:0FF8H         LINE#         302
BL51 BANKED LINKER/LOCATER V6.22.4.0                                                  07/10/2025  13:52:22  PAGE 44


  C:0FF8H         LINE#         304
  C:1010H         LINE#         305
  C:1021H         LINE#         306
  C:1024H         LINE#         307
  C:102CH         LINE#         308
  C:1040H         LINE#         309
  C:1053H         LINE#         310
  C:1058H         LINE#         311
  C:105BH         LINE#         312
  C:105EH         LINE#         313
  C:1061H         LINE#         314
  C:1061H         LINE#         315
  C:1062H         LINE#         321
  C:1065H         LINE#         322
  C:1092H         LINE#         323
  C:10B1H         LINE#         324
  C:10B1H         LINE#         325
  C:10B1H         LINE#         326
  -------         ENDPROC       ___TK_MODE_CARRY_FUNC
  -------         PROC          __TK_DATA_PROCESS
  C:0644H         LINE#         333
  C:0644H         LINE#         334
  C:0644H         LINE#         335
  C:0656H         LINE#         338
  C:066FH         LINE#         339
  C:0672H         LINE#         341
  C:0688H         LINE#         342
  C:068BH         LINE#         347
  C:06BDH         LINE#         348
  C:06CAH         LINE#         349
  C:06CDH         LINE#         350
  C:06D0H         LINE#         351
  C:06D0H         LINE#         352
  C:06D2H         LINE#         353
  C:06D5H         LINE#         354
  C:06D5H         LINE#         356
  C:06DAH         LINE#         357
  C:06EBH         LINE#         358
  C:06FCH         LINE#         359
  C:06FFH         LINE#         363
  C:0715H         LINE#         364
  C:0718H         LINE#         365
  C:0728H         LINE#         366
  C:0748H         LINE#         369
  C:075FH         LINE#         370
  C:0762H         LINE#         371
  C:0772H         LINE#         372
  C:0792H         LINE#         377
  C:0792H         LINE#         378
  C:07B0H         LINE#         380
  C:07EAH         LINE#         381
  C:07EAH         LINE#         382
  C:07EAH         LINE#         383
  C:0821H         LINE#         384
  C:082FH         LINE#         385
  C:0847H         LINE#         386
  C:0854H         LINE#         387
BL51 BANKED LINKER/LOCATER V6.22.4.0                                                  07/10/2025  13:52:22  PAGE 45


  C:0878H         LINE#         388
  C:089CH         LINE#         389
  C:089CH         LINE#         390
  C:089EH         LINE#         391
  C:08ABH         LINE#         392
  C:08ABH         LINE#         397
  C:08CDH         LINE#         398
  C:08D0H         LINE#         399
  C:08E0H         LINE#         401
  C:08F8H         LINE#         402
  C:08FBH         LINE#         404
  C:0912H         LINE#         405
  C:0915H         LINE#         409
  C:0936H         LINE#         410
  C:0939H         LINE#         411
  C:0949H         LINE#         413
  C:0961H         LINE#         414
  C:0964H         LINE#         416
  C:097AH         LINE#         417
  C:097DH         LINE#         422
  C:0982H         LINE#         423
  -------         ENDPROC       __TK_DATA_PROCESS
  -------         PROC          __TK_BUTTON_DECIDE
  C:14A0H         LINE#         430
  C:14A0H         LINE#         431
  C:14A0H         LINE#         432
  C:14B2H         LINE#         433
  C:14D0H         LINE#         434
  C:1502H         LINE#         435
  C:150FH         LINE#         436
  C:1514H         LINE#         437
  C:1589H         LINE#         438
  C:1589H         LINE#         439
  C:1596H         LINE#         440
  C:15A4H         LINE#         442
  C:15B8H         LINE#         443
  C:15C5H         LINE#         444
  C:15F2H         LINE#         445
  C:1616H         LINE#         446
  C:1644H         LINE#         447
  C:1644H         LINE#         448
  C:1646H         LINE#         449
  C:1653H         LINE#         450
  C:1653H         LINE#         451
  C:1658H         LINE#         452
  -------         ENDPROC       __TK_BUTTON_DECIDE
  -------         PROC          __TK_BASELINE_UPDATE
  C:237EH         LINE#         459
  C:237EH         LINE#         460
  C:237EH         LINE#         461
  C:238DH         LINE#         462
  C:239EH         LINE#         463
  C:23AFH         LINE#         464
  C:23D3H         LINE#         465
  C:23F7H         LINE#         466
  C:23FBH         LINE#         467
  -------         ENDPROC       __TK_BASELINE_UPDATE
BL51 BANKED LINKER/LOCATER V6.22.4.0                                                  07/10/2025  13:52:22  PAGE 46


  -------         PROC          __TK_BASELINE_INIT
  -------         DO            
  X:6048H         SYMBOL        init_flag
  -------         ENDDO         
  C:2156H         LINE#         474
  C:2156H         LINE#         475
  C:2156H         LINE#         478
  C:2165H         LINE#         479
  C:2175H         LINE#         480
  C:217EH         LINE#         481
  C:21A3H         LINE#         482
  C:21A3H         LINE#         483
  C:21C8H         LINE#         484
  C:21C8H         LINE#         485
  C:21CCH         LINE#         487
  C:21D9H         LINE#         488
  C:21DCH         LINE#         489
  C:21DEH         LINE#         490
  C:21E4H         LINE#         491
  C:21E4H         LINE#         493
  -------         ENDPROC       __TK_BASELINE_INIT
  -------         PROC          __TK_LONG_KEY_CLEAR
  -------         DO            
  X:6049H         SYMBOL        __tk_long_cnt
  -------         ENDDO         
  C:23FCH         LINE#         501
  C:23FCH         LINE#         502
  C:23FCH         LINE#         505
  C:240FH         LINE#         506
  C:241DH         LINE#         507
  C:2437H         LINE#         508
  C:243BH         LINE#         509
  C:2443H         LINE#         510
  C:244BH         LINE#         511
  C:2453H         LINE#         512
  C:2455H         LINE#         513
  C:2458H         LINE#         514
  C:246FH         LINE#         515
  C:2471H         LINE#         516
  C:2471H         LINE#         517
  C:2472H         LINE#         518
  C:2479H         LINE#         519
  C:2479H         LINE#         520
  -------         ENDPROC       __TK_LONG_KEY_CLEAR
  -------         PROC          ___TK_LIB_I_ADJUST
  X:64C2H         SYMBOL        i_ch
  X:64C3H         SYMBOL        adjust_line
  -------         DO            
  X:604BH         SYMBOL        sta_finish
  X:604CH         SYMBOL        n_sta
  X:604DH         SYMBOL        p_sta
  X:604EH         SYMBOL        min_iset
  X:604FH         SYMBOL        min_diff
  D:0021H         SYMBOL        diff
  D:0025H         SYMBOL        temp
  -------         ENDDO         
  C:1659H         LINE#         528
BL51 BANKED LINKER/LOCATER V6.22.4.0                                                  07/10/2025  13:52:22  PAGE 47


  C:165EH         LINE#         529
  C:165EH         LINE#         537
  C:1671H         LINE#         538
  C:1676H         LINE#         539
  C:167AH         LINE#         540
  C:1683H         LINE#         541
  C:1686H         LINE#         542
  C:1689H         LINE#         545
  C:16C6H         LINE#         546
  C:16F1H         LINE#         547
  C:1707H         LINE#         548
  C:1707H         LINE#         550
  C:171EH         LINE#         551
  C:1734H         LINE#         552
  C:1737H         LINE#         553
  C:1739H         LINE#         555
  C:174CH         LINE#         557
  C:1768H         LINE#         558
  C:177BH         LINE#         559
  C:177EH         LINE#         560
  C:177EH         LINE#         561
  C:1780H         LINE#         563
  C:179CH         LINE#         564
  C:17AFH         LINE#         565
  C:17B5H         LINE#         566
  C:17B5H         LINE#         567
  C:17B5H         LINE#         568
  C:17B5H         LINE#         569
  C:17C3H         LINE#         570
  C:17C7H         LINE#         571
  C:17C9H         LINE#         572
  C:17CEH         LINE#         573
  C:17CEH         LINE#         575
  C:17D6H         LINE#         576
  C:17EFH         LINE#         577
  C:17F7H         LINE#         578
  C:17FDH         LINE#         579
  C:1802H         LINE#         580
  C:1804H         LINE#         581
  C:1808H         LINE#         582
  C:180BH         LINE#         583
  C:180BH         LINE#         585
  C:180DH         LINE#         586
  -------         ENDPROC       ___TK_LIB_I_ADJUST
  -------         PROC          __TK_I_SOURCE_ADJUST
  -------         DO            
  X:64C1H         SYMBOL        result
  -------         ENDDO         
  C:2552H         LINE#         593
  C:2552H         LINE#         594
  C:2552H         LINE#         595
  C:2557H         LINE#         597
  C:2570H         LINE#         598
  C:2572H         LINE#         600
  C:2577H         LINE#         601
  C:257AH         LINE#         602
  C:2580H         LINE#         603
BL51 BANKED LINKER/LOCATER V6.22.4.0                                                  07/10/2025  13:52:22  PAGE 48


  C:2580H         LINE#         605
  C:258CH         LINE#         606
  C:258FH         LINE#         607
  C:2592H         LINE#         608
  C:2592H         LINE#         609
  C:2592H         LINE#         611
  C:25A9H         LINE#         612
  C:25ABH         LINE#         613
  C:25AEH         LINE#         614
  C:25AEH         LINE#         615
  C:25B3H         LINE#         616
  C:25B3H         LINE#         617
  -------         ENDPROC       __TK_I_SOURCE_ADJUST
  -------         PROC          ___TK_SET_NEXT_CH
  D:0007H         SYMBOL        kick_type
  C:227BH         LINE#         625
  C:227BH         LINE#         626
  C:227BH         LINE#         627
  C:227EH         LINE#         629
  C:229CH         LINE#         630
  C:22A2H         LINE#         631
  C:22A6H         LINE#         632
  C:22AAH         LINE#         633
  C:22AEH         LINE#         634
  C:22B2H         LINE#         636
  C:22CCH         LINE#         638
  C:22DCH         LINE#         639
  C:22DCH         LINE#         640
  C:22DEH         LINE#         642
  C:22F8H         LINE#         643
  C:22FEH         LINE#         644
  C:22FEH         LINE#         645
  -------         ENDPROC       ___TK_SET_NEXT_CH
  -------         PROC          __TK_LIB_INIT
  -------         DO            
  X:648AH         SYMBOL        i
  -------         ENDDO         
  C:2021H         LINE#         652
  C:2021H         LINE#         653
  C:2021H         LINE#         655
  C:2069H         LINE#         656
  C:2077H         LINE#         658
  C:207AH         LINE#         659
  C:2082H         LINE#         660
  C:2084H         LINE#         661
  C:2086H         LINE#         662
  C:208EH         LINE#         663
  C:2096H         LINE#         664
  C:209EH         LINE#         665
  C:20B4H         LINE#         666
  C:20B7H         LINE#         667
  -------         ENDPROC       __TK_LIB_INIT
  -------         PROC          __TK_HANDLER
  C:247AH         LINE#         675
  C:247AH         LINE#         676
  C:247AH         LINE#         677
  C:247FH         LINE#         678
BL51 BANKED LINKER/LOCATER V6.22.4.0                                                  07/10/2025  13:52:22  PAGE 49


  C:2483H         LINE#         679
  C:24AAH         LINE#         682
  C:24ADH         LINE#         683
  C:24B4H         LINE#         684
  C:24B6H         LINE#         685
  C:24B9H         LINE#         686
  C:24B9H         LINE#         687
  C:24BCH         LINE#         688
  C:24BCH         LINE#         689
  C:24BCH         LINE#         690
  C:24BEH         LINE#         691
  C:24CAH         LINE#         692
  C:24DAH         LINE#         693
  C:24DDH         LINE#         694
  C:24E2H         LINE#         696
  C:24E5H         LINE#         697
  C:24E5H         LINE#         699
  C:24E8H         LINE#         700
  C:24E8H         LINE#         701
  C:24E9H         LINE#         702
  C:24EEH         LINE#         703
  C:24EEH         LINE#         704
  C:24EEH         LINE#         705
  -------         ENDPROC       __TK_HANDLER
  -------         PROC          __TK_MS_HANDLER
  C:2CA6H         LINE#         712
  C:2CA6H         LINE#         713
  C:2CA6H         LINE#         714
  C:2CA8H         LINE#         716
  -------         ENDPROC       __TK_MS_HANDLER
  -------         PROC          __TK_SCAN
  C:2AE9H         LINE#         724
  C:2AE9H         LINE#         725
  C:2AE9H         LINE#         727
  C:2AEEH         LINE#         730
  C:2AFAH         LINE#         735
  C:2AFDH         LINE#         739
  C:2B00H         LINE#         740
  C:2B05H         LINE#         741
  C:2B08H         LINE#         742
  C:2B08H         LINE#         743
  -------         ENDPROC       __TK_SCAN
  -------         ENDMOD        TK_LIB

  -------         MODULE        ?C?CLDPTR
  C:10B2H         PUBLIC        ?C?CLDPTR
  -------         ENDMOD        ?C?CLDPTR

  -------         MODULE        ?C?CSTPTR
  C:10CBH         PUBLIC        ?C?CSTPTR
  -------         ENDMOD        ?C?CSTPTR

  -------         MODULE        ?C?IILDX
  C:10DDH         PUBLIC        ?C?IILDX
  -------         ENDMOD        ?C?IILDX

  -------         MODULE        ?C?LADD
BL51 BANKED LINKER/LOCATER V6.22.4.0                                                  07/10/2025  13:52:22  PAGE 50


  C:10F3H         PUBLIC        ?C?LADD
  -------         ENDMOD        ?C?LADD

  -------         MODULE        ?C?LNOT
  C:1100H         PUBLIC        ?C?LNOT
  -------         ENDMOD        ?C?LNOT

  -------         MODULE        ?C?LNEG
  C:110DH         PUBLIC        ?C?LNEG
  -------         ENDMOD        ?C?LNEG

  -------         MODULE        ?C?SLCMP
  C:111BH         PUBLIC        ?C?SLCMP
  -------         ENDMOD        ?C?SLCMP

  -------         MODULE        ?C?ULCMP
  C:1131H         PUBLIC        ?C?ULCMP
  -------         ENDMOD        ?C?ULCMP

  -------         MODULE        ?C?ULSHR
  C:1142H         PUBLIC        ?C?ULSHR
  -------         ENDMOD        ?C?ULSHR

  -------         MODULE        ?C?LSHL
  C:1155H         PUBLIC        ?C?LSHL
  -------         ENDMOD        ?C?LSHL

  -------         MODULE        ?C?LLDOPTR
  C:1168H         PUBLIC        ?C?LLDOPTR
  -------         ENDMOD        ?C?LLDOPTR

  -------         MODULE        ?C?LSTPTR
  C:1198H         PUBLIC        ?C?LSTPTR
  -------         ENDMOD        ?C?LSTPTR

  -------         MODULE        ?C?LLDXDATA
  C:11B2H         PUBLIC        ?C?LLDXDATA
  -------         ENDMOD        ?C?LLDXDATA

  -------         MODULE        ?C?LLDCODE
  C:11BEH         PUBLIC        ?C?LLDCODE
  -------         ENDMOD        ?C?LLDCODE

  -------         MODULE        ?C?LLDXDATA0
  C:11CEH         PUBLIC        ?C?LLDXDATA0
  -------         ENDMOD        ?C?LLDXDATA0

  -------         MODULE        ?C?LSTXDATA
  C:11DAH         PUBLIC        ?C?LSTXDATA
  -------         ENDMOD        ?C?LSTXDATA

  -------         MODULE        ?C?LSTKXDATA
  C:11E6H         PUBLIC        ?C?LSTKXDATA
  -------         ENDMOD        ?C?LSTKXDATA

  -------         MODULE        ?C?OFFXADD
  C:1217H         PUBLIC        ?C?OFFXADD
BL51 BANKED LINKER/LOCATER V6.22.4.0                                                  07/10/2025  13:52:22  PAGE 51


  -------         ENDMOD        ?C?OFFXADD

  -------         MODULE        ?C?PLDXDATA
  C:1223H         PUBLIC        ?C?PLDXDATA
  -------         ENDMOD        ?C?PLDXDATA

  -------         MODULE        ?C?PLDIXDATA
  C:122CH         PUBLIC        ?C?PLDIXDATA
  -------         ENDMOD        ?C?PLDIXDATA

  -------         MODULE        ?C?PSTXDATA
  C:1243H         PUBLIC        ?C?PSTXDATA
  -------         ENDMOD        ?C?PSTXDATA

  -------         MODULE        ?C?CCASE
  C:124CH         PUBLIC        ?C?CCASE
  -------         ENDMOD        ?C?CCASE

  -------         MODULE        ?C?LCASE
  C:1272H         PUBLIC        ?C?LCASE
  -------         ENDMOD        ?C?LCASE

  -------         MODULE        ?C?ICALL
  C:12ACH         PUBLIC        ?C?ICALL
  C:12B0H         PUBLIC        ?C?ICALL2
  -------         ENDMOD        ?C?ICALL

  -------         MODULE        ?C?LLDIDATA
  C:12B2H         PUBLIC        ?C?LLDIDATA
  -------         ENDMOD        ?C?LLDIDATA

  -------         MODULE        ?C?LLDPDATA
  C:12BEH         PUBLIC        ?C?LLDPDATA
  -------         ENDMOD        ?C?LLDPDATA

  -------         MODULE        ?C?LSTIDATA
  C:12CAH         PUBLIC        ?C?LSTIDATA
  -------         ENDMOD        ?C?LSTIDATA

  -------         MODULE        ?C?LSTPDATA
  C:12D6H         PUBLIC        ?C?LSTPDATA
  -------         ENDMOD        ?C?LSTPDATA

*** WARNING L16: UNCALLED SEGMENT, IGNORED FOR OVERLAY PROCESS
    SEGMENT: ?PR?OUTPUT_PIN_INIT?MY_GPIO

*** WARNING L16: UNCALLED SEGMENT, IGNORED FOR OVERLAY PROCESS
    SEGMENT: ?PR?P12_OUTPUT_CONFIG?MY_GPIO

*** WARNING L16: UNCALLED SEGMENT, IGNORED FOR OVERLAY PROCESS
    SEGMENT: ?PR?P01_OUTPUT_CONFIG?MY_GPIO

*** WARNING L16: UNCALLED SEGMENT, IGNORED FOR OVERLAY PROCESS
    SEGMENT: ?PR?P26_OUTPUT_CONFIG?MY_GPIO

*** WARNING L16: UNCALLED SEGMENT, IGNORED FOR OVERLAY PROCESS
    SEGMENT: ?PR?FLASH_TEST?FLASH
BL51 BANKED LINKER/LOCATER V6.22.4.0                                                  07/10/2025  13:52:22  PAGE 52



*** WARNING L16: UNCALLED SEGMENT, IGNORED FOR OVERLAY PROCESS
    SEGMENT: ?PR?SHOW_ADDR_INFO_SAVE_BY_NUMS?RF_LEARN

*** WARNING L16: UNCALLED SEGMENT, IGNORED FOR OVERLAY PROCESS
    SEGMENT: ?PR?RF_RECV?RF_RECV

Program Size: data=70.4 xdata=1287 code=11437
LINK/LOCATE RUN COMPLETE.  7 WARNING(S),  0 ERROR(S)
