BL51 BANKED LINKER/LOCATER V6.22.4.0                                                    03/18/2025  09:10:53  PAGE 1


BL51 BANKED LINKER/LOCATER V6.22.4.0, INVOKED BY:
C:\KEIL_V5\C51\BIN\BL51.EXE .\Release\Objects\STARTUP.obj, .\Release\Objects\system.obj, .\Release\Objects\tk_debug.obj,
>>  .\Release\Objects\tk_set.obj, .\Release\Objects\main.obj, .\Release\Objects\tk_user.obj, .\Release\Objects\my_gpio.o
>> bj, .\Release\Objects\send_key.obj, .\Release\Objects\flash.obj, .\Release\Objects\rf_learn.obj, .\Release\Objects\rf
>> _recv.obj, .\Release\Objects\tmr3.obj, .\Release\Objects\rf_scan.obj, .\Release\Objects\tmr2.obj, .\Release\Objects\k
>> ey_conversion.obj, .\Release\Objects\tmr4.obj, ..\..\User\lib\tk_simplify_algorithm_V1.0.0.LIB TO .\Release\Objects\D
>> emo PRINT (.\Release\Listings\Demo.m51) RAMSIZE (256) CODE (0X0000-0X3EEF) XDATA (0X6000-0X66FF)


MEMORY MODEL: LARGE


INPUT MODULES INCLUDED:
  .\Release\Objects\STARTUP.obj (?C_STARTUP)
  .\Release\Objects\system.obj (SYSTEM)
  .\Release\Objects\tk_debug.obj (TK_DEBUG)
  .\Release\Objects\tk_set.obj (TK_SET)
  .\Release\Objects\main.obj (MAIN)
  .\Release\Objects\tk_user.obj (TK_USER)
  .\Release\Objects\my_gpio.obj (MY_GPIO)
  .\Release\Objects\send_key.obj (SEND_KEY)
  .\Release\Objects\flash.obj (FLASH)
  .\Release\Objects\rf_learn.obj (RF_LEARN)
  .\Release\Objects\rf_recv.obj (RF_RECV)
  .\Release\Objects\tmr3.obj (TMR3)
  .\Release\Objects\rf_scan.obj (RF_SCAN)
  .\Release\Objects\tmr2.obj (TMR2)
  .\Release\Objects\key_conversion.obj (KEY_CONVERSION)
  .\Release\Objects\tmr4.obj (TMR4)
  ..\..\User\lib\tk_simplify_algorithm_V1.0.0.LIB (TK_LIB)
  C:\KEIL_V5\C51\LIB\C51L.LIB (?C_INIT)
  C:\KEIL_V5\C51\LIB\C51L.LIB (?C?CLDPTR)
  C:\KEIL_V5\C51\LIB\C51L.LIB (?C?CSTPTR)
  C:\KEIL_V5\C51\LIB\C51L.LIB (?C?IILDX)
  C:\KEIL_V5\C51\LIB\C51L.LIB (?C?LADD)
  C:\KEIL_V5\C51\LIB\C51L.LIB (?C?LNOT)
  C:\KEIL_V5\C51\LIB\C51L.LIB (?C?LNEG)
  C:\KEIL_V5\C51\LIB\C51L.LIB (?C?SLCMP)
  C:\KEIL_V5\C51\LIB\C51L.LIB (?C?ULCMP)
  C:\KEIL_V5\C51\LIB\C51L.LIB (?C?ULSHR)
  C:\KEIL_V5\C51\LIB\C51L.LIB (?C?LSHL)
  C:\KEIL_V5\C51\LIB\C51L.LIB (?C?LLDOPTR)
  C:\KEIL_V5\C51\LIB\C51L.LIB (?C?LSTPTR)
  C:\KEIL_V5\C51\LIB\C51L.LIB (?C?LLDXDATA)
  C:\KEIL_V5\C51\LIB\C51L.LIB (?C?LLDCODE)
  C:\KEIL_V5\C51\LIB\C51L.LIB (?C?LLDXDATA0)
  C:\KEIL_V5\C51\LIB\C51L.LIB (?C?LSTXDATA)
  C:\KEIL_V5\C51\LIB\C51L.LIB (?C?LSTKXDATA)
  C:\KEIL_V5\C51\LIB\C51L.LIB (?C?OFFXADD)
  C:\KEIL_V5\C51\LIB\C51L.LIB (?C?PLDXDATA)
  C:\KEIL_V5\C51\LIB\C51L.LIB (?C?PLDIXDATA)
  C:\KEIL_V5\C51\LIB\C51L.LIB (?C?PSTXDATA)
  C:\KEIL_V5\C51\LIB\C51L.LIB (?C?CCASE)
  C:\KEIL_V5\C51\LIB\C51L.LIB (?C?LCASE)
  C:\KEIL_V5\C51\LIB\C51L.LIB (?C?ICALL)
  C:\KEIL_V5\C51\LIB\C51L.LIB (?C?LLDIDATA)
  C:\KEIL_V5\C51\LIB\C51L.LIB (?C?LLDPDATA)
  C:\KEIL_V5\C51\LIB\C51L.LIB (?C?LSTIDATA)
BL51 BANKED LINKER/LOCATER V6.22.4.0                                                  03/18/2025  09:10:53  PAGE 2


  C:\KEIL_V5\C51\LIB\C51L.LIB (?C?LSTPDATA)


LINK MAP OF MODULE:  .\Release\Objects\Demo (?C_STARTUP)


            TYPE    BASE      LENGTH    RELOCATION   SEGMENT NAME
            -----------------------------------------------------

            * * * * * * *   D A T A   M E M O R Y   * * * * * * *
            REG     0000H     0008H     ABSOLUTE     "REG BANK 0"
            DATA    0008H     0004H     ABSOLUTE     
            DATA    000CH     0004H     ABSOLUTE     
            DATA    0010H     0004H     ABSOLUTE     
            DATA    0014H     0004H     ABSOLUTE     
            DATA    0018H     0004H     ABSOLUTE     
            DATA    001CH     0004H     ABSOLUTE     
            BIT     0020H.0   0000H.2   UNIT         ?BI?TK_LIB
            BIT     0020H.2   0000H.1   UNIT         _BIT_GROUP_
                    0020H.3   0000H.5                *** GAP ***
            DATA    0021H     0008H     UNIT         _DATA_GROUP_
                    0029H     0007H                  *** GAP ***
            DATA    0030H     0004H     ABSOLUTE     
            DATA    0034H     0004H     ABSOLUTE     
            DATA    0038H     0004H     ABSOLUTE     
            DATA    003CH     0004H     ABSOLUTE     
                    0040H     0010H                  *** GAP ***
            DATA    0050H     0002H     ABSOLUTE     
            DATA    0052H     0002H     ABSOLUTE     
            DATA    0054H     0002H     ABSOLUTE     
                    0056H     000AH                  *** GAP ***
            DATA    0060H     0001H     ABSOLUTE     
            DATA    0061H     0001H     ABSOLUTE     
            DATA    0062H     0001H     ABSOLUTE     
            DATA    0063H     0001H     ABSOLUTE     
            DATA    0064H     0001H     ABSOLUTE     
            DATA    0065H     0001H     ABSOLUTE     
            DATA    0066H     0001H     ABSOLUTE     
            IDATA   0067H     0001H     UNIT         ?STACK

            * * * * * * *  X D A T A   M E M O R Y  * * * * * * *
                    0000H     6000H                  *** GAP ***
            XDATA   6000H     000CH     ABSOLUTE     
            XDATA   600CH     000CH     ABSOLUTE     
            XDATA   6018H     000CH     ABSOLUTE     
            XDATA   6024H     000CH     UNIT         ?XD?RF_LEARN
            XDATA   6030H     000CH     ABSOLUTE     
            XDATA   603CH     000CH     ABSOLUTE     
            XDATA   6048H     0394H     UNIT         ?XD?TK_LIB
            XDATA   63DCH     0068H     UNIT         ?XD?RF_RECV
            XDATA   6444H     0048H     UNIT         ?XD?TK_SET
            XDATA   648CH     003EH     UNIT         _XDATA_GROUP_
            XDATA   64CAH     000DH     UNIT         ?XD?TK_USER
            XDATA   64D7H     0007H     UNIT         ?XD?RF_SCAN
            XDATA   64DEH     0006H     UNIT         ?XD?SEND_KEY
            XDATA   64E4H     0005H     UNIT         ?XD?TMR2
            XDATA   64E9H     0004H     UNIT         ?XD?FLASH_TEST?FLASH
BL51 BANKED LINKER/LOCATER V6.22.4.0                                                  03/18/2025  09:10:53  PAGE 3


            XDATA   64EDH     0004H     UNIT         ?XD?SHOW_ADDR_INFO_SAVE_BY_NUMS?RF_LEARN
            XDATA   64F1H     0004H     UNIT         ?XD?TMR3
            XDATA   64F5H     0004H     UNIT         ?XD?TMR4
            XDATA   64F9H     0003H     UNIT         ?XD?RF_RECV?RF_RECV

            * * * * * * *   C O D E   M E M O R Y   * * * * * * *
            CODE    0000H     0003H     ABSOLUTE     
            CODE    0003H     000CH     ABSOLUTE     
            CODE    000FH     0005H     UNIT         ?PR?__TK_MS_HANDLER?TK_LIB
                    0014H     0001H                  *** GAP ***
            CODE    0015H     0003H     ABSOLUTE     
            CODE    0018H     0004H     UNIT         ?PR?TMR4_ENABLE?TMR4
                    001CH     0002H                  *** GAP ***
            CODE    001EH     0003H     ABSOLUTE     
            CODE    0021H     0003H     ABSOLUTE     
            CODE    0024H     0003H     ABSOLUTE     
            CODE    0027H     0003H     ABSOLUTE     
            CODE    002AH     0003H     ABSOLUTE     
            CODE    002DH     0012H     UNIT         ?PR?OUTPUT_PIN_INIT?MY_GPIO
            CODE    003FH     0003H     ABSOLUTE     
            CODE    0042H     001BH     UNIT         ?PR?_DELAY_MS?SYSTEM
            CODE    005DH     0003H     ABSOLUTE     
            CODE    0060H     05C6H     UNIT         ?PR?USER_HANDLE?TK_USER
            CODE    0626H     033FH     UNIT         ?PR?__TK_DATA_PROCESS?TK_LIB
            CODE    0965H     0288H     UNIT         ?PR?RF_LEARN?RF_LEARN
            CODE    0BEDH     0252H     UNIT         ?PR?___TK_MODE_CARRY_FUNC?TK_LIB
            CODE    0E3FH     0245H     UNIT         ?PR?RF_SCAN?RF_SCAN
            CODE    1084H     0230H     UNIT         ?C?LIB_CODE
            CODE    12B4H     01B9H     UNIT         ?PR?__TK_BUTTON_DECIDE?TK_LIB
            CODE    146DH     01B5H     UNIT         ?PR?___TK_LIB_I_ADJUST?TK_LIB
            CODE    1622H     0190H     UNIT         ?PR?_KEY_TO_FUNVAL?KEY_CONVERSION
            CODE    17B2H     015CH     UNIT         ?PR?P1_IRQHANDLER?RF_RECV
            CODE    190EH     0155H     UNIT         ?PR?_APPEAR_THEMOST?RF_RECV
            CODE    1A63H     013CH     UNIT         ?PR?TK_GPIO_CONFIG?TK_SET
            CODE    1B9FH     010DH     UNIT         ?C_INITSEG
            CODE    1CACH     0107H     UNIT         ?PR?RF_LEARN
            CODE    1DB3H     00F0H     UNIT         ?PR?TIMR1_IRQHANDLER?SEND_KEY
            CODE    1EA3H     00DCH     UNIT         ?PR?SYSTEM_INIT?SYSTEM
            CODE    1F7FH     009BH     UNIT         ?PR?__TK_LIB_INIT?TK_LIB
            CODE    201AH     009AH     UNIT         ?C_C51STARTUP
            CODE    20B4H     0093H     UNIT         ?PR?__TK_BASELINE_INIT?TK_LIB
            CODE    2147H     0092H     UNIT         ?PR?TK_PARAM_INIT?TK_SET
            CODE    21D9H     0084H     UNIT         ?PR?___TK_SET_NEXT_CH?TK_LIB
            CODE    225DH     007FH     UNIT         ?PR?TIMR2_IRQHANDLER?TMR2
            CODE    22DCH     007EH     UNIT         ?PR?__TK_BASELINE_UPDATE?TK_LIB
            CODE    235AH     007EH     UNIT         ?PR?__TK_LONG_KEY_CLEAR?TK_LIB
            CODE    23D8H     0075H     UNIT         ?PR?__TK_HANDLER?TK_LIB
            CODE    244DH     0064H     UNIT         ?PR?RF_RECV
            CODE    24B1H     0063H     UNIT         ?PR?RF_SCAN
            CODE    2514H     0062H     UNIT         ?PR?__TK_I_SOURCE_ADJUST?TK_LIB
            CODE    2576H     005AH     UNIT         ?PR?RFIN_INIT?RF_RECV
            CODE    25D0H     0054H     UNIT         ?PR?_SEND_KEYVAL?SEND_KEY
            CODE    2624H     0050H     UNIT         ?PR?TIMR3_IRQHANDLER?TMR3
            CODE    2674H     004FH     UNIT         ?PR?TK_INIT?TK_SET
            CODE    26C3H     004FH     UNIT         ?PR?TIMR0_IRQHANDLER?RF_RECV
            CODE    2712H     004DH     UNIT         ?PR?TIMR4_IRQHANDLER?TMR4
            CODE    275FH     004BH     UNIT         ?PR?RF_RECV_DATABUF?RF_RECV
BL51 BANKED LINKER/LOCATER V6.22.4.0                                                  03/18/2025  09:10:53  PAGE 4


            CODE    27AAH     0046H     UNIT         ?PR?WUT_IRQHANDLER?TK_SET
            CODE    27F0H     0045H     UNIT         ?PR?TK_IRQHANDLER?TK_SET
            CODE    2835H     0044H     UNIT         ?PR?TK_USER
            CODE    2879H     0040H     UNIT         ?PR?FLASH_TEST?FLASH
            CODE    28B9H     003DH     UNIT         ?PR?TMR3_CONFIG?TMR3
            CODE    28F6H     003DH     UNIT         ?PR?TMR2_CONFIG?TMR2
            CODE    2933H     003DH     UNIT         ?PR?__TK_MODE_CONFIG?TK_LIB
            CODE    2970H     003CH     UNIT         ?PR?_FLASH_WRITE?FLASH
            CODE    29ACH     003AH     UNIT         ?PR?SEND_KEYVAL_TIMER_INIT?SEND_KEY
            CODE    29E6H     003AH     UNIT         ?PR?SHOW_ADDR_INFO_SAVE_BY_NUMS?RF_LEARN
            CODE    2A20H     0037H     UNIT         ?PR?_FLASH_READ?FLASH
            CODE    2A57H     0037H     UNIT         ?PR?RF_ADDR_ISMATCH?RF_LEARN
            CODE    2A8EH     002EH     UNIT         ?CO?TK_SET
            CODE    2ABCH     0027H     UNIT         ?PR?RF_RECV?RF_RECV
            CODE    2AE3H     0020H     UNIT         ?PR?__TK_SCAN?TK_LIB
            CODE    2B03H     001DH     UNIT         ?PR?P12_OUTPUT_CONFIG?MY_GPIO
            CODE    2B20H     001DH     UNIT         ?PR?P01_OUTPUT_CONFIG?MY_GPIO
            CODE    2B3DH     001DH     UNIT         ?PR?P26_OUTPUT_CONFIG?MY_GPIO
            CODE    2B5AH     0018H     UNIT         ?PR?TK_SET
            CODE    2B72H     0018H     UNIT         ?PR?SEND_KEYVAL_PIN_INIT?SEND_KEY
            CODE    2B8AH     0018H     UNIT         ?PR?TMR4_CONFIG?TMR4
            CODE    2BA2H     0017H     UNIT         ?PR?TK_HANDLE?TK_SET
            CODE    2BB9H     0017H     UNIT         ?PR?_SEND_STATUS_KEYVAL?SEND_KEY
            CODE    2BD0H     0016H     UNIT         ?PR?_FLASH_ERASE_SECTOR?FLASH
            CODE    2BE6H     0015H     UNIT         ?PR?USER_INIT?TK_USER
            CODE    2BFBH     0013H     UNIT         ?PR?MAIN?MAIN
            CODE    2C0EH     0011H     UNIT         ?PR?TMR3_DISABLE?TMR3
            CODE    2C1FH     0011H     UNIT         ?PR?TMR2_DISABLE?TMR2
            CODE    2C30H     0010H     UNIT         ?PR?TMR1_DISABLE?SEND_KEY
            CODE    2C40H     0010H     UNIT         ?PR?TMR0_DISABLE?RF_RECV
            CODE    2C50H     000BH     UNIT         ?PR?_DELAY?SYSTEM
            CODE    2C5BH     000AH     UNIT         ?PR?TMR1_ENABLE?SEND_KEY
            CODE    2C65H     000AH     UNIT         ?PR?TMR0_ENABLE?RF_RECV
            CODE    2C6FH     000AH     UNIT         ?PR?TMR3_ENABLE?TMR3
            CODE    2C79H     000AH     UNIT         ?PR?TMR2_ENABLE?TMR2
            CODE    2C83H     0009H     UNIT         ?PR?TMR3
            CODE    2C8CH     0009H     UNIT         ?PR?TMR2
            CODE    2C95H     0008H     UNIT         ?PR?SEND_KEY
            CODE    2C9DH     0007H     UNIT         ?PR?TMR4_DISABLE?TMR4



OVERLAY MAP OF MODULE:   .\Release\Objects\Demo (?C_STARTUP)


SEGMENT                                             BIT_GROUP          DATA_GROUP          XDATA_GROUP
  +--> CALLED SEGMENT                            START    LENGTH     START    LENGTH     START    LENGTH
--------------------------------------------------------------------------------------------------------
?C_C51STARTUP                                    -----    -----      -----    -----      -----    -----
  +--> ?PR?MAIN?MAIN
  +--> ?C_INITSEG

?PR?MAIN?MAIN                                    -----    -----      -----    -----      -----    -----
  +--> ?PR?SYSTEM_INIT?SYSTEM
  +--> ?PR?TK_HANDLE?TK_SET

?PR?SYSTEM_INIT?SYSTEM                           -----    -----      -----    -----      -----    -----
BL51 BANKED LINKER/LOCATER V6.22.4.0                                                  03/18/2025  09:10:53  PAGE 5


  +--> ?PR?_DELAY?SYSTEM
  +--> ?PR?_DELAY_MS?SYSTEM

?PR?_DELAY_MS?SYSTEM                             -----    -----      -----    -----      -----    -----
  +--> ?PR?_DELAY?SYSTEM

?PR?TK_HANDLE?TK_SET                             -----    -----      -----    -----      -----    -----
  +--> ?PR?USER_INIT?TK_USER
  +--> ?PR?TK_PARAM_INIT?TK_SET
  +--> ?PR?RF_LEARN?RF_LEARN
  +--> ?PR?__TK_SCAN?TK_LIB
  +--> ?PR?USER_HANDLE?TK_USER
  +--> ?PR?RF_SCAN?RF_SCAN

?PR?USER_INIT?TK_USER                            -----    -----      -----    -----      -----    -----
  +--> ?PR?RFIN_INIT?RF_RECV
  +--> ?PR?SEND_KEYVAL_PIN_INIT?SEND_KEY
  +--> ?PR?SEND_KEYVAL_TIMER_INIT?SEND_KEY
  +--> ?PR?TMR0_ENABLE?RF_RECV
  +--> ?PR?TMR2_CONFIG?TMR2
  +--> ?PR?TMR3_CONFIG?TMR3
  +--> ?PR?TMR4_CONFIG?TMR4

?PR?RFIN_INIT?RF_RECV                            -----    -----      -----    -----      -----    -----
  +--> ?PR?RF_RECV

?PR?SEND_KEYVAL_TIMER_INIT?SEND_KEY              -----    -----      -----    -----      -----    -----
  +--> ?PR?SEND_KEY

?PR?TMR0_ENABLE?RF_RECV                          -----    -----      -----    -----      -----    -----
  +--> ?PR?RF_RECV

?PR?TMR2_CONFIG?TMR2                             -----    -----      -----    -----      -----    -----
  +--> ?PR?TMR2

?PR?TMR3_CONFIG?TMR3                             -----    -----      -----    -----      -----    -----
  +--> ?PR?TMR3

?PR?TK_PARAM_INIT?TK_SET                         -----    -----      -----    -----      -----    -----
  +--> ?CO?TK_SET
  +--> ?PR?TK_SET
  +--> ?PR?TK_GPIO_CONFIG?TK_SET
  +--> ?PR?__TK_LIB_INIT?TK_LIB
  +--> ?PR?TK_INIT?TK_SET

?PR?TK_GPIO_CONFIG?TK_SET                        -----    -----      -----    -----      -----    -----
  +--> ?PR?TK_SET

?PR?__TK_LIB_INIT?TK_LIB                         -----    -----      -----    -----      648CH    0002H
  +--> ?PR?__TK_DATA_PROCESS?TK_LIB
  +--> ?CO?TK_SET
  +--> ?PR?___TK_SET_NEXT_CH?TK_LIB

?PR?__TK_DATA_PROCESS?TK_LIB                     -----    -----      -----    -----      -----    -----
  +--> ?CO?TK_SET

?PR?RF_LEARN?RF_LEARN                            0020H.2  0000H.1    -----    -----      648CH    0014H
BL51 BANKED LINKER/LOCATER V6.22.4.0                                                  03/18/2025  09:10:53  PAGE 6


  +--> ?PR?TMR2_ENABLE?TMR2
  +--> ?PR?RF_RECV_DATABUF?RF_RECV
  +--> ?PR?TMR2_DISABLE?TMR2
  +--> ?PR?RF_LEARN
  +--> ?PR?_FLASH_READ?FLASH
  +--> ?PR?_APPEAR_THEMOST?RF_RECV
  +--> ?PR?_FLASH_ERASE_SECTOR?FLASH
  +--> ?PR?_FLASH_WRITE?FLASH

?PR?TMR2_ENABLE?TMR2                             -----    -----      -----    -----      -----    -----
  +--> ?PR?TMR2

?PR?RF_RECV_DATABUF?RF_RECV                      -----    -----      -----    -----      64A0H    0004H
  +--> ?PR?RF_RECV

?PR?TMR2_DISABLE?TMR2                            -----    -----      -----    -----      -----    -----
  +--> ?PR?TMR2

?PR?_FLASH_READ?FLASH                            -----    -----      -----    -----      64A0H    0005H

?PR?_APPEAR_THEMOST?RF_RECV                      -----    -----      -----    -----      64A0H    0023H
  +--> ?PR?RF_RECV

?PR?_FLASH_WRITE?FLASH                           -----    -----      -----    -----      64A0H    0005H

?PR?__TK_SCAN?TK_LIB                             -----    -----      -----    -----      -----    -----
  +--> ?PR?__TK_BUTTON_DECIDE?TK_LIB
  +--> ?PR?___TK_SET_NEXT_CH?TK_LIB

?PR?__TK_BUTTON_DECIDE?TK_LIB                    -----    -----      -----    -----      -----    -----
  +--> ?CO?TK_SET
  +--> ?PR?___TK_MODE_CARRY_FUNC?TK_LIB

?PR?___TK_MODE_CARRY_FUNC?TK_LIB                 -----    -----      -----    -----      6496H    0001H
  +--> ?CO?TK_SET
  +--> ?PR?__TK_BASELINE_UPDATE?TK_LIB

?PR?__TK_BASELINE_UPDATE?TK_LIB                  -----    -----      -----    -----      -----    -----
  +--> ?CO?TK_SET

?PR?USER_HANDLE?TK_USER                          -----    -----      -----    -----      648CH    000AH
  +--> ?PR?TK_USER
  +--> ?PR?_DELAY_MS?SYSTEM
  +--> ?PR?__TK_SCAN?TK_LIB
  +--> ?PR?_SEND_STATUS_KEYVAL?SEND_KEY

?PR?_SEND_STATUS_KEYVAL?SEND_KEY                 -----    -----      -----    -----      -----    -----
  +--> ?PR?_SEND_KEYVAL?SEND_KEY

?PR?_SEND_KEYVAL?SEND_KEY                        -----    -----      -----    -----      -----    -----
  +--> ?PR?TMR2_ENABLE?TMR2
  +--> ?PR?TMR2_DISABLE?TMR2
  +--> ?PR?TMR1_ENABLE?SEND_KEY
  +--> ?PR?TMR1_DISABLE?SEND_KEY
  +--> ?PR?_DELAY_MS?SYSTEM

?PR?TMR1_ENABLE?SEND_KEY                         -----    -----      -----    -----      -----    -----
BL51 BANKED LINKER/LOCATER V6.22.4.0                                                  03/18/2025  09:10:53  PAGE 7


  +--> ?PR?SEND_KEY

?PR?TMR1_DISABLE?SEND_KEY                        -----    -----      -----    -----      -----    -----
  +--> ?PR?SEND_KEY

?PR?RF_SCAN?RF_SCAN                              -----    -----      -----    -----      -----    -----
  +--> ?PR?RF_SCAN
  +--> ?PR?RF_ADDR_ISMATCH?RF_LEARN
  +--> ?PR?_KEY_TO_FUNVAL?KEY_CONVERSION
  +--> ?PR?TMR3_ENABLE?TMR3
  +--> ?PR?TMR3_DISABLE?TMR3
  +--> ?PR?TMR4_ENABLE?TMR4
  +--> ?PR?_SEND_STATUS_KEYVAL?SEND_KEY
  +--> ?PR?_DELAY_MS?SYSTEM
  +--> ?PR?TMR4_DISABLE?TMR4

?PR?RF_ADDR_ISMATCH?RF_LEARN                     -----    -----      -----    -----      648CH    0001H
  +--> ?PR?RF_LEARN

?PR?_KEY_TO_FUNVAL?KEY_CONVERSION                -----    -----      -----    -----      648CH    0006H

?PR?TMR3_ENABLE?TMR3                             -----    -----      -----    -----      -----    -----
  +--> ?PR?TMR3

?PR?TMR3_DISABLE?TMR3                            -----    -----      -----    -----      -----    -----
  +--> ?PR?TMR3

*** NEW ROOT ***************************************************

?PR?TK_IRQHANDLER?TK_SET                         -----    -----      -----    -----      -----    -----
  +--> ?PR?__TK_HANDLER?TK_LIB

?PR?__TK_HANDLER?TK_LIB                          -----    -----      -----    -----      -----    -----
  +--> ?CO?TK_SET
  +--> ?PR?__TK_MODE_CONFIG?TK_LIB
  +--> ?PR?__TK_I_SOURCE_ADJUST?TK_LIB
  +--> ?PR?__TK_BASELINE_INIT?TK_LIB
  +--> ?PR?___TK_SET_NEXT_CH?TK_LIB

?PR?__TK_MODE_CONFIG?TK_LIB                      -----    -----      -----    -----      -----    -----
  +--> ?PR?___TK_SET_NEXT_CH?TK_LIB

?PR?__TK_I_SOURCE_ADJUST?TK_LIB                  -----    -----      -----    -----      64C3H    0001H
  +--> ?CO?TK_SET
  +--> ?PR?___TK_LIB_I_ADJUST?TK_LIB
  +--> ?PR?__TK_MODE_CONFIG?TK_LIB
  +--> ?PR?___TK_SET_NEXT_CH?TK_LIB

?PR?___TK_LIB_I_ADJUST?TK_LIB                    -----    -----      0021H    0008H      64C4H    0005H
  +--> ?CO?TK_SET

?PR?__TK_BASELINE_INIT?TK_LIB                    -----    -----      -----    -----      -----    -----
  +--> ?CO?TK_SET
  +--> ?PR?___TK_SET_NEXT_CH?TK_LIB

*** NEW ROOT ***************************************************

BL51 BANKED LINKER/LOCATER V6.22.4.0                                                  03/18/2025  09:10:53  PAGE 8


?PR?WUT_IRQHANDLER?TK_SET                        -----    -----      -----    -----      -----    -----
  +--> ?PR?__TK_MS_HANDLER?TK_LIB

?PR?__TK_MS_HANDLER?TK_LIB                       -----    -----      -----    -----      -----    -----
  +--> ?PR?__TK_LONG_KEY_CLEAR?TK_LIB

?PR?__TK_LONG_KEY_CLEAR?TK_LIB                   -----    -----      -----    -----      -----    -----
  +--> ?CO?TK_SET
  +--> ?PR?__TK_BASELINE_UPDATE?TK_LIB

*** NEW ROOT ***************************************************

?PR?P1_IRQHANDLER?RF_RECV                        -----    -----      -----    -----      64C9H    0001H
  +--> ?PR?RF_RECV



SYMBOL TABLE OF MODULE:  .\Release\Objects\Demo (?C_STARTUP)

  VALUE           TYPE          NAME
  ----------------------------------

  -------         MODULE        ?C_STARTUP
  C:201AH         SEGMENT       ?C_C51STARTUP
  I:0067H         SEGMENT       ?STACK
  C:0000H         PUBLIC        ?C_STARTUP
  D:00E0H         SYMBOL        ACC
  D:00F0H         SYMBOL        B
  D:0083H         SYMBOL        DPH
  D:0082H         SYMBOL        DPL
  N:0000H         SYMBOL        IBPSTACK
  N:0100H         SYMBOL        IBPSTACKTOP
  N:0080H         SYMBOL        IDATALEN
  C:201DH         SYMBOL        IDATALOOP
  N:0000H         SYMBOL        PBPSTACK
  N:0100H         SYMBOL        PBPSTACKTOP
  N:0000H         SYMBOL        PDATALEN
  N:0000H         SYMBOL        PDATASTART
  N:0000H         SYMBOL        PPAGE
  N:0000H         SYMBOL        PPAGEENABLE
  D:00A0H         SYMBOL        PPAGE_SFR
  D:0081H         SYMBOL        SP
  C:201AH         SYMBOL        STARTUP1
  N:0000H         SYMBOL        XBPSTACK
  N:0000H         SYMBOL        XBPSTACKTOP
  N:0700H         SYMBOL        XDATALEN
  C:2028H         SYMBOL        XDATALOOP
  N:6000H         SYMBOL        XDATASTART
  C:0000H         LINE#         135
  C:201AH         LINE#         142
  C:201CH         LINE#         143
  C:201DH         LINE#         144
  C:201EH         LINE#         145
  C:2020H         LINE#         149
  C:2023H         LINE#         150
  C:2025H         LINE#         154
  C:2027H         LINE#         156
BL51 BANKED LINKER/LOCATER V6.22.4.0                                                  03/18/2025  09:10:53  PAGE 9


  C:2028H         LINE#         157
  C:2029H         LINE#         158
  C:202AH         LINE#         159
  C:202CH         LINE#         160
  C:202EH         LINE#         194
  C:2031H         LINE#         205
  -------         ENDMOD        ?C_STARTUP

  -------         MODULE        SYSTEM
  C:0000H         SYMBOL        _ICE_DUMMY_
  D:00A7H         PUBLIC        FLASH_TIMEREG0
  C:2C50H         PUBLIC        _delay
  D:00ACH         PUBLIC        FLASH_TIMEREG1
  D:00D9H         PUBLIC        WDT_KEY
  C:1EA3H         PUBLIC        system_init
  C:0042H         PUBLIC        _delay_ms
  -------         PROC          _DELAY
  D:0006H         SYMBOL        cnt
  C:2C50H         LINE#         37
  C:2C50H         LINE#         38
  C:2C50H         LINE#         39
  C:2C5AH         LINE#         40
  C:2C5AH         LINE#         41
  C:2C5AH         LINE#         42
  -------         ENDPROC       _DELAY
  -------         PROC          _DELAY_MS
  D:0002H         SYMBOL        ms
  C:0042H         LINE#         49
  C:0046H         LINE#         50
  C:0046H         LINE#         51
  C:0050H         LINE#         52
  C:0050H         LINE#         53
  C:0053H         LINE#         55
  C:005AH         LINE#         56
  C:005CH         LINE#         57
  -------         ENDPROC       _DELAY_MS
  -------         PROC          SYSTEM_INIT
  -------         DO            
  D:0007H         SYMBOL        i
  -------         ENDDO         
  C:1EA3H         LINE#         64
  C:1EA3H         LINE#         65
  C:1EA3H         LINE#         68
  C:1EAAH         LINE#         69
  C:1EB7H         LINE#         70
  C:1EBAH         LINE#         73
  C:1EBDH         LINE#         74
  C:1EC3H         LINE#         75
  C:1EC9H         LINE#         76
  C:1ECFH         LINE#         77
  C:1ED5H         LINE#         78
  C:1EDCH         LINE#         82
  C:1EDEH         LINE#         83
  C:1EDEH         LINE#         84
  C:1EEBH         LINE#         85
  C:1EF0H         LINE#         87
  C:1F7EH         LINE#         88
BL51 BANKED LINKER/LOCATER V6.22.4.0                                                  03/18/2025  09:10:53  PAGE 10


  -------         ENDPROC       SYSTEM_INIT
  -------         ENDMOD        SYSTEM

  -------         MODULE        TK_DEBUG
  C:0000H         SYMBOL        _ICE_DUMMY_
  -------         ENDMOD        TK_DEBUG

  -------         MODULE        TK_SET
  C:0000H         SYMBOL        _ICE_DUMMY_
  C:2AA3H         PUBLIC        __tk_use_num
  C:2A9DH         PUBLIC        __tk_cs_en
  C:2AA1H         PUBLIC        __tk_nm_cm_value
  C:2A9FH         PUBLIC        __tk_nm_num
  C:27AAH         PUBLIC        WUT_IRQHandler
  X:6444H         PUBLIC        __tk_i_set
  C:2A9EH         PUBLIC        __tk_tp_en
  C:2A8EH         PUBLIC        __tk_adjust_line
  X:6450H         PUBLIC        __tk_confirm_cnt
  C:2A92H         PUBLIC        __tk_adjust_time
  C:2A9BH         PUBLIC        __tk_noise_value
  C:2A97H         PUBLIC        __tk_valid_time
  C:2A94H         PUBLIC        __tk_adjust_diff_valu
  C:2AA0H         PUBLIC        __tk_base_update_cnt
  X:6456H         PUBLIC        __tk_update_cnt
  C:27F0H         PUBLIC        TK_IRQHandler
  C:2BA2H         PUBLIC        tk_handle
  X:645CH         PUBLIC        __tk_leave_cnt
  D:00D9H         PUBLIC        WDT_KEY
  C:2AA4H         SYMBOL        TK_CH_EN_BUG
  D:00A8H         PUBLIC        IE0
  D:00A9H         PUBLIC        IE1
  D:00AAH         PUBLIC        IE2
  D:00ABH         PUBLIC        IE3
  C:2A96H         PUBLIC        __tk_adjust_en
  X:6462H         PUBLIC        __tk_ch_index
  D:00B8H         PUBLIC        IP0
  D:00B1H         PUBLIC        IP1
  D:00B2H         PUBLIC        IP2
  C:1A63H         PUBLIC        tk_gpio_config
  D:00B3H         PUBLIC        IP3
  D:00B4H         PUBLIC        IP4
  D:00B5H         PUBLIC        IP5
  D:00B6H         PUBLIC        IP6
  D:00B7H         PUBLIC        IP7
  X:6000H         PUBLIC        __tk_ch_data_0
  X:600CH         PUBLIC        __tk_ch_data_1
  X:6018H         PUBLIC        __tk_ch_data_2
  X:6030H         PUBLIC        __tk_ch_data_3
  X:603CH         PUBLIC        __tk_ch_data_4
  X:6468H         PUBLIC        __tk_ch_data_5
  X:6474H         PUBLIC        __tk_ch_data_6
  C:2147H         PUBLIC        tk_param_init
  C:2AA2H         PUBLIC        __tk_cm_valu
  C:2A99H         PUBLIC        __tk_long_key_time
  X:6480H         PUBLIC        __tk_ch_fth
  B:00A8H.7       PUBLIC        IE_EA
  C:2674H         PUBLIC        tk_init
BL51 BANKED LINKER/LOCATER V6.22.4.0                                                  03/18/2025  09:10:53  PAGE 11


  C:2B5AH         SYMBOL        Com0072
  C:2B5AH         SYMBOL        L?0115
  C:2B5AH         SYMBOL        L?0116
  C:2B5CH         SYMBOL        L?0117
  C:2B5FH         SYMBOL        L?0118
  C:2B68H         SYMBOL        L?0119
  C:2B6AH         SYMBOL        L?0120
  -------         PROC          COM0072
  -------         ENDPROC       COM0072
  -------         PROC          TK_GPIO_CONFIG
  -------         DO            
  D:0007H         SYMBOL        i
  -------         ENDDO         
  C:1A63H         LINE#         272
  C:1A63H         LINE#         273
  C:1A63H         LINE#         274
  C:1A65H         LINE#         276
  C:1A65H         LINE#         277
  C:1A65H         LINE#         279
  C:1A6DH         LINE#         280
  C:1A6DH         LINE#         281
  C:1A75H         LINE#         282
  C:1A75H         LINE#         283
  C:1A8AH         LINE#         284
  C:1A9AH         LINE#         285
  C:1A9DH         LINE#         287
  C:1A9DH         LINE#         288
  C:1AB2H         LINE#         289
  C:1AC2H         LINE#         290
  C:1AC2H         LINE#         291
  C:1AC5H         LINE#         292
  C:1AD5H         LINE#         293
  C:1AD5H         LINE#         294
  C:1ADDH         LINE#         295
  C:1ADDH         LINE#         296
  C:1AF4H         LINE#         297
  C:1B06H         LINE#         298
  C:1B09H         LINE#         300
  C:1B09H         LINE#         301
  C:1B20H         LINE#         302
  C:1B32H         LINE#         303
  C:1B32H         LINE#         304
  C:1B35H         LINE#         306
  C:1B35H         LINE#         307
  C:1B3DH         LINE#         308
  C:1B3DH         LINE#         309
  C:1B54H         LINE#         310
  C:1B66H         LINE#         311
  C:1B68H         LINE#         313
  C:1B68H         LINE#         314
  C:1B7FH         LINE#         315
  C:1B95H         LINE#         316
  C:1B95H         LINE#         317
  C:1B95H         LINE#         318
  C:1B9EH         LINE#         319
  -------         ENDPROC       TK_GPIO_CONFIG
  -------         PROC          TK_IRQHANDLER
BL51 BANKED LINKER/LOCATER V6.22.4.0                                                  03/18/2025  09:10:53  PAGE 12


  C:27F0H         LINE#         326
  C:280DH         LINE#         328
  C:280DH         LINE#         329
  C:2813H         LINE#         330
  C:2813H         LINE#         331
  C:2817H         LINE#         332
  C:281AH         LINE#         333
  C:281AH         LINE#         334
  C:281AH         LINE#         335
  -------         ENDPROC       TK_IRQHANDLER
  -------         PROC          TK_INIT
  C:2674H         LINE#         342
  C:2674H         LINE#         343
  C:2674H         LINE#         344
  C:2676H         LINE#         345
  C:2679H         LINE#         346
  C:267CH         LINE#         347
  C:2683H         LINE#         348
  C:2686H         LINE#         349
  C:268BH         LINE#         350
  C:268FH         LINE#         351
  C:2694H         LINE#         352
  C:2698H         LINE#         353
  C:269DH         LINE#         354
  C:26A1H         LINE#         355
  C:26A6H         LINE#         356
  C:26AAH         LINE#         357
  C:26ADH         LINE#         358
  C:26AFH         LINE#         359
  C:26B1H         LINE#         360
  C:26B6H         LINE#         361
  C:26BAH         LINE#         362
  C:26BEH         LINE#         363
  C:26C2H         LINE#         364
  -------         ENDPROC       TK_INIT
  -------         PROC          WUT_IRQHANDLER
  C:27AAH         LINE#         371
  C:27C7H         LINE#         374
  C:27C7H         LINE#         376
  C:27CEH         LINE#         377
  C:27CEH         LINE#         378
  C:27D2H         LINE#         379
  C:27D5H         LINE#         380
  C:27D5H         LINE#         383
  C:27D5H         LINE#         384
  -------         ENDPROC       WUT_IRQHANDLER
  -------         PROC          TK_PARAM_INIT
  -------         DO            
  D:0003H         SYMBOL        i
  -------         ENDDO         
  C:2147H         LINE#         413
  C:2147H         LINE#         414
  C:2147H         LINE#         415
  C:2149H         LINE#         418
  C:2149H         LINE#         419
  C:2149H         LINE#         420
  C:2167H         LINE#         421
BL51 BANKED LINKER/LOCATER V6.22.4.0                                                  03/18/2025  09:10:53  PAGE 13


  C:218DH         LINE#         422
  C:219FH         LINE#         423
  C:21C7H         LINE#         424
  C:21D0H         LINE#         427
  C:21D3H         LINE#         430
  C:21D6H         LINE#         433
  -------         ENDPROC       TK_PARAM_INIT
  -------         PROC          TK_HANDLE
  C:2BA2H         LINE#         444
  C:2BA2H         LINE#         445
  C:2BA2H         LINE#         449
  C:2BA5H         LINE#         458
  C:2BA8H         LINE#         461
  C:2BABH         LINE#         468
  C:2BABH         LINE#         469
  C:2BABH         LINE#         471
  C:2BAEH         LINE#         474
  C:2BB1H         LINE#         476
  C:2BB4H         LINE#         514
  C:2BB7H         LINE#         515
  -------         ENDPROC       TK_HANDLE
  -------         ENDMOD        TK_SET

  -------         MODULE        MAIN
  C:0000H         SYMBOL        _ICE_DUMMY_
  C:2BFBH         PUBLIC        main
  D:00D9H         PUBLIC        WDT_KEY
  -------         PROC          MAIN
  C:2BFBH         LINE#         37
  C:2BFBH         LINE#         38
  C:2BFBH         LINE#         40
  C:2BFEH         LINE#         41
  C:2C01H         LINE#         42
  C:2C08H         LINE#         43
  C:2C0BH         LINE#         46
  -------         ENDPROC       MAIN
  -------         ENDMOD        MAIN

  -------         MODULE        TK_USER
  C:0000H         SYMBOL        _ICE_DUMMY_
  C:0060H         PUBLIC        user_handle
  X:64D3H         PUBLIC        led_data
  D:00D9H         PUBLIC        WDT_KEY
  C:2BE6H         PUBLIC        user_init
  X:64D5H         PUBLIC        display_data
  C:2835H         SYMBOL        Com007F
  C:2835H         SYMBOL        L?0128
  C:2835H         SYMBOL        L?0129
  C:2837H         SYMBOL        L?0130
  C:2838H         SYMBOL        L?0131
  C:2839H         SYMBOL        L?0132
  C:283BH         SYMBOL        L?0133
  C:283EH         SYMBOL        L?0134
  C:2845H         SYMBOL        L?0138
  C:2845H         SYMBOL        L?0139
  C:285EH         SYMBOL        L?0142
  C:285FH         SYMBOL        L?0143
BL51 BANKED LINKER/LOCATER V6.22.4.0                                                  03/18/2025  09:10:53  PAGE 14


  C:2861H         SYMBOL        L?0144
  C:2868H         SYMBOL        L?0146
  C:2868H         SYMBOL        L?0147
  C:2872H         SYMBOL        L?0149
  C:2872H         SYMBOL        L?0150
  -------         PROC          COM007F
  -------         ENDPROC       COM007F
  -------         PROC          USER_INIT
  C:2BE6H         LINE#         162
  C:2BE6H         LINE#         163
  C:2BE6H         LINE#         166
  C:2BE9H         LINE#         170
  C:2BECH         LINE#         171
  C:2BEFH         LINE#         173
  C:2BF2H         LINE#         176
  C:2BF5H         LINE#         177
  C:2BF8H         LINE#         178
  -------         ENDPROC       USER_INIT
  C:04E6H         SYMBOL        L?0125
  C:0528H         SYMBOL        L?0126
  C:056AH         SYMBOL        L?0135
  C:0583H         SYMBOL        L?0136
  C:05B5H         SYMBOL        L?0137
  C:05CEH         SYMBOL        L?0140
  C:05E3H         SYMBOL        L?0141
  C:05F8H         SYMBOL        L?0145
  C:0611H         SYMBOL        L?0148
  -------         PROC          USER_HANDLE
  -------         DO            
  X:648CH         SYMBOL        KeyOnOutput
  X:64CAH         SYMBOL        KeyOld
  X:64CEH         SYMBOL        long_touch_flag
  X:64CFH         SYMBOL        cnt
  X:6490H         SYMBOL        i
  X:6494H         SYMBOL        send_data
  -------         ENDDO         
  C:0060H         LINE#         537
  C:0060H         LINE#         538
  C:0060H         LINE#         539
  C:006EH         LINE#         549
  C:0078H         LINE#         551
  C:007FH         LINE#         553
  C:00A5H         LINE#         554
  C:00A5H         LINE#         556
  C:00BFH         LINE#         557
  C:00BFH         LINE#         560
  C:00C6H         LINE#         561
  C:00C9H         LINE#         563
  C:00D6H         LINE#         564
  C:00D6H         LINE#         566
  C:00EFH         LINE#         567
  C:00EFH         LINE#         569
  C:00EFH         LINE#         572
  C:00EFH         LINE#         573
  C:00EFH         LINE#         574
  C:00FBH         LINE#         575
  C:00FBH         LINE#         576
BL51 BANKED LINKER/LOCATER V6.22.4.0                                                  03/18/2025  09:10:53  PAGE 15


  C:0101H         LINE#         577
  C:0103H         LINE#         578
  C:0103H         LINE#         579
  C:0108H         LINE#         581
  C:0114H         LINE#         582
  C:0114H         LINE#         583
  C:011AH         LINE#         584
  C:011DH         LINE#         586
  C:011DH         LINE#         588
  C:0127H         LINE#         591
  C:012FH         LINE#         592
  C:012FH         LINE#         594
  C:0141H         LINE#         595
  C:0141H         LINE#         596
  C:0141H         LINE#         597
  C:0141H         LINE#         598
  C:0144H         LINE#         600
  C:014CH         LINE#         601
  C:014CH         LINE#         604
  C:0153H         LINE#         605
  C:0153H         LINE#         606
  C:0153H         LINE#         607
  C:0153H         LINE#         608
  C:0156H         LINE#         609
  C:0158H         LINE#         611
  C:015DH         LINE#         617
  C:015DH         LINE#         618
  C:0163H         LINE#         621
  C:0165H         LINE#         625
  C:0168H         LINE#         626
  C:016DH         LINE#         627
  C:016DH         LINE#         629
  C:017FH         LINE#         630
  C:017FH         LINE#         631
  C:017FH         LINE#         632
  C:017FH         LINE#         633
  C:0182H         LINE#         635
  C:0187H         LINE#         636
  C:0187H         LINE#         639
  C:018EH         LINE#         640
  C:018EH         LINE#         641
  C:018EH         LINE#         642
  C:018EH         LINE#         643
  C:0191H         LINE#         644
  C:0193H         LINE#         646
  C:0198H         LINE#         651
  C:0198H         LINE#         652
  C:019EH         LINE#         655
  C:01A0H         LINE#         659
  C:01A3H         LINE#         660
  C:01AAH         LINE#         661
  C:01AAH         LINE#         663
  C:01BCH         LINE#         664
  C:01BCH         LINE#         665
  C:01BCH         LINE#         666
  C:01BCH         LINE#         667
  C:01BFH         LINE#         669
BL51 BANKED LINKER/LOCATER V6.22.4.0                                                  03/18/2025  09:10:53  PAGE 16


  C:01C7H         LINE#         670
  C:01C7H         LINE#         673
  C:01CEH         LINE#         674
  C:01CEH         LINE#         675
  C:01CEH         LINE#         676
  C:01CEH         LINE#         677
  C:01D1H         LINE#         678
  C:01D3H         LINE#         680
  C:01D8H         LINE#         685
  C:01D8H         LINE#         686
  C:01DEH         LINE#         689
  C:01E0H         LINE#         693
  C:01E3H         LINE#         694
  C:01EBH         LINE#         695
  C:01EBH         LINE#         697
  C:01FDH         LINE#         698
  C:01FDH         LINE#         699
  C:01FDH         LINE#         700
  C:01FDH         LINE#         701
  C:0200H         LINE#         703
  C:0208H         LINE#         704
  C:0208H         LINE#         707
  C:020FH         LINE#         708
  C:020FH         LINE#         709
  C:020FH         LINE#         710
  C:020FH         LINE#         711
  C:0212H         LINE#         712
  C:0214H         LINE#         714
  C:0219H         LINE#         719
  C:0219H         LINE#         720
  C:021FH         LINE#         723
  C:0221H         LINE#         727
  C:0224H         LINE#         728
  C:022DH         LINE#         729
  C:022DH         LINE#         731
  C:023FH         LINE#         732
  C:023FH         LINE#         733
  C:023FH         LINE#         734
  C:023FH         LINE#         735
  C:0242H         LINE#         737
  C:024BH         LINE#         738
  C:024BH         LINE#         741
  C:0252H         LINE#         742
  C:0252H         LINE#         743
  C:0252H         LINE#         744
  C:0252H         LINE#         745
  C:0255H         LINE#         746
  C:0257H         LINE#         748
  C:025CH         LINE#         753
  C:025CH         LINE#         754
  C:0262H         LINE#         757
  C:0264H         LINE#         761
  C:0267H         LINE#         762
  C:0270H         LINE#         763
  C:0270H         LINE#         765
  C:0282H         LINE#         766
  C:0282H         LINE#         767
BL51 BANKED LINKER/LOCATER V6.22.4.0                                                  03/18/2025  09:10:53  PAGE 17


  C:0282H         LINE#         768
  C:0282H         LINE#         769
  C:0285H         LINE#         771
  C:028EH         LINE#         772
  C:028EH         LINE#         775
  C:0295H         LINE#         776
  C:0295H         LINE#         777
  C:0295H         LINE#         778
  C:0295H         LINE#         779
  C:0298H         LINE#         780
  C:029AH         LINE#         782
  C:02A1H         LINE#         787
  C:02A1H         LINE#         788
  C:02A7H         LINE#         791
  C:02AEH         LINE#         795
  C:02AEH         LINE#         796
  C:02AEH         LINE#         797
  C:02AEH         LINE#         799
  C:02C2H         LINE#         800
  C:02C2H         LINE#         801
  C:02CEH         LINE#         805
  C:02D6H         LINE#         806
  C:02D6H         LINE#         808
  C:02E9H         LINE#         809
  C:02E9H         LINE#         810
  C:02EDH         LINE#         814
  C:02EFH         LINE#         817
  C:02F9H         LINE#         818
  C:02F9H         LINE#         819
  C:02F9H         LINE#         820
  C:02F9H         LINE#         821
  C:02F9H         LINE#         822
  C:02F9H         LINE#         824
  C:02FEH         LINE#         825
  C:02FEH         LINE#         826
  C:0308H         LINE#         827
  C:030FH         LINE#         831
  C:030FH         LINE#         832
  C:0311H         LINE#         833
  C:0311H         LINE#         834
  C:0316H         LINE#         835
  C:0316H         LINE#         837
  C:0329H         LINE#         838
  C:0329H         LINE#         839
  C:032DH         LINE#         843
  C:032FH         LINE#         846
  C:0339H         LINE#         847
  C:0339H         LINE#         848
  C:0339H         LINE#         849
  C:0339H         LINE#         850
  C:0339H         LINE#         851
  C:0339H         LINE#         853
  C:033EH         LINE#         854
  C:033EH         LINE#         855
  C:0348H         LINE#         856
  C:034FH         LINE#         860
  C:034FH         LINE#         861
BL51 BANKED LINKER/LOCATER V6.22.4.0                                                  03/18/2025  09:10:53  PAGE 18


  C:0351H         LINE#         865
  C:0351H         LINE#         866
  C:0359H         LINE#         867
  C:0359H         LINE#         869
  C:036CH         LINE#         870
  C:036CH         LINE#         873
  C:0370H         LINE#         877
  C:0372H         LINE#         880
  C:037CH         LINE#         881
  C:037CH         LINE#         882
  C:037CH         LINE#         883
  C:037CH         LINE#         884
  C:037CH         LINE#         885
  C:037CH         LINE#         887
  C:0381H         LINE#         888
  C:0381H         LINE#         889
  C:038BH         LINE#         890
  C:0392H         LINE#         894
  C:0392H         LINE#         895
  C:0394H         LINE#         899
  C:0394H         LINE#         900
  C:039CH         LINE#         901
  C:039CH         LINE#         903
  C:03AFH         LINE#         904
  C:03AFH         LINE#         907
  C:03B3H         LINE#         911
  C:03B5H         LINE#         914
  C:03BFH         LINE#         915
  C:03BFH         LINE#         916
  C:03BFH         LINE#         917
  C:03BFH         LINE#         918
  C:03BFH         LINE#         919
  C:03BFH         LINE#         921
  C:03C4H         LINE#         922
  C:03C4H         LINE#         923
  C:03CEH         LINE#         924
  C:03D5H         LINE#         928
  C:03D5H         LINE#         929
  C:03D7H         LINE#         933
  C:03D7H         LINE#         934
  C:03E0H         LINE#         935
  C:03E0H         LINE#         937
  C:03F3H         LINE#         938
  C:03F3H         LINE#         941
  C:03F7H         LINE#         945
  C:03F9H         LINE#         948
  C:0403H         LINE#         949
  C:0403H         LINE#         950
  C:0403H         LINE#         951
  C:0403H         LINE#         952
  C:0403H         LINE#         953
  C:0406H         LINE#         955
  C:0411H         LINE#         956
  C:0411H         LINE#         957
  C:041BH         LINE#         958
  C:0422H         LINE#         962
  C:0422H         LINE#         963
BL51 BANKED LINKER/LOCATER V6.22.4.0                                                  03/18/2025  09:10:53  PAGE 19


  C:0424H         LINE#         967
  C:0424H         LINE#         969
  C:0430H         LINE#         970
  C:0430H         LINE#         972
  C:0443H         LINE#         973
  C:0443H         LINE#         976
  C:0447H         LINE#         980
  C:0449H         LINE#         983
  C:0453H         LINE#         984
  C:0453H         LINE#         985
  C:0453H         LINE#         986
  C:0453H         LINE#         987
  C:0453H         LINE#         988
  C:0456H         LINE#         990
  C:0461H         LINE#         991
  C:0461H         LINE#         992
  C:046BH         LINE#         993
  C:0472H         LINE#         997
  C:0472H         LINE#         998
  C:0474H         LINE#         1002
  C:0474H         LINE#         1003
  C:0474H         LINE#         1004
  C:0482H         LINE#         1005
  C:0482H         LINE#         1007
  C:04B3H         LINE#         1008
  C:04B3H         LINE#         1009
  C:04B3H         LINE#         1010
  C:04B5H         LINE#         1014
  C:04B7H         LINE#         1016
  C:04B7H         LINE#         1017
  C:04B9H         LINE#         1021
  C:04BBH         LINE#         1023
  C:04BBH         LINE#         1024
  C:04BDH         LINE#         1028
  C:04BFH         LINE#         1030
  C:04BFH         LINE#         1031
  C:04C1H         LINE#         1035
  C:04C3H         LINE#         1037
  C:04C3H         LINE#         1038
  C:04C5H         LINE#         1042
  C:04C7H         LINE#         1044
  C:04C7H         LINE#         1045
  C:04CEH         LINE#         1049
  C:04CEH         LINE#         1050
  C:04CEH         LINE#         1052
  C:04D3H         LINE#         1053
  C:04DBH         LINE#         1054
  C:04E5H         LINE#         1055
  C:04E5H         LINE#         1069
  -------         ENDPROC       USER_HANDLE
  -------         ENDMOD        TK_USER

  -------         MODULE        MY_GPIO
  C:0000H         SYMBOL        _ICE_DUMMY_
  B:0080H.1       PUBLIC        P01
  B:0090H.1       PUBLIC        P11
  B:0090H.2       PUBLIC        P12
BL51 BANKED LINKER/LOCATER V6.22.4.0                                                  03/18/2025  09:10:53  PAGE 20


  B:00A0H.6       PUBLIC        P26
  C:2B20H         PUBLIC        p01_output_config
  C:2B03H         PUBLIC        p12_output_config
  C:2B3DH         PUBLIC        p26_output_config
  C:002DH         PUBLIC        output_pin_init
  -------         PROC          OUTPUT_PIN_INIT
  C:002DH         LINE#         6
  C:002DH         LINE#         7
  C:002DH         LINE#         8
  C:0033H         LINE#         9
  C:0037H         LINE#         11
  C:003CH         LINE#         14
  C:003EH         LINE#         15
  -------         ENDPROC       OUTPUT_PIN_INIT
  -------         PROC          P12_OUTPUT_CONFIG
  C:2B03H         LINE#         20
  C:2B03H         LINE#         21
  C:2B03H         LINE#         22
  C:2B09H         LINE#         23
  C:2B0DH         LINE#         25
  C:2B12H         LINE#         27
  C:2B18H         LINE#         28
  C:2B1DH         LINE#         32
  C:2B1FH         LINE#         33
  -------         ENDPROC       P12_OUTPUT_CONFIG
  -------         PROC          P01_OUTPUT_CONFIG
  C:2B20H         LINE#         40
  C:2B20H         LINE#         41
  C:2B20H         LINE#         42
  C:2B26H         LINE#         43
  C:2B2AH         LINE#         45
  C:2B2FH         LINE#         47
  C:2B35H         LINE#         48
  C:2B3AH         LINE#         52
  C:2B3CH         LINE#         53
  -------         ENDPROC       P01_OUTPUT_CONFIG
  -------         PROC          P26_OUTPUT_CONFIG
  C:2B3DH         LINE#         59
  C:2B3DH         LINE#         60
  C:2B3DH         LINE#         61
  C:2B43H         LINE#         62
  C:2B47H         LINE#         64
  C:2B4CH         LINE#         66
  C:2B52H         LINE#         67
  C:2B57H         LINE#         71
  C:2B59H         LINE#         72
  -------         ENDPROC       P26_OUTPUT_CONFIG
  -------         ENDMOD        MY_GPIO

  -------         MODULE        SEND_KEY
  C:0000H         SYMBOL        _ICE_DUMMY_
  C:1DB3H         PUBLIC        TIMR1_IRQHandler
  X:64E1H         PUBLIC        send_keyval_flag
  C:25D0H         PUBLIC        _send_keyval
  C:2BB9H         PUBLIC        _send_status_keyval
  B:00B0H.1       PUBLIC        P31
  C:29ACH         PUBLIC        send_keyval_timer_init
BL51 BANKED LINKER/LOCATER V6.22.4.0                                                  03/18/2025  09:10:53  PAGE 21


  D:00D9H         PUBLIC        WDT_KEY
  D:00A8H         PUBLIC        IE0
  C:2C30H         PUBLIC        tmr1_disable
  D:00A9H         PUBLIC        IE1
  D:00AAH         PUBLIC        IE2
  D:00ABH         PUBLIC        IE3
  D:00B8H         PUBLIC        IP0
  D:00B1H         PUBLIC        IP1
  D:00B2H         PUBLIC        IP2
  D:00B3H         PUBLIC        IP3
  D:00B4H         PUBLIC        IP4
  D:00B5H         PUBLIC        IP5
  D:00B6H         PUBLIC        IP6
  D:00B7H         PUBLIC        IP7
  C:2C5BH         PUBLIC        tmr1_enable
  C:2B72H         PUBLIC        send_keyval_pin_init
  X:64E2H         SYMBOL        key_val
  C:2C95H         SYMBOL        Com0068
  C:2C95H         SYMBOL        L?0105
  C:2C95H         SYMBOL        L?0106
  -------         PROC          COM0068
  -------         ENDPROC       COM0068
  -------         PROC          SEND_KEYVAL_PIN_INIT
  C:2B72H         LINE#         11
  C:2B72H         LINE#         12
  C:2B72H         LINE#         29
  C:2B78H         LINE#         30
  C:2B7CH         LINE#         32
  C:2B82H         LINE#         34
  C:2B87H         LINE#         37
  C:2B89H         LINE#         40
  -------         ENDPROC       SEND_KEYVAL_PIN_INIT
  -------         PROC          SEND_KEYVAL_TIMER_INIT
  C:29ACH         LINE#         44
  C:29ACH         LINE#         45
  C:29ACH         LINE#         47
  C:29B2H         LINE#         49
  C:29B8H         LINE#         50
  C:29BCH         LINE#         51
  C:29C0H         LINE#         52
  C:29C4H         LINE#         54
  C:29C9H         LINE#         55
  C:29CDH         LINE#         58
  C:29D2H         LINE#         59
  C:29D6H         LINE#         62
  C:29DAH         LINE#         63
  C:29DCH         LINE#         65
  C:29DCH         LINE#         67
  C:29E2H         LINE#         70
  C:29E5H         LINE#         73
  -------         ENDPROC       SEND_KEYVAL_TIMER_INIT
  -------         PROC          TMR1_ENABLE
  C:2C5BH         LINE#         76
  C:2C5BH         LINE#         77
  C:2C5BH         LINE#         79
  C:2C5BH         LINE#         80
  C:2C61H         LINE#         82
BL51 BANKED LINKER/LOCATER V6.22.4.0                                                  03/18/2025  09:10:53  PAGE 22


  C:2C64H         LINE#         83
  -------         ENDPROC       TMR1_ENABLE
  -------         PROC          TMR1_DISABLE
  C:2C30H         LINE#         86
  C:2C30H         LINE#         87
  C:2C30H         LINE#         89
  C:2C30H         LINE#         90
  C:2C36H         LINE#         93
  C:2C3AH         LINE#         94
  C:2C3CH         LINE#         96
  C:2C3FH         LINE#         97
  -------         ENDPROC       TMR1_DISABLE
  -------         PROC          TIMR1_IRQHANDLER
  -------         DO            
  X:64DEH         SYMBOL        cur_period
  X:64DFH         SYMBOL        cur_bit
  X:64E0H         SYMBOL        last_period
  -------         ENDDO         
  C:1DB3H         LINE#         100
  C:1DC4H         LINE#         112
  C:1DC4H         LINE#         116
  C:1DCDH         LINE#         117
  C:1DCDH         LINE#         118
  C:1DD1H         LINE#         122
  C:1DDCH         LINE#         123
  C:1DDCH         LINE#         127
  C:1E03H         LINE#         128
  C:1E03H         LINE#         132
  C:1E14H         LINE#         133
  C:1E14H         LINE#         134
  C:1E14H         LINE#         135
  C:1E16H         LINE#         136
  C:1E18H         LINE#         138
  C:1E18H         LINE#         139
  C:1E1AH         LINE#         140
  C:1E1CH         LINE#         142
  C:1E1CH         LINE#         143
  C:1E1EH         LINE#         144
  C:1E20H         LINE#         146
  C:1E20H         LINE#         147
  C:1E22H         LINE#         148
  C:1E24H         LINE#         149
  C:1E24H         LINE#         150
  C:1E24H         LINE#         152
  C:1E24H         LINE#         156
  C:1E35H         LINE#         157
  C:1E35H         LINE#         158
  C:1E35H         LINE#         159
  C:1E37H         LINE#         160
  C:1E39H         LINE#         162
  C:1E39H         LINE#         163
  C:1E3BH         LINE#         164
  C:1E3DH         LINE#         166
  C:1E3DH         LINE#         167
  C:1E3FH         LINE#         168
  C:1E41H         LINE#         170
  C:1E41H         LINE#         171
BL51 BANKED LINKER/LOCATER V6.22.4.0                                                  03/18/2025  09:10:53  PAGE 23


  C:1E43H         LINE#         172
  C:1E43H         LINE#         173
  C:1E43H         LINE#         174
  C:1E43H         LINE#         177
  C:1E49H         LINE#         178
  C:1E4FH         LINE#         179
  C:1E4FH         LINE#         181
  C:1E53H         LINE#         183
  C:1E58H         LINE#         184
  C:1E58H         LINE#         186
  C:1E65H         LINE#         187
  C:1E65H         LINE#         189
  C:1E67H         LINE#         190
  C:1E6DH         LINE#         191
  C:1E73H         LINE#         192
  C:1E75H         LINE#         193
  C:1E83H         LINE#         194
  C:1E83H         LINE#         196
  C:1E88H         LINE#         197
  C:1E8CH         LINE#         198
  C:1E90H         LINE#         200
  C:1E92H         LINE#         201
  C:1E94H         LINE#         202
  C:1E94H         LINE#         203
  C:1E94H         LINE#         204
  C:1E94H         LINE#         207
  C:1E94H         LINE#         208
  -------         ENDPROC       TIMR1_IRQHANDLER
  -------         PROC          _SEND_KEYVAL
  D:0006H         SYMBOL        send_data
  C:25D0H         LINE#         211
  C:25D0H         LINE#         212
  C:25D0H         LINE#         213
  C:25D8H         LINE#         216
  C:25DAH         LINE#         219
  C:25DDH         LINE#         220
  C:25EFH         LINE#         221
  C:25EFH         LINE#         222
  C:25F2H         LINE#         223
  C:25F4H         LINE#         224
  C:25F7H         LINE#         225
  C:25FCH         LINE#         226
  C:2606H         LINE#         228
  C:2609H         LINE#         229
  C:260FH         LINE#         230
  C:2615H         LINE#         231
  C:2615H         LINE#         232
  C:2618H         LINE#         233
  C:261AH         LINE#         234
  C:261DH         LINE#         236
  -------         ENDPROC       _SEND_KEYVAL
  -------         PROC          _SEND_STATUS_KEYVAL
  D:0007H         SYMBOL        status
  D:0001H         SYMBOL        key
  -------         DO            
  D:0004H         SYMBOL        send_data
  -------         ENDDO         
BL51 BANKED LINKER/LOCATER V6.22.4.0                                                  03/18/2025  09:10:53  PAGE 24


  C:2BB9H         LINE#         253
  C:2BBBH         LINE#         254
  C:2BBBH         LINE#         255
  C:2BBBH         LINE#         262
  C:2BC1H         LINE#         263
  C:2BC6H         LINE#         264
  C:2BCBH         LINE#         265
  -------         ENDPROC       _SEND_STATUS_KEYVAL
  -------         ENDMOD        SEND_KEY

  -------         MODULE        FLASH
  C:0000H         SYMBOL        _ICE_DUMMY_
  C:2A20H         PUBLIC        _flash_read
  C:2970H         PUBLIC        _flash_write
  D:00A4H         PUBLIC        FLASH_CON
  B:0090H.2       PUBLIC        P12
  C:2879H         PUBLIC        flash_test
  D:00A5H         PUBLIC        FLASH_STA
  D:00D9H         PUBLIC        WDT_KEY
  D:00AEH         PUBLIC        FLASH_PASSWORD
  D:00A6H         PUBLIC        FLASH_DATA
  D:00AFH         PUBLIC        FLASH_ADDR
  C:2BD0H         PUBLIC        _flash_erase_sector
  -------         PROC          _FLASH_ERASE_SECTOR
  D:0007H         SYMBOL        addr
  C:2BD0H         LINE#         11
  C:2BD0H         LINE#         12
  C:2BD0H         LINE#         13
  C:2BD3H         LINE#         14
  C:2BD5H         LINE#         15
  C:2BD8H         LINE#         16
  C:2BDBH         LINE#         18
  C:2BE0H         LINE#         19
  C:2BE0H         LINE#         20
  C:2BE3H         LINE#         21
  C:2BE5H         LINE#         22
  -------         ENDPROC       _FLASH_ERASE_SECTOR
  -------         PROC          _FLASH_WRITE
  D:0007H         SYMBOL        addr
  X:64A1H         SYMBOL        p_data
  X:64A4H         SYMBOL        len
  C:2970H         LINE#         31
  C:2976H         LINE#         32
  C:2976H         LINE#         33
  C:2979H         LINE#         34
  C:297BH         LINE#         36
  C:2984H         LINE#         37
  C:2984H         LINE#         38
  C:2989H         LINE#         39
  C:2989H         LINE#         40
  C:298CH         LINE#         41
  C:298EH         LINE#         42
  C:299DH         LINE#         43
  C:29A0H         LINE#         44
  C:29A3H         LINE#         46
  C:29A9H         LINE#         47
  C:29ABH         LINE#         48
BL51 BANKED LINKER/LOCATER V6.22.4.0                                                  03/18/2025  09:10:53  PAGE 25


  -------         ENDPROC       _FLASH_WRITE
  -------         PROC          _FLASH_READ
  D:0007H         SYMBOL        addr
  X:64A1H         SYMBOL        p_data
  X:64A4H         SYMBOL        len
  C:2A20H         LINE#         57
  C:2A26H         LINE#         58
  C:2A26H         LINE#         59
  C:2A2CH         LINE#         60
  C:2A2CH         LINE#         61
  C:2A4BH         LINE#         62
  C:2A51H         LINE#         63
  C:2A54H         LINE#         64
  C:2A56H         LINE#         65
  -------         ENDPROC       _FLASH_READ
  -------         PROC          FLASH_TEST
  -------         DO            
  X:64E9H         SYMBOL        device_addr
  X:64EBH         SYMBOL        buf
  -------         ENDDO         
  C:2879H         LINE#         69
  C:2879H         LINE#         70
  C:2879H         LINE#         71
  C:2883H         LINE#         72
  C:2888H         LINE#         74
  C:288CH         LINE#         76
  C:289BH         LINE#         78
  C:28AAH         LINE#         80
  C:28B6H         LINE#         81
  C:28B6H         LINE#         82
  C:28B8H         LINE#         83
  C:28B8H         LINE#         84
  -------         ENDPROC       FLASH_TEST
  -------         ENDMOD        FLASH

  -------         MODULE        RF_LEARN
  C:0000H         SYMBOL        _ICE_DUMMY_
  C:2A57H         PUBLIC        rf_addr_isMatch
  X:6024H         PUBLIC        addr_info
  D:00D9H         PUBLIC        WDT_KEY
  C:29E6H         PUBLIC        show_addr_info_save_by_nums
  C:0965H         PUBLIC        rf_learn
  C:1CACH         SYMBOL        Com0032
  C:1CACH         SYMBOL        L?0051
  C:1CE5H         SYMBOL        L?0052
  C:1CEDH         SYMBOL        L?0053
  C:1CF1H         SYMBOL        L?0054
  C:1CF8H         SYMBOL        L?0055
  C:1CF8H         SYMBOL        L?0056
  C:1CFBH         SYMBOL        L?0057
  C:1D14H         SYMBOL        L?0058
  C:1D14H         SYMBOL        L?0059
  C:1D1DH         SYMBOL        L?0060
  C:1D2DH         SYMBOL        L?0061
  C:1D2DH         SYMBOL        L?0062
  C:1D30H         SYMBOL        L?0063
  C:1D36H         SYMBOL        L?0064
BL51 BANKED LINKER/LOCATER V6.22.4.0                                                  03/18/2025  09:10:53  PAGE 26


  C:1D3DH         SYMBOL        L?0065
  C:1D3DH         SYMBOL        L?0066
  C:1D40H         SYMBOL        L?0067
  C:1D4EH         SYMBOL        L?0068
  C:1D4EH         SYMBOL        L?0069
  C:1D51H         SYMBOL        L?0070
  C:1D5FH         SYMBOL        L?0071
  C:1D68H         SYMBOL        L?0072
  C:1D78H         SYMBOL        L?0073
  C:1D78H         SYMBOL        L?0074
  C:1D85H         SYMBOL        L?0075
  C:1D88H         SYMBOL        L?0076
  C:1D90H         SYMBOL        L?0077
  C:1D90H         SYMBOL        L?0078
  C:1D96H         SYMBOL        L?0079
  C:1DA2H         SYMBOL        L?0080
  C:1DA2H         SYMBOL        L?0081
  C:1DA9H         SYMBOL        L?0082
  -------         PROC          COM0032
  -------         ENDPROC       COM0032
  -------         PROC          RF_LEARN
  -------         DO            
  X:648CH         SYMBOL        appear_themost_ele
  X:6490H         SYMBOL        i
  X:6494H         SYMBOL        j
  B:0020H.2       SYMBOL        isSpare
  X:6498H         SYMBOL        temp
  X:649CH         SYMBOL        the_oldest_index
  -------         ENDDO         
  C:0965H         LINE#         18
  C:0965H         LINE#         19
  C:0965H         LINE#         20
  C:096FH         LINE#         22
  C:0979H         LINE#         23
  C:0983H         LINE#         25
  C:0985H         LINE#         27
  C:098FH         LINE#         28
  C:0999H         LINE#         31
  C:099CH         LINE#         33
  C:09A4H         LINE#         34
  C:09A4H         LINE#         35
  C:09A7H         LINE#         36
  C:09AAH         LINE#         37
  C:09ACH         LINE#         40
  C:09AFH         LINE#         41
  C:09B4H         LINE#         42
  C:09BEH         LINE#         45
  C:09C7H         LINE#         48
  C:09D0H         LINE#         49
  C:09D0H         LINE#         50
  C:09D2H         LINE#         52
  C:09F9H         LINE#         55
  C:0A0BH         LINE#         56
  C:0A0BH         LINE#         58
  C:0A0BH         LINE#         65
  C:0A20H         LINE#         66
  C:0A20H         LINE#         67
BL51 BANKED LINKER/LOCATER V6.22.4.0                                                  03/18/2025  09:10:53  PAGE 27


  C:0A47H         LINE#         68
  C:0A47H         LINE#         84
  C:0A47H         LINE#         85
  C:0A47H         LINE#         87
  C:0A4CH         LINE#         88
  C:0A4CH         LINE#         90
  C:0A52H         LINE#         91
  C:0A54H         LINE#         92
  C:0A61H         LINE#         93
  C:0A61H         LINE#         95
  C:0A66H         LINE#         96
  C:0A66H         LINE#         99
  C:0A75H         LINE#         100
  C:0A75H         LINE#         101
  C:0A8AH         LINE#         102
  C:0A8AH         LINE#         103
  C:0A90H         LINE#         104
  C:0A90H         LINE#         105
  C:0A95H         LINE#         108
  C:0A95H         LINE#         109
  C:0A98H         LINE#         113
  C:0A98H         LINE#         114
  C:0AA4H         LINE#         118
  C:0AB9H         LINE#         119
  C:0AB9H         LINE#         120
  C:0ACFH         LINE#         121
  C:0ACFH         LINE#         123
  C:0ACFH         LINE#         124
  C:0ACFH         LINE#         126
  C:0AD4H         LINE#         127
  C:0AD4H         LINE#         129
  C:0ADAH         LINE#         130
  C:0ADCH         LINE#         131
  C:0AE4H         LINE#         132
  C:0AE4H         LINE#         134
  C:0AE9H         LINE#         135
  C:0AE9H         LINE#         138
  C:0AF8H         LINE#         139
  C:0AF8H         LINE#         140
  C:0B0DH         LINE#         141
  C:0B0DH         LINE#         142
  C:0B13H         LINE#         143
  C:0B13H         LINE#         144
  C:0B18H         LINE#         146
  C:0B1AH         LINE#         147
  C:0B1CH         LINE#         148
  C:0B1CH         LINE#         149
  C:0B22H         LINE#         152
  C:0B28H         LINE#         153
  C:0B28H         LINE#         155
  C:0B3DH         LINE#         156
  C:0B3DH         LINE#         157
  C:0B4BH         LINE#         158
  C:0B4BH         LINE#         159
  C:0B57H         LINE#         160
  C:0B60H         LINE#         161
  C:0B60H         LINE#         162
BL51 BANKED LINKER/LOCATER V6.22.4.0                                                  03/18/2025  09:10:53  PAGE 28


  C:0B65H         LINE#         164
  C:0B84H         LINE#         165
  C:0B8CH         LINE#         167
  C:0B91H         LINE#         168
  C:0B91H         LINE#         170
  C:0B9AH         LINE#         171
  C:0B9CH         LINE#         172
  C:0BA4H         LINE#         173
  C:0BA4H         LINE#         175
  C:0BACH         LINE#         176
  C:0BACH         LINE#         179
  C:0BBBH         LINE#         180
  C:0BBBH         LINE#         181
  C:0BD3H         LINE#         182
  C:0BD3H         LINE#         183
  C:0BD9H         LINE#         184
  C:0BD9H         LINE#         185
  C:0BDEH         LINE#         186
  C:0BDEH         LINE#         189
  C:0BE3H         LINE#         190
  C:0BECH         LINE#         191
  C:0BECH         LINE#         192
  -------         ENDPROC       RF_LEARN
  -------         PROC          RF_ADDR_ISMATCH
  -------         DO            
  X:648CH         SYMBOL        i
  -------         ENDDO         
  C:2A57H         LINE#         197
  C:2A57H         LINE#         198
  C:2A57H         LINE#         199
  C:2A5CH         LINE#         200
  C:2A67H         LINE#         201
  C:2A67H         LINE#         202
  C:2A80H         LINE#         203
  C:2A80H         LINE#         204
  C:2A83H         LINE#         205
  C:2A83H         LINE#         206
  C:2A8BH         LINE#         208
  C:2A8DH         LINE#         209
  -------         ENDPROC       RF_ADDR_ISMATCH
  -------         PROC          SHOW_ADDR_INFO_SAVE_BY_NUMS
  -------         DO            
  X:64EDH         SYMBOL        i
  -------         ENDDO         
  C:29E6H         LINE#         212
  C:29E6H         LINE#         213
  C:29E6H         LINE#         216
  C:29FBH         LINE#         217
  C:29FBH         LINE#         218
  C:2A08H         LINE#         219
  C:2A11H         LINE#         220
  C:2A1FH         LINE#         221
  -------         ENDPROC       SHOW_ADDR_INFO_SAVE_BY_NUMS
  -------         ENDMOD        RF_LEARN

  -------         MODULE        RF_RECV
  C:0000H         SYMBOL        _ICE_DUMMY_
BL51 BANKED LINKER/LOCATER V6.22.4.0                                                  03/18/2025  09:10:53  PAGE 29


  C:26C3H         PUBLIC        TIMR0_IRQHandler
  C:17B2H         PUBLIC        P1_IRQHandler
  C:275FH         PUBLIC        rf_recv_databuf
  X:63DEH         SYMBOL        tmr0_cnt
  X:63E2H         SYMBOL        high_level_time
  B:0090H.3       PUBLIC        P13
  C:2C40H         PUBLIC        tmr0_disable
  D:00A8H         PUBLIC        IE0
  D:00A9H         PUBLIC        IE1
  D:00AAH         PUBLIC        IE2
  D:00ABH         PUBLIC        IE3
  C:2576H         PUBLIC        rfin_init
  D:00B8H         PUBLIC        IP0
  D:00B1H         PUBLIC        IP1
  D:00B2H         PUBLIC        IP2
  D:00B3H         PUBLIC        IP3
  D:00B4H         PUBLIC        IP4
  D:00B5H         PUBLIC        IP5
  X:63E6H         PUBLIC        rf_data_buf_overflow
  D:00B6H         PUBLIC        IP6
  X:63E7H         SYMBOL        recv_bit_flag
  C:2C65H         PUBLIC        tmr0_enable
  D:00B7H         PUBLIC        IP7
  X:63E9H         PUBLIC        rf_data
  X:63EDH         SYMBOL        low_level_time
  C:190EH         PUBLIC        _appear_themost
  X:63F1H         PUBLIC        recv_rf_flag
  C:2ABCH         PUBLIC        rf_recv
  X:63F3H         SYMBOL        rf_data_buf_index
  X:63F4H         PUBLIC        rf_data_buf
  B:00A8H.7       PUBLIC        IE_EA
  C:244DH         SYMBOL        Com00E9
  C:244DH         SYMBOL        L?0234
  C:244EH         SYMBOL        L?0235
  C:2451H         SYMBOL        L?0236
  C:2454H         SYMBOL        L?0237
  C:245BH         SYMBOL        L?0238
  C:245CH         SYMBOL        L?0239
  C:245FH         SYMBOL        L?0240
  C:2462H         SYMBOL        L?0241
  C:2469H         SYMBOL        L?0242
  C:2474H         SYMBOL        L?0243
  C:247BH         SYMBOL        L?0244
  C:248DH         SYMBOL        L?0245
  C:248DH         SYMBOL        L?0246
  C:2493H         SYMBOL        L?0247
  C:24A2H         SYMBOL        L?0248
  C:24A2H         SYMBOL        L?0249
  C:24AAH         SYMBOL        L?0250
  C:24AAH         SYMBOL        L?0251
  -------         PROC          COM00E9
  -------         ENDPROC       COM00E9
  -------         PROC          RFIN_INIT
  C:2576H         LINE#         43
  C:2576H         LINE#         44
  C:2576H         LINE#         64
  C:257CH         LINE#         66
BL51 BANKED LINKER/LOCATER V6.22.4.0                                                  03/18/2025  09:10:53  PAGE 30


  C:2581H         LINE#         68
  C:2587H         LINE#         69
  C:258AH         LINE#         70
  C:258CH         LINE#         71
  C:2592H         LINE#         72
  C:2598H         LINE#         78
  C:259EH         LINE#         80
  C:25A4H         LINE#         84
  C:25A8H         LINE#         85
  C:25ACH         LINE#         86
  C:25B0H         LINE#         88
  C:25B5H         LINE#         89
  C:25B9H         LINE#         92
  C:25BEH         LINE#         93
  C:25C1H         LINE#         96
  C:25C4H         LINE#         97
  C:25C6H         LINE#         99
  C:25C6H         LINE#         100
  C:25CCH         LINE#         103
  C:25CFH         LINE#         104
  -------         ENDPROC       RFIN_INIT
  -------         PROC          TIMR0_IRQHANDLER
  C:26C3H         LINE#         107
  C:26DAH         LINE#         110
  C:26DAH         LINE#         115
  C:26E0H         LINE#         116
  C:26E0H         LINE#         117
  C:26E4H         LINE#         119
  C:26FDH         LINE#         122
  C:26FDH         LINE#         125
  C:26FDH         LINE#         126
  -------         ENDPROC       TIMR0_IRQHANDLER
  -------         PROC          TMR0_ENABLE
  C:2C65H         LINE#         129
  C:2C65H         LINE#         130
  C:2C65H         LINE#         132
  C:2C65H         LINE#         133
  C:2C6BH         LINE#         135
  C:2C6EH         LINE#         136
  -------         ENDPROC       TMR0_ENABLE
  -------         PROC          TMR0_DISABLE
  C:2C40H         LINE#         139
  C:2C40H         LINE#         140
  C:2C40H         LINE#         142
  C:2C40H         LINE#         143
  C:2C46H         LINE#         146
  C:2C4AH         LINE#         147
  C:2C4CH         LINE#         149
  C:2C4FH         LINE#         150
  -------         ENDPROC       TMR0_DISABLE
  -------         PROC          P1_IRQHANDLER
  -------         DO            
  X:64C9H         SYMBOL        p1_pnd
  X:63DCH         SYMBOL        i
  -------         ENDDO         
  C:17B2H         LINE#         256
  C:17CFH         LINE#         259
BL51 BANKED LINKER/LOCATER V6.22.4.0                                                  03/18/2025  09:10:53  PAGE 31


  C:17D6H         LINE#         264
  C:17D6H         LINE#         265
  C:17D9H         LINE#         269
  C:17E0H         LINE#         270
  C:17E0H         LINE#         274
  C:17E6H         LINE#         275
  C:17E6H         LINE#         277
  C:17EFH         LINE#         278
  C:17F9H         LINE#         282
  C:1801H         LINE#         283
  C:1803H         LINE#         285
  C:1803H         LINE#         288
  C:180CH         LINE#         289
  C:1816H         LINE#         290
  C:1816H         LINE#         293
  C:1823H         LINE#         294
  C:1823H         LINE#         296
  C:182AH         LINE#         298
  C:1834H         LINE#         299
  C:1834H         LINE#         301
  C:1834H         LINE#         302
  C:1834H         LINE#         303
  C:1837H         LINE#         306
  C:185BH         LINE#         307
  C:185BH         LINE#         309
  C:1861H         LINE#         310
  C:1864H         LINE#         311
  C:1870H         LINE#         312
  C:1870H         LINE#         313
  C:1870H         LINE#         314
  C:1870H         LINE#         315
  C:1872H         LINE#         316
  C:1893H         LINE#         317
  C:1893H         LINE#         319
  C:1899H         LINE#         320
  C:189CH         LINE#         321
  C:18A8H         LINE#         322
  C:18A8H         LINE#         323
  C:18B6H         LINE#         324
  C:18B6H         LINE#         325
  C:18B8H         LINE#         327
  C:18B8H         LINE#         329
  C:18C2H         LINE#         330
  C:18C9H         LINE#         333
  C:18C9H         LINE#         335
  C:18DAH         LINE#         336
  C:18DAH         LINE#         338
  C:18E2H         LINE#         339
  C:18E9H         LINE#         340
  C:18E9H         LINE#         341
  C:18E9H         LINE#         342
  C:18E9H         LINE#         344
  C:18F0H         LINE#         347
  C:18F3H         LINE#         349
  C:18F3H         LINE#         350
  -------         ENDPROC       P1_IRQHANDLER
  -------         PROC          _APPEAR_THEMOST
BL51 BANKED LINKER/LOCATER V6.22.4.0                                                  03/18/2025  09:10:53  PAGE 32


  X:64A0H         SYMBOL        arr
  X:64A3H         SYMBOL        arr_len
  X:64A7H         SYMBOL        element
  X:64AAH         SYMBOL        index
  -------         DO            
  X:64ADH         SYMBOL        themost
  X:64B1H         SYMBOL        themost_index
  X:64B3H         SYMBOL        themost_cnt
  X:64B7H         SYMBOL        cur_element
  X:64BBH         SYMBOL        cur_element_cnt
  X:64BFH         SYMBOL        i
  X:64C1H         SYMBOL        j
  -------         ENDDO         
  C:190EH         LINE#         358
  C:191AH         LINE#         359
  C:191AH         LINE#         360
  C:1924H         LINE#         361
  C:192CH         LINE#         362
  C:1934H         LINE#         364
  C:193EH         LINE#         365
  C:1948H         LINE#         367
  C:194FH         LINE#         368
  C:1953H         LINE#         371
  C:195EH         LINE#         372
  C:195EH         LINE#         374
  C:195EH         LINE#         376
  C:1973H         LINE#         377
  C:1973H         LINE#         378
  C:1989H         LINE#         379
  C:1993H         LINE#         380
  C:19A5H         LINE#         381
  C:19A5H         LINE#         382
  C:19BDH         LINE#         383
  C:19BDH         LINE#         385
  C:19D6H         LINE#         386
  C:19D6H         LINE#         387
  C:19DEH         LINE#         392
  C:19FAH         LINE#         393
  C:19FAH         LINE#         394
  C:1A06H         LINE#         395
  C:1A12H         LINE#         396
  C:1A26H         LINE#         397
  C:1A26H         LINE#         398
  C:1A2FH         LINE#         401
  C:1A37H         LINE#         402
  C:1A37H         LINE#         403
  C:1A46H         LINE#         404
  C:1A46H         LINE#         406
  C:1A4EH         LINE#         407
  C:1A4EH         LINE#         408
  C:1A62H         LINE#         409
  C:1A62H         LINE#         413
  -------         ENDPROC       _APPEAR_THEMOST
  -------         PROC          RF_RECV_DATABUF
  -------         DO            
  X:64A0H         SYMBOL        index
  -------         ENDDO         
BL51 BANKED LINKER/LOCATER V6.22.4.0                                                  03/18/2025  09:10:53  PAGE 33


  C:275FH         LINE#         416
  C:275FH         LINE#         417
  C:275FH         LINE#         419
  C:2769H         LINE#         422
  C:2773H         LINE#         423
  C:2773H         LINE#         425
  C:277AH         LINE#         430
  C:277DH         LINE#         432
  C:2798H         LINE#         439
  C:279BH         LINE#         441
  C:279BH         LINE#         443
  C:27A2H         LINE#         444
  C:27A2H         LINE#         446
  C:27A4H         LINE#         447
  C:27A9H         LINE#         475
  C:27A9H         LINE#         476
  -------         ENDPROC       RF_RECV_DATABUF
  -------         PROC          RF_RECV
  -------         DO            
  X:64F9H         SYMBOL        i
  X:64FBH         SYMBOL        isMatch
  -------         ENDDO         
  C:2ABCH         LINE#         480
  C:2ABCH         LINE#         481
  C:2ABCH         LINE#         482
  C:2AC3H         LINE#         483
  C:2AC5H         LINE#         495
  C:2ACFH         LINE#         496
  C:2ACFH         LINE#         498
  C:2AD6H         LINE#         500
  C:2AD9H         LINE#         501
  C:2ADFH         LINE#         580
  C:2AE2H         LINE#         581
  C:2AE2H         LINE#         582
  -------         ENDPROC       RF_RECV
  -------         ENDMOD        RF_RECV

  -------         MODULE        TMR3
  C:0000H         SYMBOL        _ICE_DUMMY_
  C:2624H         PUBLIC        TIMR3_IRQHandler
  X:64F1H         PUBLIC        tmr3_cnt
  D:00A8H         PUBLIC        IE0
  D:00A9H         PUBLIC        IE1
  D:00AAH         PUBLIC        IE2
  C:2C0EH         PUBLIC        tmr3_disable
  D:00ABH         PUBLIC        IE3
  D:00B8H         PUBLIC        IP0
  D:00B1H         PUBLIC        IP1
  D:00B2H         PUBLIC        IP2
  D:00B3H         PUBLIC        IP3
  D:00B4H         PUBLIC        IP4
  D:00B5H         PUBLIC        IP5
  D:00B6H         PUBLIC        IP6
  D:00B7H         PUBLIC        IP7
  C:2C6FH         PUBLIC        tmr3_enable
  C:28B9H         PUBLIC        tmr3_config
  C:2C83H         SYMBOL        Com004E
BL51 BANKED LINKER/LOCATER V6.22.4.0                                                  03/18/2025  09:10:53  PAGE 34


  C:2C83H         SYMBOL        L?0079
  C:2C83H         SYMBOL        L?0080
  -------         PROC          COM004E
  -------         ENDPROC       COM004E
  -------         PROC          TMR3_CONFIG
  C:28B9H         LINE#         13
  C:28B9H         LINE#         14
  C:28B9H         LINE#         16
  C:28BFH         LINE#         18
  C:28C6H         LINE#         21
  C:28CAH         LINE#         22
  C:28CEH         LINE#         23
  C:28D2H         LINE#         25
  C:28D7H         LINE#         26
  C:28DBH         LINE#         28
  C:28DEH         LINE#         31
[...]
  D:0008H         PUBLIC        MUL_RES_1
  D:000CH         PUBLIC        MUL_RES_2
  D:0065H         PUBLIC        __tk_lib_normal_cnt
  D:0010H         PUBLIC        MUL_RES_3
  C:2514H         SYMBOL        __tk_i_source_adjust
  D:0054H         PUBLIC        __tk_lib_data_temp
  D:008AH         PUBLIC        MDU_ADR0
  C:1F7FH         PUBLIC        __tk_lib_init
  D:008BH         PUBLIC        MDU_ADR1
  X:63D9H         PUBLIC        __tk_p_data_process
  D:008CH         PUBLIC        MDU_ADR2
  B:0088H.0       PUBLIC        MDU_EN
  B:0020H.1       PUBLIC        __tk_long_key_flag
  D:0088H         PUBLIC        MDU_CTL0
  D:0089H         PUBLIC        MDU_CTL1
  D:0062H         PUBLIC        __tk_ms_flag
  C:20B4H         SYMBOL        __tk_baseline_init
  C:12B4H         SYMBOL        __tk_button_decide
  C:23D8H         PUBLIC        __tk_handler
  C:146DH         SYMBOL        ___tk_lib_i_adjust
  D:0063H         PUBLIC        __tk_cm_cnt
  -------         PROC          __TK_MODE_CONFIG
  C:2933H         LINE#         262
  C:2933H         LINE#         263
  C:2933H         LINE#         264
  C:2936H         LINE#         265
  C:2945H         LINE#         266
  C:294BH         LINE#         267
  C:294FH         LINE#         268
  C:2953H         LINE#         269
  C:2957H         LINE#         270
BL51 BANKED LINKER/LOCATER V6.22.4.0                                                  03/18/2025  09:10:53  PAGE 43


  C:295BH         LINE#         272
  C:296BH         LINE#         273
  -------         ENDPROC       __TK_MODE_CONFIG
  -------         PROC          ___TK_MODE_CARRY_FUNC
  X:6496H         SYMBOL        ch_index
  C:0BEDH         LINE#         283
  C:0BF2H         LINE#         284
  C:0BF2H         LINE#         285
  C:0C00H         LINE#         286
  C:0C0CH         LINE#         288
  C:0C1FH         LINE#         289
  C:0C2FH         LINE#         291
  C:0C3AH         LINE#         292
  C:0C63H         LINE#         293
  C:0C94H         LINE#         294
  C:0CD4H         LINE#         295
  C:0D04H         LINE#         296
  C:0D2AH         LINE#         297
  C:0D46H         LINE#         299
  C:0D61H         LINE#         300
  C:0D78H         LINE#         301
  C:0D85H         LINE#         302
  C:0D85H         LINE#         304
  C:0D9DH         LINE#         305
  C:0DAEH         LINE#         306
  C:0DB1H         LINE#         307
  C:0DB9H         LINE#         308
  C:0DCDH         LINE#         309
  C:0DE0H         LINE#         310
  C:0DE5H         LINE#         311
  C:0DE8H         LINE#         312
  C:0DEBH         LINE#         313
  C:0DEEH         LINE#         314
  C:0DEEH         LINE#         315
  C:0DEFH         LINE#         321
  C:0DF2H         LINE#         322
  C:0E1FH         LINE#         323
  C:0E3EH         LINE#         324
  C:0E3EH         LINE#         325
  C:0E3EH         LINE#         326
  -------         ENDPROC       ___TK_MODE_CARRY_FUNC
  -------         PROC          __TK_DATA_PROCESS
  C:0626H         LINE#         333
  C:0626H         LINE#         334
  C:0626H         LINE#         335
  C:0638H         LINE#         338
  C:0651H         LINE#         339
  C:0654H         LINE#         341
  C:066AH         LINE#         342
  C:066DH         LINE#         347
  C:069FH         LINE#         348
  C:06ACH         LINE#         349
  C:06AFH         LINE#         350
  C:06B2H         LINE#         351
  C:06B2H         LINE#         352
  C:06B4H         LINE#         353
  C:06B7H         LINE#         354
BL51 BANKED LINKER/LOCATER V6.22.4.0                                                  03/18/2025  09:10:53  PAGE 44


  C:06B7H         LINE#         356
  C:06BCH         LINE#         357
  C:06CDH         LINE#         358
  C:06DEH         LINE#         359
  C:06E1H         LINE#         363
  C:06F7H         LINE#         364
  C:06FAH         LINE#         365
  C:070AH         LINE#         366
  C:072AH         LINE#         369
  C:0741H         LINE#         370
  C:0744H         LINE#         371
  C:0754H         LINE#         372
  C:0774H         LINE#         377
  C:0774H         LINE#         378
  C:0792H         LINE#         380
  C:07CCH         LINE#         381
  C:07CCH         LINE#         382
  C:07CCH         LINE#         383
  C:0803H         LINE#         384
  C:0811H         LINE#         385
  C:0829H         LINE#         386
  C:0836H         LINE#         387
  C:085AH         LINE#         388
  C:087EH         LINE#         389
  C:087EH         LINE#         390
  C:0880H         LINE#         391
  C:088DH         LINE#         392
  C:088DH         LINE#         397
  C:08AFH         LINE#         398
  C:08B2H         LINE#         399
  C:08C2H         LINE#         401
  C:08DAH         LINE#         402
  C:08DDH         LINE#         404
  C:08F4H         LINE#         405
  C:08F7H         LINE#         409
  C:0918H         LINE#         410
  C:091BH         LINE#         411
  C:092BH         LINE#         413
  C:0943H         LINE#         414
  C:0946H         LINE#         416
  C:095CH         LINE#         417
  C:095FH         LINE#         422
  C:0964H         LINE#         423
  -------         ENDPROC       __TK_DATA_PROCESS
  -------         PROC          __TK_BUTTON_DECIDE
  C:12B4H         LINE#         430
  C:12B4H         LINE#         431
  C:12B4H         LINE#         432
  C:12C6H         LINE#         433
  C:12E4H         LINE#         434
  C:1316H         LINE#         435
  C:1323H         LINE#         436
  C:1328H         LINE#         437
  C:139DH         LINE#         438
  C:139DH         LINE#         439
  C:13AAH         LINE#         440
  C:13B8H         LINE#         442
BL51 BANKED LINKER/LOCATER V6.22.4.0                                                  03/18/2025  09:10:53  PAGE 45


  C:13CCH         LINE#         443
  C:13D9H         LINE#         444
  C:1406H         LINE#         445
  C:142AH         LINE#         446
  C:1458H         LINE#         447
  C:1458H         LINE#         448
  C:145AH         LINE#         449
  C:1467H         LINE#         450
  C:1467H         LINE#         451
  C:146CH         LINE#         452
  -------         ENDPROC       __TK_BUTTON_DECIDE
  -------         PROC          __TK_BASELINE_UPDATE
  C:22DCH         LINE#         459
  C:22DCH         LINE#         460
  C:22DCH         LINE#         461
  C:22EBH         LINE#         462
  C:22FCH         LINE#         463
  C:230DH         LINE#         464
  C:2331H         LINE#         465
  C:2355H         LINE#         466
  C:2359H         LINE#         467
  -------         ENDPROC       __TK_BASELINE_UPDATE
  -------         PROC          __TK_BASELINE_INIT
  -------         DO            
  X:6048H         SYMBOL        init_flag
  -------         ENDDO         
  C:20B4H         LINE#         474
  C:20B4H         LINE#         475
  C:20B4H         LINE#         478
  C:20C3H         LINE#         479
  C:20D3H         LINE#         480
  C:20DCH         LINE#         481
  C:2101H         LINE#         482
  C:2101H         LINE#         483
  C:2126H         LINE#         484
  C:2126H         LINE#         485
  C:212AH         LINE#         487
  C:2137H         LINE#         488
  C:213AH         LINE#         489
  C:213CH         LINE#         490
  C:2142H         LINE#         491
  C:2142H         LINE#         493
  -------         ENDPROC       __TK_BASELINE_INIT
  -------         PROC          __TK_LONG_KEY_CLEAR
  -------         DO            
  X:6049H         SYMBOL        __tk_long_cnt
  -------         ENDDO         
  C:235AH         LINE#         501
  C:235AH         LINE#         502
  C:235AH         LINE#         505
  C:236DH         LINE#         506
  C:237BH         LINE#         507
  C:2395H         LINE#         508
  C:2399H         LINE#         509
  C:23A1H         LINE#         510
  C:23A9H         LINE#         511
  C:23B1H         LINE#         512
BL51 BANKED LINKER/LOCATER V6.22.4.0                                                  03/18/2025  09:10:53  PAGE 46


  C:23B3H         LINE#         513
  C:23B6H         LINE#         514
  C:23CDH         LINE#         515
  C:23CFH         LINE#         516
  C:23CFH         LINE#         517
  C:23D0H         LINE#         518
  C:23D7H         LINE#         519
  C:23D7H         LINE#         520
  -------         ENDPROC       __TK_LONG_KEY_CLEAR
  -------         PROC          ___TK_LIB_I_ADJUST
  X:64C4H         SYMBOL        i_ch
  X:64C5H         SYMBOL        adjust_line
  -------         DO            
  X:604BH         SYMBOL        sta_finish
  X:604CH         SYMBOL        n_sta
  X:604DH         SYMBOL        p_sta
  X:604EH         SYMBOL        min_iset
  X:604FH         SYMBOL        min_diff
  D:0021H         SYMBOL        diff
  D:0025H         SYMBOL        temp
  -------         ENDDO         
  C:146DH         LINE#         528
  C:1472H         LINE#         529
  C:1472H         LINE#         537
  C:1485H         LINE#         538
  C:148AH         LINE#         539
  C:148EH         LINE#         540
  C:1497H         LINE#         541
  C:149AH         LINE#         542
  C:149DH         LINE#         545
  C:14DAH         LINE#         546
  C:1505H         LINE#         547
  C:151BH         LINE#         548
  C:151BH         LINE#         550
  C:1532H         LINE#         551
  C:1548H         LINE#         552
  C:154BH         LINE#         553
  C:154DH         LINE#         555
  C:1560H         LINE#         557
  C:157CH         LINE#         558
  C:158FH         LINE#         559
  C:1592H         LINE#         560
  C:1592H         LINE#         561
  C:1594H         LINE#         563
  C:15B0H         LINE#         564
  C:15C3H         LINE#         565
  C:15C9H         LINE#         566
  C:15C9H         LINE#         567
  C:15C9H         LINE#         568
  C:15C9H         LINE#         569
  C:15D7H         LINE#         570
  C:15DBH         LINE#         571
  C:15DDH         LINE#         572
  C:15E2H         LINE#         573
  C:15E2H         LINE#         575
  C:15EAH         LINE#         576
  C:1603H         LINE#         577
BL51 BANKED LINKER/LOCATER V6.22.4.0                                                  03/18/2025  09:10:53  PAGE 47


  C:160BH         LINE#         578
  C:1611H         LINE#         579
  C:1616H         LINE#         580
  C:1618H         LINE#         581
  C:161CH         LINE#         582
  C:161FH         LINE#         583
  C:161FH         LINE#         585
  C:1621H         LINE#         586
  -------         ENDPROC       ___TK_LIB_I_ADJUST
  -------         PROC          __TK_I_SOURCE_ADJUST
  -------         DO            
  X:64C3H         SYMBOL        result
  -------         ENDDO         
  C:2514H         LINE#         593
  C:2514H         LINE#         594
  C:2514H         LINE#         595
  C:2519H         LINE#         597
  C:2532H         LINE#         598
  C:2534H         LINE#         600
  C:2539H         LINE#         601
  C:253CH         LINE#         602
  C:2542H         LINE#         603
  C:2542H         LINE#         605
  C:254EH         LINE#         606
  C:2551H         LINE#         607
  C:2554H         LINE#         608
  C:2554H         LINE#         609
  C:2554H         LINE#         611
  C:256BH         LINE#         612
  C:256DH         LINE#         613
  C:2570H         LINE#         614
  C:2570H         LINE#         615
  C:2575H         LINE#         616
  C:2575H         LINE#         617
  -------         ENDPROC       __TK_I_SOURCE_ADJUST
  -------         PROC          ___TK_SET_NEXT_CH
  D:0007H         SYMBOL        kick_type
  C:21D9H         LINE#         625
  C:21D9H         LINE#         626
  C:21D9H         LINE#         627
  C:21DCH         LINE#         629
  C:21FAH         LINE#         630
  C:2200H         LINE#         631
  C:2204H         LINE#         632
  C:2208H         LINE#         633
  C:220CH         LINE#         634
  C:2210H         LINE#         636
  C:222AH         LINE#         638
  C:223AH         LINE#         639
  C:223AH         LINE#         640
  C:223CH         LINE#         642
  C:2256H         LINE#         643
  C:225CH         LINE#         644
  C:225CH         LINE#         645
  -------         ENDPROC       ___TK_SET_NEXT_CH
  -------         PROC          __TK_LIB_INIT
  -------         DO            
BL51 BANKED LINKER/LOCATER V6.22.4.0                                                  03/18/2025  09:10:53  PAGE 48


  X:648CH         SYMBOL        i
  -------         ENDDO         
  C:1F7FH         LINE#         652
  C:1F7FH         LINE#         653
  C:1F7FH         LINE#         655
  C:1FC7H         LINE#         656
  C:1FD5H         LINE#         658
  C:1FD8H         LINE#         659
  C:1FE0H         LINE#         660
  C:1FE2H         LINE#         661
  C:1FE4H         LINE#         662
  C:1FECH         LINE#         663
  C:1FF4H         LINE#         664
  C:1FFCH         LINE#         665
  C:2012H         LINE#         666
  C:2015H         LINE#         667
  -------         ENDPROC       __TK_LIB_INIT
  -------         PROC          __TK_HANDLER
  C:23D8H         LINE#         675
  C:23D8H         LINE#         676
  C:23D8H         LINE#         677
  C:23DDH         LINE#         678
  C:23E1H         LINE#         679
  C:2408H         LINE#         682
  C:240BH         LINE#         683
  C:2412H         LINE#         684
  C:2414H         LINE#         685
  C:2417H         LINE#         686
  C:2417H         LINE#         687
  C:241AH         LINE#         688
  C:241AH         LINE#         689
  C:241AH         LINE#         690
  C:241CH         LINE#         691
  C:2428H         LINE#         692
  C:2438H         LINE#         693
  C:243BH         LINE#         694
  C:2440H         LINE#         696
  C:2443H         LINE#         697
  C:2443H         LINE#         699
  C:2446H         LINE#         700
  C:2446H         LINE#         701
  C:2447H         LINE#         702
  C:244CH         LINE#         703
  C:244CH         LINE#         704
  C:244CH         LINE#         705
  -------         ENDPROC       __TK_HANDLER
  -------         PROC          __TK_MS_HANDLER
  C:000FH         LINE#         712
  C:000FH         LINE#         713
  C:000FH         LINE#         714
  C:0011H         LINE#         716
  -------         ENDPROC       __TK_MS_HANDLER
  -------         PROC          __TK_SCAN
  C:2AE3H         LINE#         724
  C:2AE3H         LINE#         725
  C:2AE3H         LINE#         727
  C:2AE8H         LINE#         730
BL51 BANKED LINKER/LOCATER V6.22.4.0                                                  03/18/2025  09:10:53  PAGE 49


  C:2AF4H         LINE#         735
  C:2AF7H         LINE#         739
  C:2AFAH         LINE#         740
  C:2AFFH         LINE#         741
  C:2B02H         LINE#         742
  C:2B02H         LINE#         743
  -------         ENDPROC       __TK_SCAN
  -------         ENDMOD        TK_LIB

  -------         MODULE        ?C?CLDPTR
  C:1084H         PUBLIC        ?C?CLDPTR
  -------         ENDMOD        ?C?CLDPTR

  -------         MODULE        ?C?CSTPTR
  C:109DH         PUBLIC        ?C?CSTPTR
  -------         ENDMOD        ?C?CSTPTR

  -------         MODULE        ?C?IILDX
  C:10AFH         PUBLIC        ?C?IILDX
  -------         ENDMOD        ?C?IILDX

  -------         MODULE        ?C?LADD
  C:10C5H         PUBLIC        ?C?LADD
  -------         ENDMOD        ?C?LADD

  -------         MODULE        ?C?LNOT
  C:10D2H         PUBLIC        ?C?LNOT
  -------         ENDMOD        ?C?LNOT

  -------         MODULE        ?C?LNEG
  C:10DFH         PUBLIC        ?C?LNEG
  -------         ENDMOD        ?C?LNEG

  -------         MODULE        ?C?SLCMP
  C:10EDH         PUBLIC        ?C?SLCMP
  -------         ENDMOD        ?C?SLCMP

  -------         MODULE        ?C?ULCMP
  C:1103H         PUBLIC        ?C?ULCMP
  -------         ENDMOD        ?C?ULCMP

  -------         MODULE        ?C?ULSHR
  C:1114H         PUBLIC        ?C?ULSHR
  -------         ENDMOD        ?C?ULSHR

  -------         MODULE        ?C?LSHL
  C:1127H         PUBLIC        ?C?LSHL
  -------         ENDMOD        ?C?LSHL

  -------         MODULE        ?C?LLDOPTR
  C:113AH         PUBLIC        ?C?LLDOPTR
  -------         ENDMOD        ?C?LLDOPTR

  -------         MODULE        ?C?LSTPTR
  C:116AH         PUBLIC        ?C?LSTPTR
  -------         ENDMOD        ?C?LSTPTR

BL51 BANKED LINKER/LOCATER V6.22.4.0                                                  03/18/2025  09:10:53  PAGE 50


  -------         MODULE        ?C?LLDXDATA
  C:1184H         PUBLIC        ?C?LLDXDATA
  -------         ENDMOD        ?C?LLDXDATA

  -------         MODULE        ?C?LLDCODE
  C:1190H         PUBLIC        ?C?LLDCODE
  -------         ENDMOD        ?C?LLDCODE

  -------         MODULE        ?C?LLDXDATA0
  C:11A0H         PUBLIC        ?C?LLDXDATA0
  -------         ENDMOD        ?C?LLDXDATA0

  -------         MODULE        ?C?LSTXDATA
  C:11ACH         PUBLIC        ?C?LSTXDATA
  -------         ENDMOD        ?C?LSTXDATA

  -------         MODULE        ?C?LSTKXDATA
  C:11B8H         PUBLIC        ?C?LSTKXDATA
  -------         ENDMOD        ?C?LSTKXDATA

  -------         MODULE        ?C?OFFXADD
  C:11E9H         PUBLIC        ?C?OFFXADD
  -------         ENDMOD        ?C?OFFXADD

  -------         MODULE        ?C?PLDXDATA
  C:11F5H         PUBLIC        ?C?PLDXDATA
  -------         ENDMOD        ?C?PLDXDATA

  -------         MODULE        ?C?PLDIXDATA
  C:11FEH         PUBLIC        ?C?PLDIXDATA
  -------         ENDMOD        ?C?PLDIXDATA

  -------         MODULE        ?C?PSTXDATA
  C:1215H         PUBLIC        ?C?PSTXDATA
  -------         ENDMOD        ?C?PSTXDATA

  -------         MODULE        ?C?CCASE
  C:121EH         PUBLIC        ?C?CCASE
  -------         ENDMOD        ?C?CCASE

  -------         MODULE        ?C?LCASE
  C:1244H         PUBLIC        ?C?LCASE
  -------         ENDMOD        ?C?LCASE

  -------         MODULE        ?C?ICALL
  C:127EH         PUBLIC        ?C?ICALL
  C:1282H         PUBLIC        ?C?ICALL2
  -------         ENDMOD        ?C?ICALL

  -------         MODULE        ?C?LLDIDATA
  C:1284H         PUBLIC        ?C?LLDIDATA
  -------         ENDMOD        ?C?LLDIDATA

  -------         MODULE        ?C?LLDPDATA
  C:1290H         PUBLIC        ?C?LLDPDATA
  -------         ENDMOD        ?C?LLDPDATA

BL51 BANKED LINKER/LOCATER V6.22.4.0                                                  03/18/2025  09:10:53  PAGE 51


  -------         MODULE        ?C?LSTIDATA
  C:129CH         PUBLIC        ?C?LSTIDATA
  -------         ENDMOD        ?C?LSTIDATA

  -------         MODULE        ?C?LSTPDATA
  C:12A8H         PUBLIC        ?C?LSTPDATA
  -------         ENDMOD        ?C?LSTPDATA

*** WARNING L16: UNCALLED SEGMENT, IGNORED FOR OVERLAY PROCESS
    SEGMENT: ?PR?OUTPUT_PIN_INIT?MY_GPIO

*** WARNING L16: UNCALLED SEGMENT, IGNORED FOR OVERLAY PROCESS
    SEGMENT: ?PR?P12_OUTPUT_CONFIG?MY_GPIO

*** WARNING L16: UNCALLED SEGMENT, IGNORED FOR OVERLAY PROCESS
    SEGMENT: ?PR?P01_OUTPUT_CONFIG?MY_GPIO

*** WARNING L16: UNCALLED SEGMENT, IGNORED FOR OVERLAY PROCESS
    SEGMENT: ?PR?P26_OUTPUT_CONFIG?MY_GPIO

*** WARNING L16: UNCALLED SEGMENT, IGNORED FOR OVERLAY PROCESS
    SEGMENT: ?PR?FLASH_TEST?FLASH

*** WARNING L16: UNCALLED SEGMENT, IGNORED FOR OVERLAY PROCESS
    SEGMENT: ?PR?SHOW_ADDR_INFO_SAVE_BY_NUMS?RF_LEARN

*** WARNING L16: UNCALLED SEGMENT, IGNORED FOR OVERLAY PROCESS
    SEGMENT: ?PR?TMR0_DISABLE?RF_RECV

*** WARNING L16: UNCALLED SEGMENT, IGNORED FOR OVERLAY PROCESS
    SEGMENT: ?PR?RF_RECV?RF_RECV

Program Size: data=70.3 xdata=1276 code=11425
LINK/LOCATE RUN COMPLETE.  8 WARNING(S),  0 ERROR(S)
